Archive member included to satisfy reference by file (symbol)

C:/MaximSDK/Libraries/PeriphDrivers/bin/MAX32665/softfp/libPeriphDriver_softfp.a(mxc_delay.o)
                              c:/Users/ptcha/OneDrive/Documents/GitHub/CodePlayGround/Hello_World/build/startup_max32665.o (SysTick_Handler)
C:/MaximSDK/Libraries/PeriphDrivers/bin/MAX32665/softfp/libPeriphDriver_softfp.a(sys_me14.o)
                              c:/Users/ptcha/OneDrive/Documents/GitHub/CodePlayGround/Hello_World/build/system_max32665.o (MXC_SYS_ClockEnable)
C:/MaximSDK/Libraries/PeriphDrivers/bin/MAX32665/softfp/libPeriphDriver_softfp.a(flc_me14.o)
                              C:/MaximSDK/Libraries/PeriphDrivers/bin/MAX32665/softfp/libPeriphDriver_softfp.a(sys_me14.o) (MXC_FLC_UnlockInfoBlock)
C:/MaximSDK/Libraries/PeriphDrivers/bin/MAX32665/softfp/libPeriphDriver_softfp.a(flc_reva.o)
                              C:/MaximSDK/Libraries/PeriphDrivers/bin/MAX32665/softfp/libPeriphDriver_softfp.a(flc_me14.o) (MXC_FLC_RevA_Busy)
C:/MaximSDK/Libraries/PeriphDrivers/bin/MAX32665/softfp/libPeriphDriver_softfp.a(gpio_me14.o)
                              c:/Users/ptcha/OneDrive/Documents/GitHub/CodePlayGround/Hello_World/build/pb.o (MXC_GPIO_InGet)
C:/MaximSDK/Libraries/PeriphDrivers/bin/MAX32665/softfp/libPeriphDriver_softfp.a(gpio_reva.o)
                              C:/MaximSDK/Libraries/PeriphDrivers/bin/MAX32665/softfp/libPeriphDriver_softfp.a(gpio_me14.o) (MXC_GPIO_RevA_InGet)
C:/MaximSDK/Libraries/PeriphDrivers/bin/MAX32665/softfp/libPeriphDriver_softfp.a(tpu_me14.o)
                              C:/MaximSDK/Libraries/PeriphDrivers/bin/MAX32665/softfp/libPeriphDriver_softfp.a(sys_me14.o) (MXC_TPU_Cipher_Config)
C:/MaximSDK/Libraries/PeriphDrivers/bin/MAX32665/softfp/libPeriphDriver_softfp.a(tpu_reva.o)
                              C:/MaximSDK/Libraries/PeriphDrivers/bin/MAX32665/softfp/libPeriphDriver_softfp.a(tpu_me14.o) (MXC_TPU_RevA_Reset)
C:/MaximSDK/Libraries/PeriphDrivers/bin/MAX32665/softfp/libPeriphDriver_softfp.a(uart_me14.o)
                              c:/Users/ptcha/OneDrive/Documents/GitHub/CodePlayGround/Hello_World/build/board.o (MXC_UART_Shutdown)
C:/MaximSDK/Libraries/PeriphDrivers/bin/MAX32665/softfp/libPeriphDriver_softfp.a(uart_reva.o)
                              C:/MaximSDK/Libraries/PeriphDrivers/bin/MAX32665/softfp/libPeriphDriver_softfp.a(uart_me14.o) (MXC_UART_RevA_Init)
C:/MaximSDK/Libraries/PeriphDrivers/bin/MAX32665/softfp/libPeriphDriver_softfp.a(nvic_table.o)
                              C:/MaximSDK/Libraries/PeriphDrivers/bin/MAX32665/softfp/libPeriphDriver_softfp.a(uart_reva.o) (MXC_NVIC_SetVector)
C:/MaximSDK/Libraries/PeriphDrivers/bin/MAX32665/softfp/libPeriphDriver_softfp.a(pins_me14.o)
                              C:/MaximSDK/Libraries/PeriphDrivers/bin/MAX32665/softfp/libPeriphDriver_softfp.a(uart_me14.o) (gpio_cfg_uart2b_flow)
C:/MaximSDK/Libraries/PeriphDrivers/bin/MAX32665/softfp/libPeriphDriver_softfp.a(dma_me14.o)
                              C:/MaximSDK/Libraries/PeriphDrivers/bin/MAX32665/softfp/libPeriphDriver_softfp.a(uart_reva.o) (MXC_DMA_Init)
C:/MaximSDK/Libraries/PeriphDrivers/bin/MAX32665/softfp/libPeriphDriver_softfp.a(dma_reva.o)
                              C:/MaximSDK/Libraries/PeriphDrivers/bin/MAX32665/softfp/libPeriphDriver_softfp.a(dma_me14.o) (MXC_DMA_RevA_Init)
C:/MaximSDK/Libraries/PeriphDrivers/bin/MAX32665/softfp/libPeriphDriver_softfp.a(flc_common.o)
                              C:/MaximSDK/Libraries/PeriphDrivers/bin/MAX32665/softfp/libPeriphDriver_softfp.a(flc_me14.o) (MXC_FLC_Com_VerifyData)
C:/MaximSDK/Libraries/PeriphDrivers/bin/MAX32665/softfp/libPeriphDriver_softfp.a(gpio_common.o)
                              C:/MaximSDK/Libraries/PeriphDrivers/bin/MAX32665/softfp/libPeriphDriver_softfp.a(gpio_me14.o) (MXC_GPIO_Common_Init)
C:/MaximSDK/Libraries/PeriphDrivers/bin/MAX32665/softfp/libPeriphDriver_softfp.a(uart_common.o)
                              C:/MaximSDK/Libraries/PeriphDrivers/bin/MAX32665/softfp/libPeriphDriver_softfp.a(uart_me14.o) (MXC_UART_Common_ReadCharacter)
C:/MaximSDK/Libraries/PeriphDrivers/bin/MAX32665/softfp/libPeriphDriver_softfp.a(mxc_lock.o)
                              C:/MaximSDK/Libraries/PeriphDrivers/bin/MAX32665/softfp/libPeriphDriver_softfp.a(dma_reva.o) (MXC_GetLock)
c:/maximsdk/tools/gnutools/10.3/bin/../lib/gcc/arm-none-eabi/10.3.1/../../../../arm-none-eabi/lib/thumb/v7e-m+fp/softfp\libc.a(lib_a-errno.o)
                              c:/Users/ptcha/OneDrive/Documents/GitHub/CodePlayGround/Hello_World/build/stdio.o (__errno)
c:/maximsdk/tools/gnutools/10.3/bin/../lib/gcc/arm-none-eabi/10.3.1/../../../../arm-none-eabi/lib/thumb/v7e-m+fp/softfp\libc.a(lib_a-exit.o)
                              c:/maximsdk/tools/gnutools/10.3/bin/../lib/gcc/arm-none-eabi/10.3.1/../../../../arm-none-eabi/lib/thumb/v7e-m+fp/softfp/crt0.o (exit)
[...]
Memory Configuration

Name             Origin             Length             Attributes
SPIX             0x08000000         0x08000000         xr
FLASH            0x10000000         0x00100000         xr
PAL_NVM_DB       0x10100000         0x00000000         r
OTP              0x20000000         0x00000000         xrw
ARM_SHARED       0x20000000         0x00000000         xrw
SDMA_SHARED      0x20000000         0x00000000         xrw
SDMA_DATA        0x20000000         0x00000000         xrw
SDMA_CODE        0x20000000         0x00000000         xrw
SRAM             0x20000000         0x0008c000         xrw
SPID             0x80000000         0x20000000         rw
*default*        0x00000000         0xffffffff

Linker script and memory map

LOAD c:/maximsdk/tools/gnutools/10.3/bin/../lib/gcc/arm-none-eabi/10.3.1/thumb/v7e-m+fp/softfp/crti.o
LOAD c:/maximsdk/tools/gnutools/10.3/bin/../lib/gcc/arm-none-eabi/10.3.1/thumb/v7e-m+fp/softfp/crtbegin.o
LOAD c:/maximsdk/tools/gnutools/10.3/bin/../lib/gcc/arm-none-eabi/10.3.1/../../../../arm-none-eabi/lib/thumb/v7e-m+fp/softfp/crt0.o
LOAD c:/Users/ptcha/OneDrive/Documents/GitHub/CodePlayGround/Hello_World/build/main.o
LOAD c:/Users/ptcha/OneDrive/Documents/GitHub/CodePlayGround/Hello_World/build/board.o
LOAD c:/Users/ptcha/OneDrive/Documents/GitHub/CodePlayGround/Hello_World/build/stdio.o
LOAD c:/Users/ptcha/OneDrive/Documents/GitHub/CodePlayGround/Hello_World/build/led.o
LOAD c:/Users/ptcha/OneDrive/Documents/GitHub/CodePlayGround/Hello_World/build/pb.o
LOAD c:/Users/ptcha/OneDrive/Documents/GitHub/CodePlayGround/Hello_World/build/startup_max32665.o
LOAD c:/Users/ptcha/OneDrive/Documents/GitHub/CodePlayGround/Hello_World/build/backup_max32665.o
LOAD c:/Users/ptcha/OneDrive/Documents/GitHub/CodePlayGround/Hello_World/build/heap.o
LOAD c:/Users/ptcha/OneDrive/Documents/GitHub/CodePlayGround/Hello_World/build/system_max32665.o
START GROUP
LOAD C:/MaximSDK/Libraries/PeriphDrivers/bin/MAX32665/softfp/libPeriphDriver_softfp.a
LOAD c:/maximsdk/tools/gnutools/10.3/bin/../lib/gcc/arm-none-eabi/10.3.1/../../../../arm-none-eabi/lib/thumb/v7e-m+fp/softfp\libc.a
LOAD c:/maximsdk/tools/gnutools/10.3/bin/../lib/gcc/arm-none-eabi/10.3.1/../../../../arm-none-eabi/lib/thumb/v7e-m+fp/softfp\libm.a
LOAD c:/maximsdk/tools/gnutools/10.3/bin/../lib/gcc/arm-none-eabi/10.3.1/../../../../arm-none-eabi/lib/thumb/v7e-m+fp/softfp\libnosys.a
END GROUP
START GROUP
LOAD c:/maximsdk/tools/gnutools/10.3/bin/../lib/gcc/arm-none-eabi/10.3.1/thumb/v7e-m+fp/softfp\libgcc.a
LOAD c:/maximsdk/tools/gnutools/10.3/bin/../lib/gcc/arm-none-eabi/10.3.1/../../../../arm-none-eabi/lib/thumb/v7e-m+fp/softfp\libc.a
END GROUP
LOAD c:/maximsdk/tools/gnutools/10.3/bin/../lib/gcc/arm-none-eabi/10.3.1/thumb/v7e-m+fp/softfp/crtend.o
LOAD c:/maximsdk/tools/gnutools/10.3/bin/../lib/gcc/arm-none-eabi/10.3.1/thumb/v7e-m+fp/softfp/crtn.o
                0x20000000                SRAM_ORIGIN = 0x20000000
                0x00000000                SDMA_CODE_LEN = DEFINED (SDMA_CODE_SIZE)?SDMA_CODE_SIZE:0x0
                0x00000000                SDMA_DATA_LEN = DEFINED (SDMA_DATA_SIZE)?SDMA_DATA_SIZE:0x0
                0x00000000                SDMA_LEN = (SDMA_CODE_LEN + SDMA_DATA_LEN)
                0x00000000                OTP_LEN = DEFINED (SDMA_CODE_SIZE)?0x40:0x0
                0x00000000                SHARED_LEN = DEFINED (SDMA_CODE_SIZE)?0x400:0x0
                0x00000000                SHARED_LEN_HALF = (SHARED_LEN / 0x2)
                0x20000000                OTP_ADDR = SRAM_ORIGIN
                0x20000000                SHARED_ADDR = (OTP_ADDR + OTP_LEN)
                0x20000000                SDMA_DATA_ADDR = (SHARED_ADDR + SHARED_LEN)
                0x20000000                SDMA_CODE_ADDR = (SDMA_DATA_ADDR + SDMA_DATA_LEN)
                0x20000000                SRAM_ADDR = (SDMA_CODE_ADDR + SDMA_CODE_LEN)
                0x0008c000                SRAM_LEN = (((SRAM_SIZE - OTP_LEN) - SHARED_LEN) - SDMA_LEN)
                0x00100000                FLASH_MEM_SIZE = (0x100000 - _PAL_NVM_SIZE)
                0x10100000                PAL_NVM_ORIGIN = ((0x100000 - _PAL_NVM_SIZE) + 0x10000000)

.text           0x10000000     0x8a9c
                0x10000000                _text = .
 *(.isr_vector)
 .isr_vector    0x10000000      0x1bc c:/Users/ptcha/OneDrive/Documents/GitHub/CodePlayGround/Hello_World/build/startup_max32665.o
                0x10000000                __isr_vector
 *(.text*)
 .text          0x100001bc       0x40 c:/maximsdk/tools/gnutools/10.3/bin/../lib/gcc/arm-none-eabi/10.3.1/thumb/v7e-m+fp/softfp/crtbegin.o
 .text.main     0x100001fc       0x40 c:/Users/ptcha/OneDrive/Documents/GitHub/CodePlayGround/Hello_World/build/main.o
                0x100001fc                main
 .text.mxc_assert
                0x1000023c       0x10 c:/Users/ptcha/OneDrive/Documents/GitHub/CodePlayGround/Hello_World/build/board.o
                0x1000023c                mxc_assert
 .text.GPIO1_IRQHandler
                0x1000024c        0xa c:/Users/ptcha/OneDrive/Documents/GitHub/CodePlayGround/Hello_World/build/board.o
                0x1000024c                GPIO1_IRQHandler
 *fill*         0x10000256        0x2 
 .text.Console_Init
                0x10000258       0x18 c:/Users/ptcha/OneDrive/Documents/GitHub/CodePlayGround/Hello_World/build/board.o
                0x10000258                Console_Init
 .text.Board_Init
                0x10000270       0x34 c:/Users/ptcha/OneDrive/Documents/GitHub/CodePlayGround/Hello_World/build/board.o
                0x10000270                Board_Init
 .text.NMI_Handler
                0x100002a4        0x4 c:/Users/ptcha/OneDrive/Documents/GitHub/CodePlayGround/Hello_World/build/board.o
                0x100002a4                NMI_Handler
 .text._close   0x100002a8        0x6 c:/Users/ptcha/OneDrive/Documents/GitHub/CodePlayGround/Hello_World/build/stdio.o
                0x100002a8                _close
 .text._isatty  0x100002ae        0x6 c:/Users/ptcha/OneDrive/Documents/GitHub/CodePlayGround/Hello_World/build/stdio.o
                0x100002ae                _isatty
 .text._lseek   0x100002b4        0x6 c:/Users/ptcha/OneDrive/Documents/GitHub/CodePlayGround/Hello_World/build/stdio.o
                0x100002b4                _lseek
 .text._fstat   0x100002ba        0x6 c:/Users/ptcha/OneDrive/Documents/GitHub/CodePlayGround/Hello_World/build/stdio.o
                0x100002ba                _fstat
 .text._read    0x100002c0       0x50 c:/Users/ptcha/OneDrive/Documents/GitHub/CodePlayGround/Hello_World/build/stdio.o
                0x100002c0                _read
 .text._write   0x10000310       0x44 c:/Users/ptcha/OneDrive/Documents/GitHub/CodePlayGround/Hello_World/build/stdio.o
                0x10000310                _write
 .text.LED_On   0x10000354       0x44 c:/Users/ptcha/OneDrive/Documents/GitHub/CodePlayGround/Hello_World/build/led.o
                0x10000354                LED_On
 .text.LED_Off  0x10000398       0x44 c:/Users/ptcha/OneDrive/Documents/GitHub/CodePlayGround/Hello_World/build/led.o
                0x10000398                LED_Off
 .text.LED_Init
                0x100003dc       0x3c c:/Users/ptcha/OneDrive/Documents/GitHub/CodePlayGround/Hello_World/build/led.o
                0x100003dc                LED_Init
 .text.PB_Init  0x10000418       0x38 c:/Users/ptcha/OneDrive/Documents/GitHub/CodePlayGround/Hello_World/build/pb.o
                0x10000418                PB_Init
 .text          0x10000450      0x134 c:/Users/ptcha/OneDrive/Documents/GitHub/CodePlayGround/Hello_World/build/startup_max32665.o
                0x10000450                Reset_Handler
                0x1000048e                HardFault_Handler
                0x10000490                MemManage_Handler
                0x10000492                BusFault_Handler
                0x10000494                UsageFault_Handler
                0x10000496                SVC_Handler
                0x10000498                PendSV_Handler
                0x1000049a                Default_Handler
                0x1000049c                PF_IRQHandler
                0x1000049e                WDT0_IRQHandler
                0x100004a0                USB_IRQHandler
                0x100004a2                RTC_IRQHandler
                0x100004a4                TRNG_IRQHandler
                0x100004a6                TMR0_IRQHandler
                0x100004a8                TMR1_IRQHandler
                0x100004aa                TMR2_IRQHandler
                0x100004ac                TMR3_IRQHandler
                0x100004ae                TMR4_IRQHandler
                0x100004b0                TMR5_IRQHandler
                0x100004b2                RSV11_IRQHandler
                0x100004b4                RSV12_IRQHandler
                0x100004b6                I2C0_IRQHandler
                0x100004b8                UART0_IRQHandler
                0x100004ba                UART1_IRQHandler
                0x100004bc                SPI1_IRQHandler
                0x100004be                SPI2_IRQHandler
                0x100004c0                RSV18_IRQHandler
                0x100004c2                RSV19_IRQHandler
                0x100004c4                ADC_IRQHandler
                0x100004c6                RSV21_IRQHandler
                0x100004c8                RSV22_IRQHandler
                0x100004ca                FLC0_IRQHandler
                0x100004cc                GPIO0_IRQHandler
                0x100004d0                RSV26_IRQHandler
                0x100004d2                TPU_IRQHandler
                0x100004d4                DMA0_IRQHandler
                0x100004d6                DMA1_IRQHandler
                0x100004d8                DMA2_IRQHandler
                0x100004da                DMA3_IRQHandler
                0x100004dc                RSV32_IRQHandler
                0x100004de                RSV33_IRQHandler
                0x100004e0                UART2_IRQHandler
                0x100004e2                RSV35_IRQHandler
                0x100004e4                I2C1_IRQHandler
                0x100004e6                RSV37_IRQHandler
                0x100004e8                SPIXFC_IRQHandler
                0x100004ea                BTLE_TX_DONE_IRQHandler
                0x100004ec                BTLE_RX_RCVD_IRQHandler
                0x100004ee                BTLE_RX_ENG_DET_IRQHandler
                0x100004f0                BTLE_SFD_DET_IRQHandler
                0x100004f2                BTLE_SFD_TO_IRQHandler
                0x100004f4                BTLE_GP_EVENT_IRQHandler
                0x100004f6                BTLE_CFO_IRQHandler
                0x100004f8                BTLE_SIG_DET_IRQHandler
                0x100004fa                BTLE_AGC_EVENT_IRQHandler
                0x100004fc                BTLE_RFFE_SPIM_IRQHandler
                0x100004fe                BTLE_TX_AES_IRQHandler
                0x10000500                BTLE_RX_AES_IRQHandler
                0x10000502                BTLE_INV_APB_ADDR_IRQHandler
                0x10000504                BTLE_IQ_DATA_VALID_IRQHandler
                0x10000506                WUT_IRQHandler
                0x10000508                GPIOWAKE_IRQHandler
                0x1000050a                RSV55_IRQHandler
                0x1000050c                SPI0_IRQHandler
                0x1000050e                WDT1_IRQHandler
                0x10000510                RSV58_IRQHandler
                0x10000512                PT_IRQHandler
                0x10000514                SDMA0_IRQHandler
                0x10000516                RSV61_IRQHandler
                0x10000518                I2C2_IRQHandler
                0x1000051a                RSV63_IRQHandler
                0x1000051c                RSV64_IRQHandler
                0x1000051e                RSV65_IRQHandler
                0x10000520                SDHC_IRQHandler
                0x10000522                OWM_IRQHandler
                0x10000524                DMA4_IRQHandler
                0x10000526                DMA5_IRQHandler
                0x10000528                DMA6_IRQHandler
                0x1000052a                DMA7_IRQHandler
                0x1000052c                DMA8_IRQHandler
                0x1000052e                DMA9_IRQHandler
                0x10000530                DMA10_IRQHandler
                0x10000532                DMA11_IRQHandler
                0x10000534                DMA12_IRQHandler
                0x10000536                DMA13_IRQHandler
                0x10000538                DMA14_IRQHandler
                0x1000053a                DMA15_IRQHandler
                0x1000053c                USBDMA_IRQHandler
                0x1000053e                WDT2_IRQHandler
                0x10000540                ECC_IRQHandler
                0x10000542                DVS_IRQHandler
                0x10000544                SIMO_IRQHandler
                0x10000546                SCA_IRQHandler
                0x10000548                AUDIO_IRQHandler
                0x1000054a                FLC1_IRQHandler
                0x1000054c                RSV88_IRQHandler
                0x1000054e                RSV89_IRQHandler
                0x10000550                RSV90_IRQHandler
                0x10000552                RSV91_IRQHandler
                0x10000554                RSV92_IRQHandler
                0x10000556                HTMR0_IRQHandler
                0x10000558                HTMR1_IRQHandler
 .text._sbrk    0x10000584       0x40 c:/Users/ptcha/OneDrive/Documents/GitHub/CodePlayGround/Hello_World/build/heap.o
                0x10000584                _sbrk
 .text._getpid  0x100005c4        0x6 c:/Users/ptcha/OneDrive/Documents/GitHub/CodePlayGround/Hello_World/build/system_max32665.o
                0x100005c4                _getpid
 .text._kill    0x100005ca        0x6 c:/Users/ptcha/OneDrive/Documents/GitHub/CodePlayGround/Hello_World/build/system_max32665.o
                0x100005ca                _kill
 .text.SystemCoreClockUpdate
                0x100005d0       0x6c c:/Users/ptcha/OneDrive/Documents/GitHub/CodePlayGround/Hello_World/build/system_max32665.o
                0x100005d0                SystemCoreClockUpdate
 .text.PreInit  0x1000063c       0x60 c:/Users/ptcha/OneDrive/Documents/GitHub/CodePlayGround/Hello_World/build/system_max32665.o
                0x1000063c                PreInit
 .text.PalSysInit
                0x1000069c        0x2 c:/Users/ptcha/OneDrive/Documents/GitHub/CodePlayGround/Hello_World/build/system_max32665.o
                0x1000069c                PalSysInit
 *fill*         0x1000069e        0x2 
 .text.SystemInit
                0x100006a0      0x110 c:/Users/ptcha/OneDrive/Documents/GitHub/CodePlayGround/Hello_World/build/system_max32665.o
                0x100006a0                SystemInit
 .text.MXC_DelayInit
                0x100007b0       0x84 C:/MaximSDK/Libraries/PeriphDrivers/bin/MAX32665/softfp/libPeriphDriver_softfp.a(mxc_delay.o)
 .text.MXC_DelayAsync
                0x10000834       0x44 C:/MaximSDK/Libraries/PeriphDrivers/bin/MAX32665/softfp/libPeriphDriver_softfp.a(mxc_delay.o)
                0x10000834                MXC_DelayAsync
 .text.MXC_DelayAbort
                0x10000878       0x34 C:/MaximSDK/Libraries/PeriphDrivers/bin/MAX32665/softfp/libPeriphDriver_softfp.a(mxc_delay.o)
                0x10000878                MXC_DelayAbort
 .text.MXC_DelayHandler
                0x100008ac       0x40 C:/MaximSDK/Libraries/PeriphDrivers/bin/MAX32665/softfp/libPeriphDriver_softfp.a(mxc_delay.o)
                0x100008ac                MXC_DelayHandler
 .text.SysTick_Handler
                0x100008ec        0x8 C:/MaximSDK/Libraries/PeriphDrivers/bin/MAX32665/softfp/libPeriphDriver_softfp.a(mxc_delay.o)
                0x100008ec                SysTick_Handler
 .text.MXC_DelayCheck
                0x100008f4       0x64 C:/MaximSDK/Libraries/PeriphDrivers/bin/MAX32665/softfp/libPeriphDriver_softfp.a(mxc_delay.o)
                0x100008f4                MXC_DelayCheck
 .text.MXC_Delay
                0x10000958       0x58 C:/MaximSDK/Libraries/PeriphDrivers/bin/MAX32665/softfp/libPeriphDriver_softfp.a(mxc_delay.o)
                0x10000958                MXC_Delay
 .text.MXC_SYS_ClockDisable
                0x100009b0       0x2c C:/MaximSDK/Libraries/PeriphDrivers/bin/MAX32665/softfp/libPeriphDriver_softfp.a(sys_me14.o)
                0x100009b0                MXC_SYS_ClockDisable
 .text.MXC_SYS_ClockEnable
                0x100009dc       0x30 C:/MaximSDK/Libraries/PeriphDrivers/bin/MAX32665/softfp/libPeriphDriver_softfp.a(sys_me14.o)
                0x100009dc                MXC_SYS_ClockEnable
 .text.MXC_SYS_Clock_Timeout
                0x10000a0c       0x30 C:/MaximSDK/Libraries/PeriphDrivers/bin/MAX32665/softfp/libPeriphDriver_softfp.a(sys_me14.o)
                0x10000a0c                MXC_SYS_Clock_Timeout
 .text.MXC_SYS_Clock_Select
                0x10000a3c      0x18c C:/MaximSDK/Libraries/PeriphDrivers/bin/MAX32665/softfp/libPeriphDriver_softfp.a(sys_me14.o)
                0x10000a3c                MXC_SYS_Clock_Select
 .text.MXC_SYS_Reset_Periph
                0x10000bc8       0x38 C:/MaximSDK/Libraries/PeriphDrivers/bin/MAX32665/softfp/libPeriphDriver_softfp.a(sys_me14.o)
                0x10000bc8                MXC_SYS_Reset_Periph
 .text.MXC_GPIO_OutSet
                0x10000c00        0x8 C:/MaximSDK/Libraries/PeriphDrivers/bin/MAX32665/softfp/libPeriphDriver_softfp.a(gpio_me14.o)
                0x10000c00                MXC_GPIO_OutSet
 .text.MXC_GPIO_OutClr
                0x10000c08        0x8 C:/MaximSDK/Libraries/PeriphDrivers/bin/MAX32665/softfp/libPeriphDriver_softfp.a(gpio_me14.o)
                0x10000c08                MXC_GPIO_OutClr
 .text.MXC_GPIO_Handler
                0x10000c10        0x8 C:/MaximSDK/Libraries/PeriphDrivers/bin/MAX32665/softfp/libPeriphDriver_softfp.a(gpio_me14.o)
                0x10000c10                MXC_GPIO_Handler
 .text.MXC_GPIO_ClearFlags
                0x10000c18        0x8 C:/MaximSDK/Libraries/PeriphDrivers/bin/MAX32665/softfp/libPeriphDriver_softfp.a(gpio_me14.o)
                0x10000c18                MXC_GPIO_ClearFlags
 .text.MXC_GPIO_GetFlags
                0x10000c20        0x8 C:/MaximSDK/Libraries/PeriphDrivers/bin/MAX32665/softfp/libPeriphDriver_softfp.a(gpio_me14.o)
                0x10000c20                MXC_GPIO_GetFlags
 .text.MXC_GPIO_SetVSSEL
                0x10000c28        0x8 C:/MaximSDK/Libraries/PeriphDrivers/bin/MAX32665/softfp/libPeriphDriver_softfp.a(gpio_me14.o)
                0x10000c28                MXC_GPIO_SetVSSEL
 .text.MXC_GPIO_Config
                0x10000c30       0xd2 C:/MaximSDK/Libraries/PeriphDrivers/bin/MAX32665/softfp/libPeriphDriver_softfp.a(gpio_me14.o)
                0x10000c30                MXC_GPIO_Config
 .text.MXC_GPIO_RevA_OutSet
                0x10000d02        0x4 C:/MaximSDK/Libraries/PeriphDrivers/bin/MAX32665/softfp/libPeriphDriver_softfp.a(gpio_reva.o)
                0x10000d02                MXC_GPIO_RevA_OutSet
 .text.MXC_GPIO_RevA_OutClr
                0x10000d06        0x4 C:/MaximSDK/Libraries/PeriphDrivers/bin/MAX32665/softfp/libPeriphDriver_softfp.a(gpio_reva.o)
                0x10000d06                MXC_GPIO_RevA_OutClr
 .text.MXC_GPIO_RevA_ClearFlags
                0x10000d0a        0x4 C:/MaximSDK/Libraries/PeriphDrivers/bin/MAX32665/softfp/libPeriphDriver_softfp.a(gpio_reva.o)
                0x10000d0a                MXC_GPIO_RevA_ClearFlags
 .text.MXC_GPIO_RevA_GetFlags
                0x10000d0e        0x4 C:/MaximSDK/Libraries/PeriphDrivers/bin/MAX32665/softfp/libPeriphDriver_softfp.a(gpio_reva.o)
                0x10000d0e                MXC_GPIO_RevA_GetFlags
 .text.MXC_GPIO_RevA_SetVSSEL
                0x10000d12       0x2a C:/MaximSDK/Libraries/PeriphDrivers/bin/MAX32665/softfp/libPeriphDriver_softfp.a(gpio_reva.o)
                0x10000d12                MXC_GPIO_RevA_SetVSSEL
 .text.MXC_GPIO_RevA_SetAF
                0x10000d3c       0x74 C:/MaximSDK/Libraries/PeriphDrivers/bin/MAX32665/softfp/libPeriphDriver_softfp.a(gpio_reva.o)
                0x10000d3c                MXC_GPIO_RevA_SetAF
 .text.MXC_UART_Shutdown
                0x10000db0       0x50 C:/MaximSDK/Libraries/PeriphDrivers/bin/MAX32665/softfp/libPeriphDriver_softfp.a(uart_me14.o)
                0x10000db0                MXC_UART_Shutdown
 .text.MXC_UART_Init
                0x10000e00       0x98 C:/MaximSDK/Libraries/PeriphDrivers/bin/MAX32665/softfp/libPeriphDriver_softfp.a(uart_me14.o)
                0x10000e00                MXC_UART_Init
 .text.MXC_UART_SetFrequency
                0x10000e98        0x8 C:/MaximSDK/Libraries/PeriphDrivers/bin/MAX32665/softfp/libPeriphDriver_softfp.a(uart_me14.o)
                0x10000e98                MXC_UART_SetFrequency
 .text.MXC_UART_GetFrequency
                0x10000ea0        0x8 C:/MaximSDK/Libraries/PeriphDrivers/bin/MAX32665/softfp/libPeriphDriver_softfp.a(uart_me14.o)
                0x10000ea0                MXC_UART_GetFrequency
 .text.MXC_UART_SetDataSize
                0x10000ea8        0x8 C:/MaximSDK/Libraries/PeriphDrivers/bin/MAX32665/softfp/libPeriphDriver_softfp.a(uart_me14.o)
                0x10000ea8                MXC_UART_SetDataSize
 .text.MXC_UART_SetStopBits
                0x10000eb0        0x8 C:/MaximSDK/Libraries/PeriphDrivers/bin/MAX32665/softfp/libPeriphDriver_softfp.a(uart_me14.o)
                0x10000eb0                MXC_UART_SetStopBits
 .text.MXC_UART_SetParity
                0x10000eb8        0x8 C:/MaximSDK/Libraries/PeriphDrivers/bin/MAX32665/softfp/libPeriphDriver_softfp.a(uart_me14.o)
                0x10000eb8                MXC_UART_SetParity
 .text.MXC_UART_ReadCharacterRaw
                0x10000ec0        0x8 C:/MaximSDK/Libraries/PeriphDrivers/bin/MAX32665/softfp/libPeriphDriver_softfp.a(uart_me14.o)
                0x10000ec0                MXC_UART_ReadCharacterRaw
 .text.MXC_UART_WriteCharacterRaw
                0x10000ec8        0x8 C:/MaximSDK/Libraries/PeriphDrivers/bin/MAX32665/softfp/libPeriphDriver_softfp.a(uart_me14.o)
                0x10000ec8                MXC_UART_WriteCharacterRaw
 .text.MXC_UART_ReadCharacter
                0x10000ed0        0x8 C:/MaximSDK/Libraries/PeriphDrivers/bin/MAX32665/softfp/libPeriphDriver_softfp.a(uart_me14.o)
                0x10000ed0                MXC_UART_ReadCharacter
 .text.MXC_UART_WriteCharacter
                0x10000ed8        0x8 C:/MaximSDK/Libraries/PeriphDrivers/bin/MAX32665/softfp/libPeriphDriver_softfp.a(uart_me14.o)
                0x10000ed8                MXC_UART_WriteCharacter
 .text.MXC_UART_GetRXFIFOAvailable
                0x10000ee0        0x8 C:/MaximSDK/Libraries/PeriphDrivers/bin/MAX32665/softfp/libPeriphDriver_softfp.a(uart_me14.o)
                0x10000ee0                MXC_UART_GetRXFIFOAvailable
 .text.MXC_UART_GetTXFIFOAvailable
                0x10000ee8        0x8 C:/MaximSDK/Libraries/PeriphDrivers/bin/MAX32665/softfp/libPeriphDriver_softfp.a(uart_me14.o)
                0x10000ee8                MXC_UART_GetTXFIFOAvailable
 .text.MXC_UART_SetRXThreshold
                0x10000ef0        0x8 C:/MaximSDK/Libraries/PeriphDrivers/bin/MAX32665/softfp/libPeriphDriver_softfp.a(uart_me14.o)
                0x10000ef0                MXC_UART_SetRXThreshold
 .text.MXC_UART_SetTXThreshold
                0x10000ef8        0x8 C:/MaximSDK/Libraries/PeriphDrivers/bin/MAX32665/softfp/libPeriphDriver_softfp.a(uart_me14.o)
                0x10000ef8                MXC_UART_SetTXThreshold
 .text.MXC_UART_RevA_Init
                0x10000f00       0xd4 C:/MaximSDK/Libraries/PeriphDrivers/bin/MAX32665/softfp/libPeriphDriver_softfp.a(uart_reva.o)
                0x10000f00                MXC_UART_RevA_Init
 .text.MXC_UART_RevA_SetFrequency
                0x10000fd4      0x108 C:/MaximSDK/Libraries/PeriphDrivers/bin/MAX32665/softfp/libPeriphDriver_softfp.a(uart_reva.o)
                0x10000fd4                MXC_UART_RevA_SetFrequency
 .text.MXC_UART_RevA_GetFrequency
                0x100010dc       0xb4 C:/MaximSDK/Libraries/PeriphDrivers/bin/MAX32665/softfp/libPeriphDriver_softfp.a(uart_reva.o)
                0x100010dc                MXC_UART_RevA_GetFrequency
 .text.MXC_UART_RevA_SetDataSize
                0x10001190       0x20 C:/MaximSDK/Libraries/PeriphDrivers/bin/MAX32665/softfp/libPeriphDriver_softfp.a(uart_reva.o)
                0x10001190                MXC_UART_RevA_SetDataSize
 .text.MXC_UART_RevA_SetStopBits
                0x100011b0       0x24 C:/MaximSDK/Libraries/PeriphDrivers/bin/MAX32665/softfp/libPeriphDriver_softfp.a(uart_reva.o)
                0x100011b0                MXC_UART_RevA_SetStopBits
 .text.MXC_UART_RevA_SetParity
                0x100011d4      0x11a C:/MaximSDK/Libraries/PeriphDrivers/bin/MAX32665/softfp/libPeriphDriver_softfp.a(uart_reva.o)
                0x100011d4                MXC_UART_RevA_SetParity
 .text.MXC_UART_RevA_ReadCharacterRaw
                0x100012ee       0x12 C:/MaximSDK/Libraries/PeriphDrivers/bin/MAX32665/softfp/libPeriphDriver_softfp.a(uart_reva.o)
                0x100012ee                MXC_UART_RevA_ReadCharacterRaw
 .text.MXC_UART_RevA_WriteCharacterRaw
                0x10001300       0x14 C:/MaximSDK/Libraries/PeriphDrivers/bin/MAX32665/softfp/libPeriphDriver_softfp.a(uart_reva.o)
                0x10001300                MXC_UART_RevA_WriteCharacterRaw
 .text.MXC_UART_RevA_GetRXFIFOAvailable
                0x10001314        0x8 C:/MaximSDK/Libraries/PeriphDrivers/bin/MAX32665/softfp/libPeriphDriver_softfp.a(uart_reva.o)
                0x10001314                MXC_UART_RevA_GetRXFIFOAvailable
 .text.MXC_UART_RevA_GetTXFIFOAvailable
                0x1000131c        0xc C:/MaximSDK/Libraries/PeriphDrivers/bin/MAX32665/softfp/libPeriphDriver_softfp.a(uart_reva.o)
                0x1000131c                MXC_UART_RevA_GetTXFIFOAvailable
 .text.MXC_UART_RevA_SetRXThreshold
                0x10001328       0x1e C:/MaximSDK/Libraries/PeriphDrivers/bin/MAX32665/softfp/libPeriphDriver_softfp.a(uart_reva.o)
                0x10001328                MXC_UART_RevA_SetRXThreshold
 .text.MXC_UART_RevA_SetTXThreshold
                0x10001346       0x20 C:/MaximSDK/Libraries/PeriphDrivers/bin/MAX32665/softfp/libPeriphDriver_softfp.a(uart_reva.o)
                0x10001346                MXC_UART_RevA_SetTXThreshold
 *fill*         0x10001366        0x2 
 .text.MXC_GPIO_Common_Handler
                0x10001368       0x78 C:/MaximSDK/Libraries/PeriphDrivers/bin/MAX32665/softfp/libPeriphDriver_softfp.a(gpio_common.o)
                0x10001368                MXC_GPIO_Common_Handler
 .text.MXC_UART_Common_ReadCharacter
                0x100013e0       0x16 C:/MaximSDK/Libraries/PeriphDrivers/bin/MAX32665/softfp/libPeriphDriver_softfp.a(uart_common.o)
                0x100013e0                MXC_UART_Common_ReadCharacter
 .text.MXC_UART_Common_WriteCharacter
                0x100013f6       0x1a C:/MaximSDK/Libraries/PeriphDrivers/bin/MAX32665/softfp/libPeriphDriver_softfp.a(uart_common.o)
                0x100013f6                MXC_UART_Common_WriteCharacter
 .text.__errno  0x10001410        0xc c:/maximsdk/tools/gnutools/10.3/bin/../lib/gcc/arm-none-eabi/10.3.1/../../../../arm-none-eabi/lib/thumb/v7e-m+fp/softfp\libc.a(lib_a-errno.o)
                0x10001410                __errno
 .text.__libc_init_array
                0x1000141c       0x48 c:/maximsdk/tools/gnutools/10.3/bin/../lib/gcc/arm-none-eabi/10.3.1/../../../../arm-none-eabi/lib/thumb/v7e-m+fp/softfp\libc.a(lib_a-init.o)
                0x1000141c                __libc_init_array
 .text          0x10001464      0x134 c:/maximsdk/tools/gnutools/10.3/bin/../lib/gcc/arm-none-eabi/10.3.1/../../../../arm-none-eabi/lib/thumb/v7e-m+fp/softfp\libc.a(lib_a-memcpy.o)
                0x10001464                memcpy
 .text.memset   0x10001598       0xa4 c:/maximsdk/tools/gnutools/10.3/bin/../lib/gcc/arm-none-eabi/10.3.1/../../../../arm-none-eabi/lib/thumb/v7e-m+fp/softfp\libc.a(lib_a-memset.o)
                0x10001598                memset
 .text.printf   0x1000163c       0x28 c:/maximsdk/tools/gnutools/10.3/bin/../lib/gcc/arm-none-eabi/10.3.1/../../../../arm-none-eabi/lib/thumb/v7e-m+fp/softfp\libc.a(lib_a-printf.o)
                0x1000163c                printf
 .text._puts_r  0x10001664       0x9c c:/maximsdk/tools/gnutools/10.3/bin/../lib/gcc/arm-none-eabi/10.3.1/../../../../arm-none-eabi/lib/thumb/v7e-m+fp/softfp\libc.a(lib_a-puts.o)
                0x10001664                _puts_r
 .text.puts     0x10001700       0x10 c:/maximsdk/tools/gnutools/10.3/bin/../lib/gcc/arm-none-eabi/10.3.1/../../../../arm-none-eabi/lib/thumb/v7e-m+fp/softfp\libc.a(lib_a-puts.o)
                0x10001700                puts
 *fill*         0x10001710       0x30 
 .text          0x10001740       0xdc c:/maximsdk/tools/gnutools/10.3/bin/../lib/gcc/arm-none-eabi/10.3.1/../../../../arm-none-eabi/lib/thumb/v7e-m+fp/softfp\libc.a(lib_a-strlen.o)
                0x10001740                strlen
 *fill*         0x1000181c        0x4 
 .text._vfprintf_r
                0x10001820     0x1b8c c:/maximsdk/tools/gnutools/10.3/bin/../lib/gcc/arm-none-eabi/10.3.1/../../../../arm-none-eabi/lib/thumb/v7e-m+fp/softfp\libc.a(lib_a-vfprintf.o)
                0x10001820                _vfprintf_r
 .text.__sbprintf
                0x100033ac       0x80 c:/maximsdk/tools/gnutools/10.3/bin/../lib/gcc/arm-none-eabi/10.3.1/../../../../arm-none-eabi/lib/thumb/v7e-m+fp/softfp\libc.a(lib_a-vfprintf.o)
 .text.__swsetup_r
                0x1000342c       0xd4 c:/maximsdk/tools/gnutools/10.3/bin/../lib/gcc/arm-none-eabi/10.3.1/../../../../arm-none-eabi/lib/thumb/v7e-m+fp/softfp\libc.a(lib_a-wsetup.o)
                0x1000342c                __swsetup_r
 .text.startup.register_fini
                0x10003500       0x14 c:/maximsdk/tools/gnutools/10.3/bin/../lib/gcc/arm-none-eabi/10.3.1/../../../../arm-none-eabi/lib/thumb/v7e-m+fp/softfp\libc.a(lib_a-__call_atexit.o)
 .text.atexit   0x10003514        0xc c:/maximsdk/tools/gnutools/10.3/bin/../lib/gcc/arm-none-eabi/10.3.1/../../../../arm-none-eabi/lib/thumb/v7e-m+fp/softfp\libc.a(lib_a-atexit.o)
                0x10003514                atexit
 .text.quorem   0x10003520      0x128 c:/maximsdk/tools/gnutools/10.3/bin/../lib/gcc/arm-none-eabi/10.3.1/../../../../arm-none-eabi/lib/thumb/v7e-m+fp/softfp\libc.a(lib_a-dtoa.o)
 .text._dtoa_r  0x10003648      0xf34 c:/maximsdk/tools/gnutools/10.3/bin/../lib/gcc/arm-none-eabi/10.3.1/../../../../arm-none-eabi/lib/thumb/v7e-m+fp/softfp\libc.a(lib_a-dtoa.o)
                0x10003648                _dtoa_r
 .text.__sflush_r
                0x1000457c      0x130 c:/maximsdk/tools/gnutools/10.3/bin/../lib/gcc/arm-none-eabi/10.3.1/../../../../arm-none-eabi/lib/thumb/v7e-m+fp/softfp\libc.a(lib_a-fflush.o)
                0x1000457c                __sflush_r
 .text._fflush_r
                0x100046ac       0x5c c:/maximsdk/tools/gnutools/10.3/bin/../lib/gcc/arm-none-eabi/10.3.1/../../../../arm-none-eabi/lib/thumb/v7e-m+fp/softfp\libc.a(lib_a-fflush.o)
                0x100046ac                _fflush_r
 .text._cleanup_r
                0x10004708        0xc c:/maximsdk/tools/gnutools/10.3/bin/../lib/gcc/arm-none-eabi/10.3.1/../../../../arm-none-eabi/lib/thumb/v7e-m+fp/softfp\libc.a(lib_a-findfp.o)
                0x10004708                _cleanup_r
 .text.__sinit  0x10004714      0x10c c:/maximsdk/tools/gnutools/10.3/bin/../lib/gcc/arm-none-eabi/10.3.1/../../../../arm-none-eabi/lib/thumb/v7e-m+fp/softfp\libc.a(lib_a-findfp.o)
                0x10004714                __sinit
 .text.__sfp_lock_acquire
                0x10004820        0xc c:/maximsdk/tools/gnutools/10.3/bin/../lib/gcc/arm-none-eabi/10.3.1/../../../../arm-none-eabi/lib/thumb/v7e-m+fp/softfp\libc.a(lib_a-findfp.o)
                0x10004820                __sfp_lock_acquire
 .text.__sfp_lock_release
                0x1000482c        0xc c:/maximsdk/tools/gnutools/10.3/bin/../lib/gcc/arm-none-eabi/10.3.1/../../../../arm-none-eabi/lib/thumb/v7e-m+fp/softfp\libc.a(lib_a-findfp.o)
                0x1000482c                __sfp_lock_release
 .text.__libc_fini_array
                0x10004838       0x2c c:/maximsdk/tools/gnutools/10.3/bin/../lib/gcc/arm-none-eabi/10.3.1/../../../../arm-none-eabi/lib/thumb/v7e-m+fp/softfp\libc.a(lib_a-fini.o)
                0x10004838                __libc_fini_array
 .text._malloc_trim_r
                0x10004864       0xa0 c:/maximsdk/tools/gnutools/10.3/bin/../lib/gcc/arm-none-eabi/10.3.1/../../../../arm-none-eabi/lib/thumb/v7e-m+fp/softfp\libc.a(lib_a-freer.o)
                0x10004864                _malloc_trim_r
 .text._free_r  0x10004904      0x20c c:/maximsdk/tools/gnutools/10.3/bin/../lib/gcc/arm-none-eabi/10.3.1/../../../../arm-none-eabi/lib/thumb/v7e-m+fp/softfp\libc.a(lib_a-freer.o)
                0x10004904                _free_r
 .text.__sfvwrite_r
                0x10004b10      0x2f0 c:/maximsdk/tools/gnutools/10.3/bin/../lib/gcc/arm-none-eabi/10.3.1/../../../../arm-none-eabi/lib/thumb/v7e-m+fp/softfp\libc.a(lib_a-fvwrite.o)
                0x10004b10                __sfvwrite_r
 .text._fwalk_reent
                0x10004e00       0x48 c:/maximsdk/tools/gnutools/10.3/bin/../lib/gcc/arm-none-eabi/10.3.1/../../../../arm-none-eabi/lib/thumb/v7e-m+fp/softfp\libc.a(lib_a-fwalk.o)
                0x10004e00                _fwalk_reent
 .text._localeconv_r
                0x10004e48        0x8 c:/maximsdk/tools/gnutools/10.3/bin/../lib/gcc/arm-none-eabi/10.3.1/../../../../arm-none-eabi/lib/thumb/v7e-m+fp/softfp\libc.a(lib_a-localeconv.o)
                0x10004e48                _localeconv_r
 .text.__retarget_lock_init_recursive
                0x10004e50        0x4 c:/maximsdk/tools/gnutools/10.3/bin/../lib/gcc/arm-none-eabi/10.3.1/../../../../arm-none-eabi/lib/thumb/v7e-m+fp/softfp\libc.a(lib_a-lock.o)
                0x10004e50                __retarget_lock_init_recursive
 .text.__retarget_lock_close_recursive
                0x10004e54        0x4 c:/maximsdk/tools/gnutools/10.3/bin/../lib/gcc/arm-none-eabi/10.3.1/../../../../arm-none-eabi/lib/thumb/v7e-m+fp/softfp\libc.a(lib_a-lock.o)
                0x10004e54                __retarget_lock_close_recursive
 .text.__retarget_lock_acquire_recursive
                0x10004e58        0x4 c:/maximsdk/tools/gnutools/10.3/bin/../lib/gcc/arm-none-eabi/10.3.1/../../../../arm-none-eabi/lib/thumb/v7e-m+fp/softfp\libc.a(lib_a-lock.o)
                0x10004e58                __retarget_lock_acquire_recursive
 .text.__retarget_lock_release_recursive
                0x10004e5c        0x4 c:/maximsdk/tools/gnutools/10.3/bin/../lib/gcc/arm-none-eabi/10.3.1/../../../../arm-none-eabi/lib/thumb/v7e-m+fp/softfp\libc.a(lib_a-lock.o)
                0x10004e5c                __retarget_lock_release_recursive
 .text.__smakebuf_r
                0x10004e60       0xe0 c:/maximsdk/tools/gnutools/10.3/bin/../lib/gcc/arm-none-eabi/10.3.1/../../../../arm-none-eabi/lib/thumb/v7e-m+fp/softfp\libc.a(lib_a-makebuf.o)
                0x10004e60                __smakebuf_r
 .text._malloc_r
                0x10004f40      0x560 c:/maximsdk/tools/gnutools/10.3/bin/../lib/gcc/arm-none-eabi/10.3.1/../../../../arm-none-eabi/lib/thumb/v7e-m+fp/softfp\libc.a(lib_a-mallocr.o)
                0x10004f40                _malloc_r
 .text          0x100054a0       0xa0 c:/maximsdk/tools/gnutools/10.3/bin/../lib/gcc/arm-none-eabi/10.3.1/../../../../arm-none-eabi/lib/thumb/v7e-m+fp/softfp\libc.a(lib_a-memchr.o)
                0x100054a0                memchr
 .text.memmove  0x10005540       0xf8 c:/maximsdk/tools/gnutools/10.3/bin/../lib/gcc/arm-none-eabi/10.3.1/../../../../arm-none-eabi/lib/thumb/v7e-m+fp/softfp\libc.a(lib_a-memmove.o)
                0x10005540                memmove
 .text.__malloc_lock
                0x10005638        0xc c:/maximsdk/tools/gnutools/10.3/bin/../lib/gcc/arm-none-eabi/10.3.1/../../../../arm-none-eabi/lib/thumb/v7e-m+fp/softfp\libc.a(lib_a-mlock.o)
                0x10005638                __malloc_lock
 .text.__malloc_unlock
                0x10005644        0xc c:/maximsdk/tools/gnutools/10.3/bin/../lib/gcc/arm-none-eabi/10.3.1/../../../../arm-none-eabi/lib/thumb/v7e-m+fp/softfp\libc.a(lib_a-mlock.o)
                0x10005644                __malloc_unlock
 .text._Balloc  0x10005650       0x4c c:/maximsdk/tools/gnutools/10.3/bin/../lib/gcc/arm-none-eabi/10.3.1/../../../../arm-none-eabi/lib/thumb/v7e-m+fp/softfp\libc.a(lib_a-mprec.o)
                0x10005650                _Balloc
 .text._Bfree   0x1000569c       0x14 c:/maximsdk/tools/gnutools/10.3/bin/../lib/gcc/arm-none-eabi/10.3.1/../../../../arm-none-eabi/lib/thumb/v7e-m+fp/softfp\libc.a(lib_a-mprec.o)
                0x1000569c                _Bfree
 .text.__multadd
                0x100056b0       0xa8 c:/maximsdk/tools/gnutools/10.3/bin/../lib/gcc/arm-none-eabi/10.3.1/../../../../arm-none-eabi/lib/thumb/v7e-m+fp/softfp\libc.a(lib_a-mprec.o)
                0x100056b0                __multadd
 .text.__hi0bits
                0x10005758       0x40 c:/maximsdk/tools/gnutools/10.3/bin/../lib/gcc/arm-none-eabi/10.3.1/../../../../arm-none-eabi/lib/thumb/v7e-m+fp/softfp\libc.a(lib_a-mprec.o)
                0x10005758                __hi0bits
 .text.__lo0bits
                0x10005798       0x60 c:/maximsdk/tools/gnutools/10.3/bin/../lib/gcc/arm-none-eabi/10.3.1/../../../../arm-none-eabi/lib/thumb/v7e-m+fp/softfp\libc.a(lib_a-mprec.o)
                0x10005798                __lo0bits
 .text.__i2b    0x100057f8       0x5c c:/maximsdk/tools/gnutools/10.3/bin/../lib/gcc/arm-none-eabi/10.3.1/../../../../arm-none-eabi/lib/thumb/v7e-m+fp/softfp\libc.a(lib_a-mprec.o)
                0x100057f8                __i2b
 .text.__multiply
                0x10005854      0x15c c:/maximsdk/tools/gnutools/10.3/bin/../lib/gcc/arm-none-eabi/10.3.1/../../../../arm-none-eabi/lib/thumb/v7e-m+fp/softfp\libc.a(lib_a-mprec.o)
                0x10005854                __multiply
 .text.__pow5mult
                0x100059b0       0xc0 c:/maximsdk/tools/gnutools/10.3/bin/../lib/gcc/arm-none-eabi/10.3.1/../../../../arm-none-eabi/lib/thumb/v7e-m+fp/softfp\libc.a(lib_a-mprec.o)
                0x100059b0                __pow5mult
 .text.__lshift
                0x10005a70       0xf0 c:/maximsdk/tools/gnutools/10.3/bin/../lib/gcc/arm-none-eabi/10.3.1/../../../../arm-none-eabi/lib/thumb/v7e-m+fp/softfp\libc.a(lib_a-mprec.o)
                0x10005a70                __lshift
 .text.__mcmp   0x10005b60       0x44 c:/maximsdk/tools/gnutools/10.3/bin/../lib/gcc/arm-none-eabi/10.3.1/../../../../arm-none-eabi/lib/thumb/v7e-m+fp/softfp\libc.a(lib_a-mprec.o)
                0x10005b60                __mcmp
 .text.__mdiff  0x10005ba4      0x14c c:/maximsdk/tools/gnutools/10.3/bin/../lib/gcc/arm-none-eabi/10.3.1/../../../../arm-none-eabi/lib/thumb/v7e-m+fp/softfp\libc.a(lib_a-mprec.o)
                0x10005ba4                __mdiff
 .text.__d2b    0x10005cf0       0xc4 c:/maximsdk/tools/gnutools/10.3/bin/../lib/gcc/arm-none-eabi/10.3.1/../../../../arm-none-eabi/lib/thumb/v7e-m+fp/softfp\libc.a(lib_a-mprec.o)
                0x10005cf0                __d2b
 .text._realloc_r
                0x10005db4      0x3d8 c:/maximsdk/tools/gnutools/10.3/bin/../lib/gcc/arm-none-eabi/10.3.1/../../../../arm-none-eabi/lib/thumb/v7e-m+fp/softfp\libc.a(lib_a-reallocr.o)
                0x10005db4                _realloc_r
 .text.frexp    0x1000618c       0x70 c:/maximsdk/tools/gnutools/10.3/bin/../lib/gcc/arm-none-eabi/10.3.1/../../../../arm-none-eabi/lib/thumb/v7e-m+fp/softfp\libc.a(lib_a-s_frexp.o)
                0x1000618c                frexp
 .text._sbrk_r  0x100061fc       0x24 c:/maximsdk/tools/gnutools/10.3/bin/../lib/gcc/arm-none-eabi/10.3.1/../../../../arm-none-eabi/lib/thumb/v7e-m+fp/softfp\libc.a(lib_a-sbrkr.o)
                0x100061fc                _sbrk_r
 .text.__sread  0x10006220       0x24 c:/maximsdk/tools/gnutools/10.3/bin/../lib/gcc/arm-none-eabi/10.3.1/../../../../arm-none-eabi/lib/thumb/v7e-m+fp/softfp\libc.a(lib_a-stdio.o)
                0x10006220                __sread
 .text.__swrite
                0x10006244       0x40 c:/maximsdk/tools/gnutools/10.3/bin/../lib/gcc/arm-none-eabi/10.3.1/../../../../arm-none-eabi/lib/thumb/v7e-m+fp/softfp\libc.a(lib_a-stdio.o)
                0x10006244                __swrite
 .text.__sseek  0x10006284       0x20 c:/maximsdk/tools/gnutools/10.3/bin/../lib/gcc/arm-none-eabi/10.3.1/../../../../arm-none-eabi/lib/thumb/v7e-m+fp/softfp\libc.a(lib_a-stdio.o)
                0x10006284                __sseek
 .text.__sclose
                0x100062a4        0x8 c:/maximsdk/tools/gnutools/10.3/bin/../lib/gcc/arm-none-eabi/10.3.1/../../../../arm-none-eabi/lib/thumb/v7e-m+fp/softfp\libc.a(lib_a-stdio.o)
                0x100062a4                __sclose
 .text.strncpy  0x100062ac       0x64 c:/maximsdk/tools/gnutools/10.3/bin/../lib/gcc/arm-none-eabi/10.3.1/../../../../arm-none-eabi/lib/thumb/v7e-m+fp/softfp\libc.a(lib_a-strncpy.o)
                0x100062ac                strncpy
 .text.__sprint_r.part.0
                0x10006310       0x78 c:/maximsdk/tools/gnutools/10.3/bin/../lib/gcc/arm-none-eabi/10.3.1/../../../../arm-none-eabi/lib/thumb/v7e-m+fp/softfp\libc.a(lib_a-vfiprintf.o)
 .text.__sprint_r
                0x10006388       0x18 c:/maximsdk/tools/gnutools/10.3/bin/../lib/gcc/arm-none-eabi/10.3.1/../../../../arm-none-eabi/lib/thumb/v7e-m+fp/softfp\libc.a(lib_a-vfiprintf.o)
                0x10006388                __sprint_r
 .text._vfiprintf_r
                0x100063a0      0xdfc c:/maximsdk/tools/gnutools/10.3/bin/../lib/gcc/arm-none-eabi/10.3.1/../../../../arm-none-eabi/lib/thumb/v7e-m+fp/softfp\libc.a(lib_a-vfiprintf.o)
                0x100063a0                _vfiprintf_r
 .text.__sbprintf
                0x1000719c       0x80 c:/maximsdk/tools/gnutools/10.3/bin/../lib/gcc/arm-none-eabi/10.3.1/../../../../arm-none-eabi/lib/thumb/v7e-m+fp/softfp\libc.a(lib_a-vfiprintf.o)
 .text._write_r
                0x1000721c       0x2c c:/maximsdk/tools/gnutools/10.3/bin/../lib/gcc/arm-none-eabi/10.3.1/../../../../arm-none-eabi/lib/thumb/v7e-m+fp/softfp\libc.a(lib_a-writer.o)
                0x1000721c                _write_r
 .text.__register_exitproc
                0x10007248       0x8c c:/maximsdk/tools/gnutools/10.3/bin/../lib/gcc/arm-none-eabi/10.3.1/../../../../arm-none-eabi/lib/thumb/v7e-m+fp/softfp\libc.a(lib_a-__atexit.o)
                0x10007248                __register_exitproc
 .text.__assert_func
                0x100072d4       0x40 c:/maximsdk/tools/gnutools/10.3/bin/../lib/gcc/arm-none-eabi/10.3.1/../../../../arm-none-eabi/lib/thumb/v7e-m+fp/softfp\libc.a(lib_a-assert.o)
                0x100072d4                __assert_func
 .text._calloc_r
                0x10007314       0x78 c:/maximsdk/tools/gnutools/10.3/bin/../lib/gcc/arm-none-eabi/10.3.1/../../../../arm-none-eabi/lib/thumb/v7e-m+fp/softfp\libc.a(lib_a-callocr.o)
                0x10007314                _calloc_r
 .text._close_r
                0x1000738c       0x24 c:/maximsdk/tools/gnutools/10.3/bin/../lib/gcc/arm-none-eabi/10.3.1/../../../../arm-none-eabi/lib/thumb/v7e-m+fp/softfp\libc.a(lib_a-closer.o)
                0x1000738c                _close_r
 .text._fclose_r
                0x100073b0       0xcc c:/maximsdk/tools/gnutools/10.3/bin/../lib/gcc/arm-none-eabi/10.3.1/../../../../arm-none-eabi/lib/thumb/v7e-m+fp/softfp\libc.a(lib_a-fclose.o)
                0x100073b0                _fclose_r
 .text.fiprintf
                0x1000747c       0x28 c:/maximsdk/tools/gnutools/10.3/bin/../lib/gcc/arm-none-eabi/10.3.1/../../../../arm-none-eabi/lib/thumb/v7e-m+fp/softfp\libc.a(lib_a-fiprintf.o)
                0x1000747c                fiprintf
 .text.__fputwc
                0x100074a4       0xa8 c:/maximsdk/tools/gnutools/10.3/bin/../lib/gcc/arm-none-eabi/10.3.1/../../../../arm-none-eabi/lib/thumb/v7e-m+fp/softfp\libc.a(lib_a-fputwc.o)
                0x100074a4                __fputwc
 .text._fputwc_r
                0x1000754c       0x68 c:/maximsdk/tools/gnutools/10.3/bin/../lib/gcc/arm-none-eabi/10.3.1/../../../../arm-none-eabi/lib/thumb/v7e-m+fp/softfp\libc.a(lib_a-fputwc.o)
                0x1000754c                _fputwc_r
 .text._fstat_r
                0x100075b4       0x2c c:/maximsdk/tools/gnutools/10.3/bin/../lib/gcc/arm-none-eabi/10.3.1/../../../../arm-none-eabi/lib/thumb/v7e-m+fp/softfp\libc.a(lib_a-fstatr.o)
                0x100075b4                _fstat_r
 .text._isatty_r
                0x100075e0       0x24 c:/maximsdk/tools/gnutools/10.3/bin/../lib/gcc/arm-none-eabi/10.3.1/../../../../arm-none-eabi/lib/thumb/v7e-m+fp/softfp\libc.a(lib_a-isattyr.o)
                0x100075e0                _isatty_r
 .text.__locale_mb_cur_max
                0x10007604        0xc c:/maximsdk/tools/gnutools/10.3/bin/../lib/gcc/arm-none-eabi/10.3.1/../../../../arm-none-eabi/lib/thumb/v7e-m+fp/softfp\libc.a(lib_a-locale.o)
                0x10007604                __locale_mb_cur_max
 .text._lseek_r
                0x10007610       0x2c c:/maximsdk/tools/gnutools/10.3/bin/../lib/gcc/arm-none-eabi/10.3.1/../../../../arm-none-eabi/lib/thumb/v7e-m+fp/softfp\libc.a(lib_a-lseekr.o)
                0x10007610                _lseek_r
 .text.__ascii_mbtowc
                0x1000763c       0x2c c:/maximsdk/tools/gnutools/10.3/bin/../lib/gcc/arm-none-eabi/10.3.1/../../../../arm-none-eabi/lib/thumb/v7e-m+fp/softfp\libc.a(lib_a-mbtowc_r.o)
                0x1000763c                __ascii_mbtowc
 .text._read_r  0x10007668       0x2c c:/maximsdk/tools/gnutools/10.3/bin/../lib/gcc/arm-none-eabi/10.3.1/../../../../arm-none-eabi/lib/thumb/v7e-m+fp/softfp\libc.a(lib_a-readr.o)
                0x10007668                _read_r
 .text.__swbuf_r
                0x10007694       0xb0 c:/maximsdk/tools/gnutools/10.3/bin/../lib/gcc/arm-none-eabi/10.3.1/../../../../arm-none-eabi/lib/thumb/v7e-m+fp/softfp\libc.a(lib_a-wbuf.o)
                0x10007694                __swbuf_r
 .text._wcrtomb_r
                0x10007744       0x3c c:/maximsdk/tools/gnutools/10.3/bin/../lib/gcc/arm-none-eabi/10.3.1/../../../../arm-none-eabi/lib/thumb/v7e-m+fp/softfp\libc.a(lib_a-wcrtomb.o)
                0x10007744                _wcrtomb_r
 .text.__ascii_wctomb
                0x10007780       0x1c c:/maximsdk/tools/gnutools/10.3/bin/../lib/gcc/arm-none-eabi/10.3.1/../../../../arm-none-eabi/lib/thumb/v7e-m+fp/softfp\libc.a(lib_a-wctomb_r.o)
                0x10007780                __ascii_wctomb
 .text.abort    0x1000779c       0x10 c:/maximsdk/tools/gnutools/10.3/bin/../lib/gcc/arm-none-eabi/10.3.1/../../../../arm-none-eabi/lib/thumb/v7e-m+fp/softfp\libc.a(lib_a-abort.o)
                0x1000779c                abort
 .text.raise    0x100077ac       0x5c c:/maximsdk/tools/gnutools/10.3/bin/../lib/gcc/arm-none-eabi/10.3.1/../../../../arm-none-eabi/lib/thumb/v7e-m+fp/softfp\libc.a(lib_a-signal.o)
                0x100077ac                raise
 .text._kill_r  0x10007808       0x2c c:/maximsdk/tools/gnutools/10.3/bin/../lib/gcc/arm-none-eabi/10.3.1/../../../../arm-none-eabi/lib/thumb/v7e-m+fp/softfp\libc.a(lib_a-signalr.o)
                0x10007808                _kill_r
 .text._getpid_r
                0x10007834        0x4 c:/maximsdk/tools/gnutools/10.3/bin/../lib/gcc/arm-none-eabi/10.3.1/../../../../arm-none-eabi/lib/thumb/v7e-m+fp/softfp\libc.a(lib_a-signalr.o)
                0x10007834                _getpid_r
 .text._exit    0x10007838        0x4 c:/maximsdk/tools/gnutools/10.3/bin/../lib/gcc/arm-none-eabi/10.3.1/../../../../arm-none-eabi/lib/thumb/v7e-m+fp/softfp\libnosys.a(_exit.o)
                0x10007838                _exit
 .text          0x1000783c      0x378 c:/maximsdk/tools/gnutools/10.3/bin/../lib/gcc/arm-none-eabi/10.3.1/thumb/v7e-m+fp/softfp\libgcc.a(_arm_addsubdf3.o)
                0x1000783c                __aeabi_drsub
                0x10007844                __aeabi_dsub
                0x10007844                __subdf3
                0x10007848                __aeabi_dadd
                0x10007848                __adddf3
                0x10007ac0                __floatunsidf
                0x10007ac0                __aeabi_ui2d
                0x10007ae0                __floatsidf
                0x10007ae0                __aeabi_i2d
                0x10007b04                __aeabi_f2d
                0x10007b04                __extendsfdf2
                0x10007b48                __floatundidf
                0x10007b48                __aeabi_ul2d
                0x10007b58                __floatdidf
                0x10007b58                __aeabi_l2d
 .text          0x10007bb4      0x424 c:/maximsdk/tools/gnutools/10.3/bin/../lib/gcc/arm-none-eabi/10.3.1/thumb/v7e-m+fp/softfp\libgcc.a(_arm_muldivdf3.o)
                0x10007bb4                __aeabi_dmul
                0x10007bb4                __muldf3
                0x10007e08                __divdf3
                0x10007e08                __aeabi_ddiv
 .text          0x10007fd8      0x110 c:/maximsdk/tools/gnutools/10.3/bin/../lib/gcc/arm-none-eabi/10.3.1/thumb/v7e-m+fp/softfp\libgcc.a(_arm_cmpdf2.o)
                0x10007fd8                __gtdf2
                0x10007fd8                __gedf2
                0x10007fe0                __ltdf2
                0x10007fe0                __ledf2
                0x10007fe8                __nedf2
                0x10007fe8                __eqdf2
                0x10007fe8                __cmpdf2
                0x10008064                __aeabi_cdrcmple
                0x10008074                __aeabi_cdcmpeq
                0x10008074                __aeabi_cdcmple
                0x10008084                __aeabi_dcmpeq
                0x10008098                __aeabi_dcmplt
                0x100080ac                __aeabi_dcmple
                0x100080c0                __aeabi_dcmpge
                0x100080d4                __aeabi_dcmpgt
 .text          0x100080e8       0x2c c:/maximsdk/tools/gnutools/10.3/bin/../lib/gcc/arm-none-eabi/10.3.1/thumb/v7e-m+fp/softfp\libgcc.a(_arm_unorddf2.o)
                0x100080e8                __unorddf2
                0x100080e8                __aeabi_dcmpun
 .text          0x10008114       0x50 c:/maximsdk/tools/gnutools/10.3/bin/../lib/gcc/arm-none-eabi/10.3.1/thumb/v7e-m+fp/softfp\libgcc.a(_arm_fixdfsi.o)
                0x10008114                __aeabi_d2iz
                0x10008114                __fixdfsi
 .text          0x10008164       0x30 c:/maximsdk/tools/gnutools/10.3/bin/../lib/gcc/arm-none-eabi/10.3.1/thumb/v7e-m+fp/softfp\libgcc.a(_aeabi_uldivmod.o)
                0x10008164                __aeabi_uldivmod
 .text          0x10008194      0x2d0 c:/maximsdk/tools/gnutools/10.3/bin/../lib/gcc/arm-none-eabi/10.3.1/thumb/v7e-m+fp/softfp\libgcc.a(_udivmoddi4.o)
                0x10008194                __udivmoddi4
 .text          0x10008464        0x4 c:/maximsdk/tools/gnutools/10.3/bin/../lib/gcc/arm-none-eabi/10.3.1/thumb/v7e-m+fp/softfp\libgcc.a(_dvmd_tls.o)
                0x10008464                __aeabi_idiv0
                0x10008464                __aeabi_ldiv0
 *(.rodata*)
 .rodata.main.str1.4
                0x10008468       0x1c c:/Users/ptcha/OneDrive/Documents/GitHub/CodePlayGround/Hello_World/build/main.o
 .rodata.mxc_assert.str1.4
                0x10008484       0x19 c:/Users/ptcha/OneDrive/Documents/GitHub/CodePlayGround/Hello_World/build/board.o
 *fill*         0x1000849d        0x3 
 .rodata.Board_Init.str1.4
                0x100084a0       0x41 c:/Users/ptcha/OneDrive/Documents/GitHub/CodePlayGround/Hello_World/build/board.o
 *fill*         0x100084e1        0x3 
 .rodata.led_pin
                0x100084e4       0x24 c:/Users/ptcha/OneDrive/Documents/GitHub/CodePlayGround/Hello_World/build/board.o
                0x100084e4                led_pin
 .rodata.num_leds
                0x10008508        0x4 c:/Users/ptcha/OneDrive/Documents/GitHub/CodePlayGround/Hello_World/build/board.o
                0x10008508                num_leds
 .rodata.num_pbs
                0x1000850c        0x4 c:/Users/ptcha/OneDrive/Documents/GitHub/CodePlayGround/Hello_World/build/board.o
                0x1000850c                num_pbs
 .rodata.pb_pin
                0x10008510        0xc c:/Users/ptcha/OneDrive/Documents/GitHub/CodePlayGround/Hello_World/build/board.o
                0x10008510                pb_pin
 .rodata.LED_On.str1.4
                0x1000851c       0x3b c:/Users/ptcha/OneDrive/Documents/GitHub/CodePlayGround/Hello_World/build/led.o
 *fill*         0x10008557        0x1 
 .rodata.MXC_UART_RevA_Init.str1.4
                0x10008558       0x77 C:/MaximSDK/Libraries/PeriphDrivers/bin/MAX32665/softfp/libPeriphDriver_softfp.a(uart_reva.o)
 *fill*         0x100085cf        0x1 
 .rodata.gpio_cfg_uart0a
                0x100085d0        0xc C:/MaximSDK/Libraries/PeriphDrivers/bin/MAX32665/softfp/libPeriphDriver_softfp.a(pins_me14.o)
                0x100085d0                gpio_cfg_uart0a
 .rodata.gpio_cfg_uart0b
                0x100085dc        0xc C:/MaximSDK/Libraries/PeriphDrivers/bin/MAX32665/softfp/libPeriphDriver_softfp.a(pins_me14.o)
                0x100085dc                gpio_cfg_uart0b
 .rodata.gpio_cfg_uart1a
                0x100085e8        0xc C:/MaximSDK/Libraries/PeriphDrivers/bin/MAX32665/softfp/libPeriphDriver_softfp.a(pins_me14.o)
                0x100085e8                gpio_cfg_uart1a
 .rodata.gpio_cfg_uart1b
                0x100085f4        0xc C:/MaximSDK/Libraries/PeriphDrivers/bin/MAX32665/softfp/libPeriphDriver_softfp.a(pins_me14.o)
                0x100085f4                gpio_cfg_uart1b
 .rodata.gpio_cfg_uart2a
                0x10008600        0xc C:/MaximSDK/Libraries/PeriphDrivers/bin/MAX32665/softfp/libPeriphDriver_softfp.a(pins_me14.o)
                0x10008600                gpio_cfg_uart2a
 .rodata.gpio_cfg_uart2b
                0x1000860c        0xc C:/MaximSDK/Libraries/PeriphDrivers/bin/MAX32665/softfp/libPeriphDriver_softfp.a(pins_me14.o)
                0x1000860c                gpio_cfg_uart2b
 .rodata.MXC_GPIO_Common_Handler.str1.4
                0x10008618       0x66 C:/MaximSDK/Libraries/PeriphDrivers/bin/MAX32665/softfp/libPeriphDriver_softfp.a(gpio_common.o)
 *fill*         0x1000867e        0x2 
 .rodata._global_impure_ptr
                0x10008680        0x4 c:/maximsdk/tools/gnutools/10.3/bin/../lib/gcc/arm-none-eabi/10.3.1/../../../../arm-none-eabi/lib/thumb/v7e-m+fp/softfp\libc.a(lib_a-impure.o)
                0x10008680                _global_impure_ptr
 .rodata._puts_r.str1.4
                0x10008684        0x2 c:/maximsdk/tools/gnutools/10.3/bin/../lib/gcc/arm-none-eabi/10.3.1/../../../../arm-none-eabi/lib/thumb/v7e-m+fp/softfp\libc.a(lib_a-puts.o)
 *fill*         0x10008686        0x2 
 .rodata._vfprintf_r.str1.4
                0x10008688       0x42 c:/maximsdk/tools/gnutools/10.3/bin/../lib/gcc/arm-none-eabi/10.3.1/../../../../arm-none-eabi/lib/thumb/v7e-m+fp/softfp\libc.a(lib_a-vfprintf.o)
 *fill*         0x100086ca        0x2 
 .rodata.blanks.1
                0x100086cc       0x10 c:/maximsdk/tools/gnutools/10.3/bin/../lib/gcc/arm-none-eabi/10.3.1/../../../../arm-none-eabi/lib/thumb/v7e-m+fp/softfp\libc.a(lib_a-vfprintf.o)
 .rodata.zeroes.0
                0x100086dc       0x10 c:/maximsdk/tools/gnutools/10.3/bin/../lib/gcc/arm-none-eabi/10.3.1/../../../../arm-none-eabi/lib/thumb/v7e-m+fp/softfp\libc.a(lib_a-vfprintf.o)
 .rodata._dtoa_r.str1.4
                0x100086ec       0xa2 c:/maximsdk/tools/gnutools/10.3/bin/../lib/gcc/arm-none-eabi/10.3.1/../../../../arm-none-eabi/lib/thumb/v7e-m+fp/softfp\libc.a(lib_a-dtoa.o)
                                 0xa6 (size before relaxing)
 *fill*         0x1000878e        0x2 
 .rodata.__multadd.str1.4
                0x10008790       0x7f c:/maximsdk/tools/gnutools/10.3/bin/../lib/gcc/arm-none-eabi/10.3.1/../../../../arm-none-eabi/lib/thumb/v7e-m+fp/softfp\libc.a(lib_a-mprec.o)
                                 0x93 (size before relaxing)
 *fill*         0x1000880f        0x1 
 .rodata.__mprec_bigtens
                0x10008810       0x28 c:/maximsdk/tools/gnutools/10.3/bin/../lib/gcc/arm-none-eabi/10.3.1/../../../../arm-none-eabi/lib/thumb/v7e-m+fp/softfp\libc.a(lib_a-mprec.o)
                0x10008810                __mprec_bigtens
 .rodata.__mprec_tens
                0x10008838       0xc8 c:/maximsdk/tools/gnutools/10.3/bin/../lib/gcc/arm-none-eabi/10.3.1/../../../../arm-none-eabi/lib/thumb/v7e-m+fp/softfp\libc.a(lib_a-mprec.o)
                0x10008838                __mprec_tens
 .rodata.p05.0  0x10008900        0xc c:/maximsdk/tools/gnutools/10.3/bin/../lib/gcc/arm-none-eabi/10.3.1/../../../../arm-none-eabi/lib/thumb/v7e-m+fp/softfp\libc.a(lib_a-mprec.o)
 .rodata._vfiprintf_r.str1.4
                0x1000890c       0x2f c:/maximsdk/tools/gnutools/10.3/bin/../lib/gcc/arm-none-eabi/10.3.1/../../../../arm-none-eabi/lib/thumb/v7e-m+fp/softfp\libc.a(lib_a-vfiprintf.o)
 .rodata.blanks.1
                0x1000890c       0x10 c:/maximsdk/tools/gnutools/10.3/bin/../lib/gcc/arm-none-eabi/10.3.1/../../../../arm-none-eabi/lib/thumb/v7e-m+fp/softfp\libc.a(lib_a-vfiprintf.o)
 .rodata.zeroes.0
                0x1000891c       0x10 c:/maximsdk/tools/gnutools/10.3/bin/../lib/gcc/arm-none-eabi/10.3.1/../../../../arm-none-eabi/lib/thumb/v7e-m+fp/softfp\libc.a(lib_a-vfiprintf.o)
 .rodata.__assert_func.str1.4
                0x1000892c       0x3f c:/maximsdk/tools/gnutools/10.3/bin/../lib/gcc/arm-none-eabi/10.3.1/../../../../arm-none-eabi/lib/thumb/v7e-m+fp/softfp\libc.a(lib_a-assert.o)
                                 0x43 (size before relaxing)
 *fill*         0x1000896b        0x1 
 .rodata._setlocale_r.str1.4
                0x1000896c        0xa c:/maximsdk/tools/gnutools/10.3/bin/../lib/gcc/arm-none-eabi/10.3.1/../../../../arm-none-eabi/lib/thumb/v7e-m+fp/softfp\libc.a(lib_a-locale.o)
                                  0xd (size before relaxing)
 *fill*         0x10008976        0x2 
 .rodata.str1.4
                0x10008978        0x2 c:/maximsdk/tools/gnutools/10.3/bin/../lib/gcc/arm-none-eabi/10.3.1/../../../../arm-none-eabi/lib/thumb/v7e-m+fp/softfp\libc.a(lib_a-locale.o)
 *fill*         0x1000897a        0x2 
 .rodata._ctype_
                0x1000897c      0x101 c:/maximsdk/tools/gnutools/10.3/bin/../lib/gcc/arm-none-eabi/10.3.1/../../../../arm-none-eabi/lib/thumb/v7e-m+fp/softfp\libc.a(lib_a-ctype_.o)
                0x1000897c                _ctype_
 *(.init)
 *fill*         0x10008a7d        0x3 
 .init          0x10008a80        0x4 c:/maximsdk/tools/gnutools/10.3/bin/../lib/gcc/arm-none-eabi/10.3.1/thumb/v7e-m+fp/softfp/crti.o
                0x10008a80                _init
 .init          0x10008a84        0x8 c:/maximsdk/tools/gnutools/10.3/bin/../lib/gcc/arm-none-eabi/10.3.1/thumb/v7e-m+fp/softfp/crtn.o
 *(.fini)
 .fini          0x10008a8c        0x4 c:/maximsdk/tools/gnutools/10.3/bin/../lib/gcc/arm-none-eabi/10.3.1/thumb/v7e-m+fp/softfp/crti.o
                0x10008a8c                _fini
 .fini          0x10008a90        0x8 c:/maximsdk/tools/gnutools/10.3/bin/../lib/gcc/arm-none-eabi/10.3.1/thumb/v7e-m+fp/softfp/crtn.o
 *crtbegin.o(.ctors)
 *crtbegin?.o(.ctors)
 *(EXCLUDE_FILE(*crtend.o *crtend?.o) .ctors)
 *(SORT_BY_NAME(.ctors.*))
 *(.ctors)
 *crtbegin.o(.dtors)
 *crtbegin?.o(.dtors)
 *(EXCLUDE_FILE(*crtend.o *crtend?.o) .dtors)
 *(SORT_BY_NAME(.dtors.*))
 *(.dtors)
 *(.eh_frame*)
 .eh_frame      0x10008a98        0x0 c:/maximsdk/tools/gnutools/10.3/bin/../lib/gcc/arm-none-eabi/10.3.1/thumb/v7e-m+fp/softfp/crtbegin.o
 .eh_frame      0x10008a98        0x4 c:/maximsdk/tools/gnutools/10.3/bin/../lib/gcc/arm-none-eabi/10.3.1/thumb/v7e-m+fp/softfp/crtend.o
                0x10008a9c                _etext = .

.glue_7         0x10008a9c        0x0
 .glue_7        0x10008a9c        0x0 linker stubs

.glue_7t        0x10008a9c        0x0
 .glue_7t       0x10008a9c        0x0 linker stubs

.vfp11_veneer   0x10008a9c        0x0
 .vfp11_veneer  0x10008a9c        0x0 linker stubs

.v4_bx          0x10008a9c        0x0
 .v4_bx         0x10008a9c        0x0 linker stubs

.iplt           0x10008a9c        0x0
 .iplt          0x10008a9c        0x0 c:/maximsdk/tools/gnutools/10.3/bin/../lib/gcc/arm-none-eabi/10.3.1/thumb/v7e-m+fp/softfp/crtbegin.o

.ARM.extab
 *(.ARM.extab* .gnu.linkonce.armextab.*)

.xip_section    0x08000000        0x0 load address 0x10008a9c
 *(.xip_section*)
                0x10008a9c                __load_start_xip = LOADADDR (.xip_section)
                0x00000000                __load_length_xip = SIZEOF (.xip_section)

.ARM.exidx      0x10008a9c        0x8
                0x10008a9c                __exidx_start = .
 *(.ARM.exidx* .gnu.linkonce.armexidx.*)
 .ARM.exidx     0x10008a9c        0x8 c:/maximsdk/tools/gnutools/10.3/bin/../lib/gcc/arm-none-eabi/10.3.1/thumb/v7e-m+fp/softfp\libgcc.a(_udivmoddi4.o)
                0x10008aa4                __exidx_end = .

.rel.dyn        0x10008aa4        0x0
 .rel.iplt      0x10008aa4        0x0 c:/maximsdk/tools/gnutools/10.3/bin/../lib/gcc/arm-none-eabi/10.3.1/thumb/v7e-m+fp/softfp/crtbegin.o

.data           0x20000000      0x9c4 load address 0x10008aa4
                0x20000000                _data = ALIGN (., 0x4)
 *(vtable)
 *(.data*)
 .data.ConsoleUart
                0x20000000        0x4 c:/Users/ptcha/OneDrive/Documents/GitHub/CodePlayGround/Hello_World/build/board.o
                0x20000000                ConsoleUart
 .data.SystemCoreClock
                0x20000004        0x4 c:/Users/ptcha/OneDrive/Documents/GitHub/CodePlayGround/Hello_World/build/system_max32665.o
                0x20000004                SystemCoreClock
 .data.overflows
                0x20000008        0x4 C:/MaximSDK/Libraries/PeriphDrivers/bin/MAX32665/softfp/libPeriphDriver_softfp.a(mxc_delay.o)
 .data._impure_ptr
                0x2000000c        0x4 c:/maximsdk/tools/gnutools/10.3/bin/../lib/gcc/arm-none-eabi/10.3.1/../../../../arm-none-eabi/lib/thumb/v7e-m+fp/softfp\libc.a(lib_a-impure.o)
                0x2000000c                _impure_ptr
 .data.impure_data
                0x20000010      0x428 c:/maximsdk/tools/gnutools/10.3/bin/../lib/gcc/arm-none-eabi/10.3.1/../../../../arm-none-eabi/lib/thumb/v7e-m+fp/softfp\libc.a(lib_a-impure.o)
 .data.__atexit_recursive_mutex
                0x20000438        0x4 c:/maximsdk/tools/gnutools/10.3/bin/../lib/gcc/arm-none-eabi/10.3.1/../../../../arm-none-eabi/lib/thumb/v7e-m+fp/softfp\libc.a(lib_a-__call_atexit.o)
                0x20000438                __atexit_recursive_mutex
 .data.__malloc_av_
                0x2000043c      0x408 c:/maximsdk/tools/gnutools/10.3/bin/../lib/gcc/arm-none-eabi/10.3.1/../../../../arm-none-eabi/lib/thumb/v7e-m+fp/softfp\libc.a(lib_a-mallocr.o)
                0x2000043c                __malloc_av_
 .data.__malloc_sbrk_base
                0x20000844        0x4 c:/maximsdk/tools/gnutools/10.3/bin/../lib/gcc/arm-none-eabi/10.3.1/../../../../arm-none-eabi/lib/thumb/v7e-m+fp/softfp\libc.a(lib_a-mallocr.o)
                0x20000844                __malloc_sbrk_base
 .data.__malloc_trim_threshold
                0x20000848        0x4 c:/maximsdk/tools/gnutools/10.3/bin/../lib/gcc/arm-none-eabi/10.3.1/../../../../arm-none-eabi/lib/thumb/v7e-m+fp/softfp\libc.a(lib_a-mallocr.o)
                0x20000848                __malloc_trim_threshold
 .data.__global_locale
                0x2000084c      0x16c c:/maximsdk/tools/gnutools/10.3/bin/../lib/gcc/arm-none-eabi/10.3.1/../../../../arm-none-eabi/lib/thumb/v7e-m+fp/softfp\libc.a(lib_a-locale.o)
                0x2000084c                __global_locale
 *(.spix_config*)
 *(.flashprog*)
                0x200009b8                . = ALIGN (0x4)
                0x200009b8                PROVIDE (__preinit_array_start = .)
 *(.preinit_array)
                0x200009b8                PROVIDE (__preinit_array_end = .)
                0x200009b8                . = ALIGN (0x4)
                0x200009b8                PROVIDE (__init_array_start = .)
 *(SORT_BY_NAME(.init_array.*))
 .init_array.00000
                0x200009b8        0x4 c:/maximsdk/tools/gnutools/10.3/bin/../lib/gcc/arm-none-eabi/10.3.1/../../../../arm-none-eabi/lib/thumb/v7e-m+fp/softfp\libc.a(lib_a-__call_atexit.o)
 *(.init_array)
 .init_array    0x200009bc        0x4 c:/maximsdk/tools/gnutools/10.3/bin/../lib/gcc/arm-none-eabi/10.3.1/thumb/v7e-m+fp/softfp/crtbegin.o
                0x200009c0                PROVIDE (__init_array_end = .)
                0x200009c0                . = ALIGN (0x4)
                0x200009c0                PROVIDE (__fini_array_start = .)
 *(SORT_BY_NAME(.fini_array.*))
 *(.fini_array)
 .fini_array    0x200009c0        0x4 c:/maximsdk/tools/gnutools/10.3/bin/../lib/gcc/arm-none-eabi/10.3.1/thumb/v7e-m+fp/softfp/crtbegin.o
                0x200009c4                PROVIDE (__fini_array_end = .)
                0x200009c4                _edata = ALIGN (., 0x4)
                0x10008aa4                __load_data = LOADADDR (.data)

.igot.plt       0x200009c4        0x0 load address 0x10009468
 .igot.plt      0x200009c4        0x0 c:/maximsdk/tools/gnutools/10.3/bin/../lib/gcc/arm-none-eabi/10.3.1/thumb/v7e-m+fp/softfp/crtbegin.o

.pal_nvm_db     0x10100000        0x0
                0x10100000                . = ALIGN (0x2000)
                0x10100000                __pal_nvm_db_start__ = .
                0x10100000                . = (. + _PAL_NVM_SIZE)
                0x10100000                __pal_nvm_db_end__ = .

.otp            0x20000000        0x0
                0x20000000                _otp = ALIGN (., 0x4)
 *(.otp*)
                0x20000000                _eotp = ALIGN (., 0x4)

.arm_shared     0x20000000        0x0
                0x20000000                _arm_shared = ALIGN (., 0x4)
 *(.arm_shared*)
                0x20000000                _earm_shared = ALIGN (., 0x4)

.sdma_shared    0x20000000        0x0
                0x20000000                _sdma_shared = ALIGN (., 0x4)
 *(.sdma_shared*)
                0x20000000                _esdma_shared = ALIGN (., 0x4)

.sdma_code      0x20000000        0x0 load address 0x10009468
                0x20000000                _sdma_code = ALIGN (., 0x4)
 *(.sdma_code*)
                0x20000000                _esdma_code = ALIGN (., 0x4)
                0x10009468                __load_sdma_code = LOADADDR (.sdma_code)

.sdma_data      0x20000000        0x0 load address 0x10009468
                0x20000000                _sdma_data = ALIGN (., 0x4)
 *(.sdma_data*)
                0x20000000                _esdma_data = ALIGN (., 0x4)
                0x10009468                __load_sdma_data = LOADADDR (.sdma_data)

.bss            0x200009c4      0x2b0
                0x200009c4                . = ALIGN (0x4)
                0x200009c4                _bss = .
 *(.bss*)
 .bss           0x200009c4       0x1c c:/maximsdk/tools/gnutools/10.3/bin/../lib/gcc/arm-none-eabi/10.3.1/thumb/v7e-m+fp/softfp/crtbegin.o
 .bss.heap_end  0x200009e0        0x4 c:/Users/ptcha/OneDrive/Documents/GitHub/CodePlayGround/Hello_World/build/heap.o
 .bss.cbFunc    0x200009e4        0x4 C:/MaximSDK/Libraries/PeriphDrivers/bin/MAX32665/softfp/libPeriphDriver_softfp.a(mxc_delay.o)
 .bss.ctrl_save
                0x200009e8        0x4 C:/MaximSDK/Libraries/PeriphDrivers/bin/MAX32665/softfp/libPeriphDriver_softfp.a(mxc_delay.o)
 .bss.endtick   0x200009ec        0x4 C:/MaximSDK/Libraries/PeriphDrivers/bin/MAX32665/softfp/libPeriphDriver_softfp.a(mxc_delay.o)
 .bss.states    0x200009f0       0x3c C:/MaximSDK/Libraries/PeriphDrivers/bin/MAX32665/softfp/libPeriphDriver_softfp.a(uart_reva.o)
                0x200009f0                states
 .bss.callback  0x20000a2c      0x100 C:/MaximSDK/Libraries/PeriphDrivers/bin/MAX32665/softfp/libPeriphDriver_softfp.a(gpio_common.o)
 .bss.cbparam   0x20000b2c      0x100 C:/MaximSDK/Libraries/PeriphDrivers/bin/MAX32665/softfp/libPeriphDriver_softfp.a(gpio_common.o)
 .bss.__lock___atexit_recursive_mutex
                0x20000c2c        0x1 c:/maximsdk/tools/gnutools/10.3/bin/../lib/gcc/arm-none-eabi/10.3.1/../../../../arm-none-eabi/lib/thumb/v7e-m+fp/softfp\libc.a(lib_a-lock.o)
                0x20000c2c                __lock___atexit_recursive_mutex
 *fill*         0x20000c2d        0x3 
 .bss.__lock___malloc_recursive_mutex
                0x20000c30        0x1 c:/maximsdk/tools/gnutools/10.3/bin/../lib/gcc/arm-none-eabi/10.3.1/../../../../arm-none-eabi/lib/thumb/v7e-m+fp/softfp\libc.a(lib_a-lock.o)
                0x20000c30                __lock___malloc_recursive_mutex
 *fill*         0x20000c31        0x3 
 .bss.__lock___sfp_recursive_mutex
                0x20000c34        0x1 c:/maximsdk/tools/gnutools/10.3/bin/../lib/gcc/arm-none-eabi/10.3.1/../../../../arm-none-eabi/lib/thumb/v7e-m+fp/softfp\libc.a(lib_a-lock.o)
                0x20000c34                __lock___sfp_recursive_mutex
 *fill*         0x20000c35        0x3 
 .bss.__lock___sinit_recursive_mutex
                0x20000c38        0x1 c:/maximsdk/tools/gnutools/10.3/bin/../lib/gcc/arm-none-eabi/10.3.1/../../../../arm-none-eabi/lib/thumb/v7e-m+fp/softfp\libc.a(lib_a-lock.o)
                0x20000c38                __lock___sinit_recursive_mutex
 *fill*         0x20000c39        0x3 
 .bss.__malloc_current_mallinfo
                0x20000c3c       0x28 c:/maximsdk/tools/gnutools/10.3/bin/../lib/gcc/arm-none-eabi/10.3.1/../../../../arm-none-eabi/lib/thumb/v7e-m+fp/softfp\libc.a(lib_a-mallocr.o)
                0x20000c3c                __malloc_current_mallinfo
 .bss.__malloc_max_sbrked_mem
                0x20000c64        0x4 c:/maximsdk/tools/gnutools/10.3/bin/../lib/gcc/arm-none-eabi/10.3.1/../../../../arm-none-eabi/lib/thumb/v7e-m+fp/softfp\libc.a(lib_a-mallocr.o)
                0x20000c64                __malloc_max_sbrked_mem
 .bss.__malloc_max_total_mem
                0x20000c68        0x4 c:/maximsdk/tools/gnutools/10.3/bin/../lib/gcc/arm-none-eabi/10.3.1/../../../../arm-none-eabi/lib/thumb/v7e-m+fp/softfp\libc.a(lib_a-mallocr.o)
                0x20000c68                __malloc_max_total_mem
 .bss.__malloc_top_pad
                0x20000c6c        0x4 c:/maximsdk/tools/gnutools/10.3/bin/../lib/gcc/arm-none-eabi/10.3.1/../../../../arm-none-eabi/lib/thumb/v7e-m+fp/softfp\libc.a(lib_a-mallocr.o)
                0x20000c6c                __malloc_top_pad
 .bss.errno     0x20000c70        0x4 c:/maximsdk/tools/gnutools/10.3/bin/../lib/gcc/arm-none-eabi/10.3.1/../../../../arm-none-eabi/lib/thumb/v7e-m+fp/softfp\libc.a(lib_a-reent.o)
                0x20000c70                errno
 *(COMMON)
                0x20000c74                _ebss = ALIGN (., 0x4)
                0x2008c000                __StackTop_Core1 = (ORIGIN (SRAM) + LENGTH (SRAM))
                0x2008c000                __StackLimit_Core1 = DEFINED (Stack_Size_Core1)?(__StackTop_Core1 - Stack_Size_Core1):__StackTop_Core1
                0x2008c000                __StackTop = DEFINED (Stack_Size_Core1)?__StackLimit_Core1:(ORIGIN (SRAM) + LENGTH (SRAM))
                0x2008b000                __StackLimit = (__StackTop - Stack_Size)

.heap           0x20000c78      0xc00
                0x20000c78                . = ALIGN (0x4)
 *(.heap*)
 .heap          0x20000c78      0xc00 c:/Users/ptcha/OneDrive/Documents/GitHub/CodePlayGround/Hello_World/build/startup_max32665.o
                0x20000c78                __HeapBase
                0x2008b000                __HeapLimit = ABSOLUTE (__StackLimit)
                0x2008c000                PROVIDE (__stack = __StackTop)
                0x00000001                ASSERT ((__StackLimit >= _ebss), region RAM overflowed with stack)
OUTPUT(c:/Users/ptcha/OneDrive/Documents/GitHub/CodePlayGround/Hello_World/build/Hello_World.elf elf32-littlearm)
LOAD linker stubs

.ARM.attributes
                0x00000000       0x2e
 .ARM.attributes
                0x00000000       0x1e c:/maximsdk/tools/gnutools/10.3/bin/../lib/gcc/arm-none-eabi/10.3.1/thumb/v7e-m+fp/softfp/crti.o
 .ARM.attributes
                0x0000001e       0x32 c:/maximsdk/tools/gnutools/10.3/bin/../lib/gcc/arm-none-eabi/10.3.1/thumb/v7e-m+fp/softfp/crtbegin.o
 .ARM.attributes
                0x00000050       0x30 c:/Users/ptcha/OneDrive/Documents/GitHub/CodePlayGround/Hello_World/build/main.o
 .ARM.attributes
                0x00000080       0x30 c:/Users/ptcha/OneDrive/Documents/GitHub/CodePlayGround/Hello_World/build/board.o
 .ARM.attributes
                0x000000b0       0x30 c:/Users/ptcha/OneDrive/Documents/GitHub/CodePlayGround/Hello_World/build/stdio.o
 .ARM.attributes
                0x000000e0       0x30 c:/Users/ptcha/OneDrive/Documents/GitHub/CodePlayGround/Hello_World/build/led.o
 .ARM.attributes
                0x00000110       0x30 c:/Users/ptcha/OneDrive/Documents/GitHub/CodePlayGround/Hello_World/build/pb.o
 .ARM.attributes
                0x00000140       0x1b c:/Users/ptcha/OneDrive/Documents/GitHub/CodePlayGround/Hello_World/build/startup_max32665.o
 .ARM.attributes
                0x0000015b       0x30 c:/Users/ptcha/OneDrive/Documents/GitHub/CodePlayGround/Hello_World/build/heap.o
 .ARM.attributes
                0x0000018b       0x30 c:/Users/ptcha/OneDrive/Documents/GitHub/CodePlayGround/Hello_World/build/system_max32665.o
 .ARM.attributes
                0x000001bb       0x30 C:/MaximSDK/Libraries/PeriphDrivers/bin/MAX32665/softfp/libPeriphDriver_softfp.a(mxc_delay.o)
 .ARM.attributes
                0x000001eb       0x30 C:/MaximSDK/Libraries/PeriphDrivers/bin/MAX32665/softfp/libPeriphDriver_softfp.a(sys_me14.o)
 .ARM.attributes
                0x0000021b       0x30 C:/MaximSDK/Libraries/PeriphDrivers/bin/MAX32665/softfp/libPeriphDriver_softfp.a(gpio_me14.o)
 .ARM.attributes
                0x0000024b       0x30 C:/MaximSDK/Libraries/PeriphDrivers/bin/MAX32665/softfp/libPeriphDriver_softfp.a(gpio_reva.o)
 .ARM.attributes
                0x0000027b       0x30 C:/MaximSDK/Libraries/PeriphDrivers/bin/MAX32665/softfp/libPeriphDriver_softfp.a(uart_me14.o)
 .ARM.attributes
                0x000002ab       0x30 C:/MaximSDK/Libraries/PeriphDrivers/bin/MAX32665/softfp/libPeriphDriver_softfp.a(uart_reva.o)
 .ARM.attributes
                0x000002db       0x30 C:/MaximSDK/Libraries/PeriphDrivers/bin/MAX32665/softfp/libPeriphDriver_softfp.a(pins_me14.o)
 .ARM.attributes
                0x0000030b       0x30 C:/MaximSDK/Libraries/PeriphDrivers/bin/MAX32665/softfp/libPeriphDriver_softfp.a(gpio_common.o)
 .ARM.attributes
                0x0000033b       0x30 C:/MaximSDK/Libraries/PeriphDrivers/bin/MAX32665/softfp/libPeriphDriver_softfp.a(uart_common.o)
 .ARM.attributes
                0x0000036b       0x32 c:/maximsdk/tools/gnutools/10.3/bin/../lib/gcc/arm-none-eabi/10.3.1/../../../../arm-none-eabi/lib/thumb/v7e-m+fp/softfp\libc.a(lib_a-errno.o)
 .ARM.attributes
                0x0000039d       0x32 c:/maximsdk/tools/gnutools/10.3/bin/../lib/gcc/arm-none-eabi/10.3.1/../../../../arm-none-eabi/lib/thumb/v7e-m+fp/softfp\libc.a(lib_a-impure.o)
 .ARM.attributes
                0x000003cf       0x32 c:/maximsdk/tools/gnutools/10.3/bin/../lib/gcc/arm-none-eabi/10.3.1/../../../../arm-none-eabi/lib/thumb/v7e-m+fp/softfp\libc.a(lib_a-init.o)
 .ARM.attributes
                0x00000401       0x1c c:/maximsdk/tools/gnutools/10.3/bin/../lib/gcc/arm-none-eabi/10.3.1/../../../../arm-none-eabi/lib/thumb/v7e-m+fp/softfp\libc.a(lib_a-memcpy.o)
 .ARM.attributes
                0x0000041d       0x32 c:/maximsdk/tools/gnutools/10.3/bin/../lib/gcc/arm-none-eabi/10.3.1/../../../../arm-none-eabi/lib/thumb/v7e-m+fp/softfp\libc.a(lib_a-memset.o)
 .ARM.attributes
                0x0000044f       0x32 c:/maximsdk/tools/gnutools/10.3/bin/../lib/gcc/arm-none-eabi/10.3.1/../../../../arm-none-eabi/lib/thumb/v7e-m+fp/softfp\libc.a(lib_a-printf.o)
 .ARM.attributes
                0x00000481       0x32 c:/maximsdk/tools/gnutools/10.3/bin/../lib/gcc/arm-none-eabi/10.3.1/../../../../arm-none-eabi/lib/thumb/v7e-m+fp/softfp\libc.a(lib_a-puts.o)
 .ARM.attributes
                0x000004b3       0x1c c:/maximsdk/tools/gnutools/10.3/bin/../lib/gcc/arm-none-eabi/10.3.1/../../../../arm-none-eabi/lib/thumb/v7e-m+fp/softfp\libc.a(lib_a-strlen.o)
 .ARM.attributes
                0x000004cf       0x32 c:/maximsdk/tools/gnutools/10.3/bin/../lib/gcc/arm-none-eabi/10.3.1/../../../../arm-none-eabi/lib/thumb/v7e-m+fp/softfp\libc.a(lib_a-vfprintf.o)
 .ARM.attributes
                0x00000501       0x32 c:/maximsdk/tools/gnutools/10.3/bin/../lib/gcc/arm-none-eabi/10.3.1/../../../../arm-none-eabi/lib/thumb/v7e-m+fp/softfp\libc.a(lib_a-wsetup.o)
 .ARM.attributes
                0x00000533       0x32 c:/maximsdk/tools/gnutools/10.3/bin/../lib/gcc/arm-none-eabi/10.3.1/../../../../arm-none-eabi/lib/thumb/v7e-m+fp/softfp\libc.a(lib_a-__call_atexit.o)
 .ARM.attributes
                0x00000565       0x32 c:/maximsdk/tools/gnutools/10.3/bin/../lib/gcc/arm-none-eabi/10.3.1/../../../../arm-none-eabi/lib/thumb/v7e-m+fp/softfp\libc.a(lib_a-atexit.o)
 .ARM.attributes
                0x00000597       0x32 c:/maximsdk/tools/gnutools/10.3/bin/../lib/gcc/arm-none-eabi/10.3.1/../../../../arm-none-eabi/lib/thumb/v7e-m+fp/softfp\libc.a(lib_a-dtoa.o)
 .ARM.attributes
                0x000005c9       0x32 c:/maximsdk/tools/gnutools/10.3/bin/../lib/gcc/arm-none-eabi/10.3.1/../../../../arm-none-eabi/lib/thumb/v7e-m+fp/softfp\libc.a(lib_a-fflush.o)
 .ARM.attributes
                0x000005fb       0x32 c:/maximsdk/tools/gnutools/10.3/bin/../lib/gcc/arm-none-eabi/10.3.1/../../../../arm-none-eabi/lib/thumb/v7e-m+fp/softfp\libc.a(lib_a-findfp.o)
 .ARM.attributes
                0x0000062d       0x32 c:/maximsdk/tools/gnutools/10.3/bin/../lib/gcc/arm-none-eabi/10.3.1/../../../../arm-none-eabi/lib/thumb/v7e-m+fp/softfp\libc.a(lib_a-fini.o)
 .ARM.attributes
                0x0000065f       0x32 c:/maximsdk/tools/gnutools/10.3/bin/../lib/gcc/arm-none-eabi/10.3.1/../../../../arm-none-eabi/lib/thumb/v7e-m+fp/softfp\libc.a(lib_a-freer.o)
 .ARM.attributes
                0x00000691       0x32 c:/maximsdk/tools/gnutools/10.3/bin/../lib/gcc/arm-none-eabi/10.3.1/../../../../arm-none-eabi/lib/thumb/v7e-m+fp/softfp\libc.a(lib_a-fvwrite.o)
 .ARM.attributes
                0x000006c3       0x32 c:/maximsdk/tools/gnutools/10.3/bin/../lib/gcc/arm-none-eabi/10.3.1/../../../../arm-none-eabi/lib/thumb/v7e-m+fp/softfp\libc.a(lib_a-fwalk.o)
 .ARM.attributes
                0x000006f5       0x32 c:/maximsdk/tools/gnutools/10.3/bin/../lib/gcc/arm-none-eabi/10.3.1/../../../../arm-none-eabi/lib/thumb/v7e-m+fp/softfp\libc.a(lib_a-localeconv.o)
 .ARM.attributes
                0x00000727       0x32 c:/maximsdk/tools/gnutools/10.3/bin/../lib/gcc/arm-none-eabi/10.3.1/../../../../arm-none-eabi/lib/thumb/v7e-m+fp/softfp\libc.a(lib_a-lock.o)
 .ARM.attributes
                0x00000759       0x32 c:/maximsdk/tools/gnutools/10.3/bin/../lib/gcc/arm-none-eabi/10.3.1/../../../../arm-none-eabi/lib/thumb/v7e-m+fp/softfp\libc.a(lib_a-makebuf.o)
 .ARM.attributes
                0x0000078b       0x32 c:/maximsdk/tools/gnutools/10.3/bin/../lib/gcc/arm-none-eabi/10.3.1/../../../../arm-none-eabi/lib/thumb/v7e-m+fp/softfp\libc.a(lib_a-mallocr.o)
 .ARM.attributes
                0x000007bd       0x1c c:/maximsdk/tools/gnutools/10.3/bin/../lib/gcc/arm-none-eabi/10.3.1/../../../../arm-none-eabi/lib/thumb/v7e-m+fp/softfp\libc.a(lib_a-memchr.o)
 .ARM.attributes
                0x000007d9       0x32 c:/maximsdk/tools/gnutools/10.3/bin/../lib/gcc/arm-none-eabi/10.3.1/../../../../arm-none-eabi/lib/thumb/v7e-m+fp/softfp\libc.a(lib_a-memmove.o)
 .ARM.attributes
                0x0000080b       0x32 c:/maximsdk/tools/gnutools/10.3/bin/../lib/gcc/arm-none-eabi/10.3.1/../../../../arm-none-eabi/lib/thumb/v7e-m+fp/softfp\libc.a(lib_a-mlock.o)
 .ARM.attributes
                0x0000083d       0x32 c:/maximsdk/tools/gnutools/10.3/bin/../lib/gcc/arm-none-eabi/10.3.1/../../../../arm-none-eabi/lib/thumb/v7e-m+fp/softfp\libc.a(lib_a-mprec.o)
 .ARM.attributes
                0x0000086f       0x32 c:/maximsdk/tools/gnutools/10.3/bin/../lib/gcc/arm-none-eabi/10.3.1/../../../../arm-none-eabi/lib/thumb/v7e-m+fp/softfp\libc.a(lib_a-reallocr.o)
 .ARM.attributes
                0x000008a1       0x32 c:/maximsdk/tools/gnutools/10.3/bin/../lib/gcc/arm-none-eabi/10.3.1/../../../../arm-none-eabi/lib/thumb/v7e-m+fp/softfp\libc.a(lib_a-s_frexp.o)
 .ARM.attributes
                0x000008d3       0x32 c:/maximsdk/tools/gnutools/10.3/bin/../lib/gcc/arm-none-eabi/10.3.1/../../../../arm-none-eabi/lib/thumb/v7e-m+fp/softfp\libc.a(lib_a-sbrkr.o)
 .ARM.attributes
                0x00000905       0x32 c:/maximsdk/tools/gnutools/10.3/bin/../lib/gcc/arm-none-eabi/10.3.1/../../../../arm-none-eabi/lib/thumb/v7e-m+fp/softfp\libc.a(lib_a-stdio.o)
 .ARM.attributes
                0x00000937       0x32 c:/maximsdk/tools/gnutools/10.3/bin/../lib/gcc/arm-none-eabi/10.3.1/../../../../arm-none-eabi/lib/thumb/v7e-m+fp/softfp\libc.a(lib_a-strncpy.o)
 .ARM.attributes
                0x00000969       0x32 c:/maximsdk/tools/gnutools/10.3/bin/../lib/gcc/arm-none-eabi/10.3.1/../../../../arm-none-eabi/lib/thumb/v7e-m+fp/softfp\libc.a(lib_a-vfiprintf.o)
 .ARM.attributes
                0x0000099b       0x32 c:/maximsdk/tools/gnutools/10.3/bin/../lib/gcc/arm-none-eabi/10.3.1/../../../../arm-none-eabi/lib/thumb/v7e-m+fp/softfp\libc.a(lib_a-writer.o)
 .ARM.attributes
                0x000009cd       0x32 c:/maximsdk/tools/gnutools/10.3/bin/../lib/gcc/arm-none-eabi/10.3.1/../../../../arm-none-eabi/lib/thumb/v7e-m+fp/softfp\libc.a(lib_a-__atexit.o)
 .ARM.attributes
                0x000009ff       0x32 c:/maximsdk/tools/gnutools/10.3/bin/../lib/gcc/arm-none-eabi/10.3.1/../../../../arm-none-eabi/lib/thumb/v7e-m+fp/softfp\libc.a(lib_a-assert.o)
 .ARM.attributes
                0x00000a31       0x32 c:/maximsdk/tools/gnutools/10.3/bin/../lib/gcc/arm-none-eabi/10.3.1/../../../../arm-none-eabi/lib/thumb/v7e-m+fp/softfp\libc.a(lib_a-callocr.o)
 .ARM.attributes
                0x00000a63       0x32 c:/maximsdk/tools/gnutools/10.3/bin/../lib/gcc/arm-none-eabi/10.3.1/../../../../arm-none-eabi/lib/thumb/v7e-m+fp/softfp\libc.a(lib_a-closer.o)
 .ARM.attributes
                0x00000a95       0x32 c:/maximsdk/tools/gnutools/10.3/bin/../lib/gcc/arm-none-eabi/10.3.1/../../../../arm-none-eabi/lib/thumb/v7e-m+fp/softfp\libc.a(lib_a-fclose.o)
 .ARM.attributes
                0x00000ac7       0x32 c:/maximsdk/tools/gnutools/10.3/bin/../lib/gcc/arm-none-eabi/10.3.1/../../../../arm-none-eabi/lib/thumb/v7e-m+fp/softfp\libc.a(lib_a-fiprintf.o)
 .ARM.attributes
                0x00000af9       0x32 c:/maximsdk/tools/gnutools/10.3/bin/../lib/gcc/arm-none-eabi/10.3.1/../../../../arm-none-eabi/lib/thumb/v7e-m+fp/softfp\libc.a(lib_a-fputwc.o)
 .ARM.attributes
                0x00000b2b       0x32 c:/maximsdk/tools/gnutools/10.3/bin/../lib/gcc/arm-none-eabi/10.3.1/../../../../arm-none-eabi/lib/thumb/v7e-m+fp/softfp\libc.a(lib_a-fstatr.o)
 .ARM.attributes
                0x00000b5d       0x32 c:/maximsdk/tools/gnutools/10.3/bin/../lib/gcc/arm-none-eabi/10.3.1/../../../../arm-none-eabi/lib/thumb/v7e-m+fp/softfp\libc.a(lib_a-isattyr.o)
 .ARM.attributes
                0x00000b8f       0x32 c:/maximsdk/tools/gnutools/10.3/bin/../lib/gcc/arm-none-eabi/10.3.1/../../../../arm-none-eabi/lib/thumb/v7e-m+fp/softfp\libc.a(lib_a-locale.o)
 .ARM.attributes
                0x00000bc1       0x32 c:/maximsdk/tools/gnutools/10.3/bin/../lib/gcc/arm-none-eabi/10.3.1/../../../../arm-none-eabi/lib/thumb/v7e-m+fp/softfp\libc.a(lib_a-lseekr.o)
 .ARM.attributes
                0x00000bf3       0x32 c:/maximsdk/tools/gnutools/10.3/bin/../lib/gcc/arm-none-eabi/10.3.1/../../../../arm-none-eabi/lib/thumb/v7e-m+fp/softfp\libc.a(lib_a-mbtowc_r.o)
 .ARM.attributes
                0x00000c25       0x32 c:/maximsdk/tools/gnutools/10.3/bin/../lib/gcc/arm-none-eabi/10.3.1/../../../../arm-none-eabi/lib/thumb/v7e-m+fp/softfp\libc.a(lib_a-readr.o)
 .ARM.attributes
                0x00000c57       0x32 c:/maximsdk/tools/gnutools/10.3/bin/../lib/gcc/arm-none-eabi/10.3.1/../../../../arm-none-eabi/lib/thumb/v7e-m+fp/softfp\libc.a(lib_a-reent.o)
 .ARM.attributes
                0x00000c89       0x32 c:/maximsdk/tools/gnutools/10.3/bin/../lib/gcc/arm-none-eabi/10.3.1/../../../../arm-none-eabi/lib/thumb/v7e-m+fp/softfp\libc.a(lib_a-wbuf.o)
 .ARM.attributes
                0x00000cbb       0x32 c:/maximsdk/tools/gnutools/10.3/bin/../lib/gcc/arm-none-eabi/10.3.1/../../../../arm-none-eabi/lib/thumb/v7e-m+fp/softfp\libc.a(lib_a-wcrtomb.o)
 .ARM.attributes
                0x00000ced       0x32 c:/maximsdk/tools/gnutools/10.3/bin/../lib/gcc/arm-none-eabi/10.3.1/../../../../arm-none-eabi/lib/thumb/v7e-m+fp/softfp\libc.a(lib_a-wctomb_r.o)
 .ARM.attributes
                0x00000d1f       0x32 c:/maximsdk/tools/gnutools/10.3/bin/../lib/gcc/arm-none-eabi/10.3.1/../../../../arm-none-eabi/lib/thumb/v7e-m+fp/softfp\libc.a(lib_a-abort.o)
 .ARM.attributes
                0x00000d51       0x32 c:/maximsdk/tools/gnutools/10.3/bin/../lib/gcc/arm-none-eabi/10.3.1/../../../../arm-none-eabi/lib/thumb/v7e-m+fp/softfp\libc.a(lib_a-ctype_.o)
 .ARM.attributes
                0x00000d83       0x32 c:/maximsdk/tools/gnutools/10.3/bin/../lib/gcc/arm-none-eabi/10.3.1/../../../../arm-none-eabi/lib/thumb/v7e-m+fp/softfp\libc.a(lib_a-signal.o)
 .ARM.attributes
                0x00000db5       0x32 c:/maximsdk/tools/gnutools/10.3/bin/../lib/gcc/arm-none-eabi/10.3.1/../../../../arm-none-eabi/lib/thumb/v7e-m+fp/softfp\libc.a(lib_a-signalr.o)
 .ARM.attributes
                0x00000de7       0x32 c:/maximsdk/tools/gnutools/10.3/bin/../lib/gcc/arm-none-eabi/10.3.1/../../../../arm-none-eabi/lib/thumb/v7e-m+fp/softfp\libnosys.a(_exit.o)
 .ARM.attributes
                0x00000e19       0x1e c:/maximsdk/tools/gnutools/10.3/bin/../lib/gcc/arm-none-eabi/10.3.1/thumb/v7e-m+fp/softfp\libgcc.a(_arm_addsubdf3.o)
 .ARM.attributes
                0x00000e37       0x1e c:/maximsdk/tools/gnutools/10.3/bin/../lib/gcc/arm-none-eabi/10.3.1/thumb/v7e-m+fp/softfp\libgcc.a(_arm_muldivdf3.o)
 .ARM.attributes
                0x00000e55       0x1e c:/maximsdk/tools/gnutools/10.3/bin/../lib/gcc/arm-none-eabi/10.3.1/thumb/v7e-m+fp/softfp\libgcc.a(_arm_cmpdf2.o)
 .ARM.attributes
                0x00000e73       0x1e c:/maximsdk/tools/gnutools/10.3/bin/../lib/gcc/arm-none-eabi/10.3.1/thumb/v7e-m+fp/softfp\libgcc.a(_arm_unorddf2.o)
 .ARM.attributes
                0x00000e91       0x1e c:/maximsdk/tools/gnutools/10.3/bin/../lib/gcc/arm-none-eabi/10.3.1/thumb/v7e-m+fp/softfp\libgcc.a(_arm_fixdfsi.o)
 .ARM.attributes
                0x00000eaf       0x1e c:/maximsdk/tools/gnutools/10.3/bin/../lib/gcc/arm-none-eabi/10.3.1/thumb/v7e-m+fp/softfp\libgcc.a(_aeabi_uldivmod.o)
 .ARM.attributes
                0x00000ecd       0x32 c:/maximsdk/tools/gnutools/10.3/bin/../lib/gcc/arm-none-eabi/10.3.1/thumb/v7e-m+fp/softfp\libgcc.a(_udivmoddi4.o)
 .ARM.attributes
                0x00000eff       0x1e c:/maximsdk/tools/gnutools/10.3/bin/../lib/gcc/arm-none-eabi/10.3.1/thumb/v7e-m+fp/softfp\libgcc.a(_dvmd_tls.o)
 .ARM.attributes
                0x00000f1d       0x32 c:/maximsdk/tools/gnutools/10.3/bin/../lib/gcc/arm-none-eabi/10.3.1/thumb/v7e-m+fp/softfp/crtend.o
 .ARM.attributes
                0x00000f4f       0x1e c:/maximsdk/tools/gnutools/10.3/bin/../lib/gcc/arm-none-eabi/10.3.1/thumb/v7e-m+fp/softfp/crtn.o

.comment        0x00000000       0x49
 .comment       0x00000000       0x49 c:/Users/ptcha/OneDrive/Documents/GitHub/CodePlayGround/Hello_World/build/main.o
                                 0x4a (size before relaxing)
 .comment       0x00000049       0x4a c:/Users/ptcha/OneDrive/Documents/GitHub/CodePlayGround/Hello_World/build/board.o
 .comment       0x00000049       0x4a c:/Users/ptcha/OneDrive/Documents/GitHub/CodePlayGround/Hello_World/build/stdio.o
 .comment       0x00000049       0x4a c:/Users/ptcha/OneDrive/Documents/GitHub/CodePlayGround/Hello_World/build/led.o
 .comment       0x00000049       0x4a c:/Users/ptcha/OneDrive/Documents/GitHub/CodePlayGround/Hello_World/build/pb.o
 .comment       0x00000049       0x4a c:/Users/ptcha/OneDrive/Documents/GitHub/CodePlayGround/Hello_World/build/heap.o
 .comment       0x00000049       0x4a c:/Users/ptcha/OneDrive/Documents/GitHub/CodePlayGround/Hello_World/build/system_max32665.o
 .comment       0x00000049       0x4a C:/MaximSDK/Libraries/PeriphDrivers/bin/MAX32665/softfp/libPeriphDriver_softfp.a(mxc_delay.o)
 .comment       0x00000049       0x4a C:/MaximSDK/Libraries/PeriphDrivers/bin/MAX32665/softfp/libPeriphDriver_softfp.a(sys_me14.o)
 .comment       0x00000049       0x4a C:/MaximSDK/Libraries/PeriphDrivers/bin/MAX32665/softfp/libPeriphDriver_softfp.a(gpio_me14.o)
 .comment       0x00000049       0x4a C:/MaximSDK/Libraries/PeriphDrivers/bin/MAX32665/softfp/libPeriphDriver_softfp.a(gpio_reva.o)
 .comment       0x00000049       0x4a C:/MaximSDK/Libraries/PeriphDrivers/bin/MAX32665/softfp/libPeriphDriver_softfp.a(uart_me14.o)
 .comment       0x00000049       0x4a C:/MaximSDK/Libraries/PeriphDrivers/bin/MAX32665/softfp/libPeriphDriver_softfp.a(uart_reva.o)
 .comment       0x00000049       0x4a C:/MaximSDK/Libraries/PeriphDrivers/bin/MAX32665/softfp/libPeriphDriver_softfp.a(pins_me14.o)
 .comment       0x00000049       0x4a C:/MaximSDK/Libraries/PeriphDrivers/bin/MAX32665/softfp/libPeriphDriver_softfp.a(gpio_common.o)
 .comment       0x00000049       0x4a C:/MaximSDK/Libraries/PeriphDrivers/bin/MAX32665/softfp/libPeriphDriver_softfp.a(uart_common.o)

.stack          0x00000000     0x1000
 .stack         0x00000000     0x1000 c:/Users/ptcha/OneDrive/Documents/GitHub/CodePlayGround/Hello_World/build/startup_max32665.o

.debug_info     0x00000000     0xbc26
 .debug_info    0x00000000      0x166 c:/Users/ptcha/OneDrive/Documents/GitHub/CodePlayGround/Hello_World/build/main.o
 .debug_info    0x00000166      0x7d8 c:/Users/ptcha/OneDrive/Documents/GitHub/CodePlayGround/Hello_World/build/board.o
 .debug_info    0x0000093e      0x635 c:/Users/ptcha/OneDrive/Documents/GitHub/CodePlayGround/Hello_World/build/stdio.o
 .debug_info    0x00000f73      0x5c6 c:/Users/ptcha/OneDrive/Documents/GitHub/CodePlayGround/Hello_World/build/led.o
 .debug_info    0x00001539      0xcf1 c:/Users/ptcha/OneDrive/Documents/GitHub/CodePlayGround/Hello_World/build/pb.o
 .debug_info    0x0000222a      0x112 c:/Users/ptcha/OneDrive/Documents/GitHub/CodePlayGround/Hello_World/build/heap.o
 .debug_info    0x0000233c      0xc73 c:/Users/ptcha/OneDrive/Documents/GitHub/CodePlayGround/Hello_World/build/system_max32665.o
 .debug_info    0x00002faf      0x37f C:/MaximSDK/Libraries/PeriphDrivers/bin/MAX32665/softfp/libPeriphDriver_softfp.a(mxc_delay.o)
 .debug_info    0x0000332e      0xaf0 C:/MaximSDK/Libraries/PeriphDrivers/bin/MAX32665/softfp/libPeriphDriver_softfp.a(sys_me14.o)
 .debug_info    0x00003e1e     0x11ea C:/MaximSDK/Libraries/PeriphDrivers/bin/MAX32665/softfp/libPeriphDriver_softfp.a(gpio_me14.o)
 .debug_info    0x00005008      0xa8e C:/MaximSDK/Libraries/PeriphDrivers/bin/MAX32665/softfp/libPeriphDriver_softfp.a(gpio_reva.o)
 .debug_info    0x00005a96     0x243e C:/MaximSDK/Libraries/PeriphDrivers/bin/MAX32665/softfp/libPeriphDriver_softfp.a(uart_me14.o)
 .debug_info    0x00007ed4     0x2741 C:/MaximSDK/Libraries/PeriphDrivers/bin/MAX32665/softfp/libPeriphDriver_softfp.a(uart_reva.o)
 .debug_info    0x0000a615      0xd59 C:/MaximSDK/Libraries/PeriphDrivers/bin/MAX32665/softfp/libPeriphDriver_softfp.a(pins_me14.o)
 .debug_info    0x0000b36e      0x637 C:/MaximSDK/Libraries/PeriphDrivers/bin/MAX32665/softfp/libPeriphDriver_softfp.a(gpio_common.o)
 .debug_info    0x0000b9a5      0x281 C:/MaximSDK/Libraries/PeriphDrivers/bin/MAX32665/softfp/libPeriphDriver_softfp.a(uart_common.o)

.debug_abbrev   0x00000000     0x1c7e
 .debug_abbrev  0x00000000       0xa7 c:/Users/ptcha/OneDrive/Documents/GitHub/CodePlayGround/Hello_World/build/main.o
 .debug_abbrev  0x000000a7      0x1df c:/Users/ptcha/OneDrive/Documents/GitHub/CodePlayGround/Hello_World/build/board.o
 .debug_abbrev  0x00000286      0x17e c:/Users/ptcha/OneDrive/Documents/GitHub/CodePlayGround/Hello_World/build/stdio.o
 .debug_abbrev  0x00000404      0x195 c:/Users/ptcha/OneDrive/Documents/GitHub/CodePlayGround/Hello_World/build/led.o
 .debug_abbrev  0x00000599      0x269 c:/Users/ptcha/OneDrive/Documents/GitHub/CodePlayGround/Hello_World/build/pb.o
 .debug_abbrev  0x00000802       0xcd c:/Users/ptcha/OneDrive/Documents/GitHub/CodePlayGround/Hello_World/build/heap.o
 .debug_abbrev  0x000008cf      0x25b c:/Users/ptcha/OneDrive/Documents/GitHub/CodePlayGround/Hello_World/build/system_max32665.o
 .debug_abbrev  0x00000b2a      0x1c0 C:/MaximSDK/Libraries/PeriphDrivers/bin/MAX32665/softfp/libPeriphDriver_softfp.a(mxc_delay.o)
 .debug_abbrev  0x00000cea      0x2bd C:/MaximSDK/Libraries/PeriphDrivers/bin/MAX32665/softfp/libPeriphDriver_softfp.a(sys_me14.o)
 .debug_abbrev  0x00000fa7      0x19a C:/MaximSDK/Libraries/PeriphDrivers/bin/MAX32665/softfp/libPeriphDriver_softfp.a(gpio_me14.o)
 .debug_abbrev  0x00001141      0x155 C:/MaximSDK/Libraries/PeriphDrivers/bin/MAX32665/softfp/libPeriphDriver_softfp.a(gpio_reva.o)
 .debug_abbrev  0x00001296      0x26f C:/MaximSDK/Libraries/PeriphDrivers/bin/MAX32665/softfp/libPeriphDriver_softfp.a(uart_me14.o)
 .debug_abbrev  0x00001505      0x3aa C:/MaximSDK/Libraries/PeriphDrivers/bin/MAX32665/softfp/libPeriphDriver_softfp.a(uart_reva.o)
 .debug_abbrev  0x000018af       0xf0 C:/MaximSDK/Libraries/PeriphDrivers/bin/MAX32665/softfp/libPeriphDriver_softfp.a(pins_me14.o)
 .debug_abbrev  0x0000199f      0x1e1 C:/MaximSDK/Libraries/PeriphDrivers/bin/MAX32665/softfp/libPeriphDriver_softfp.a(gpio_common.o)
 .debug_abbrev  0x00001b80       0xfe C:/MaximSDK/Libraries/PeriphDrivers/bin/MAX32665/softfp/libPeriphDriver_softfp.a(uart_common.o)

.debug_loc      0x00000000     0x5382
 .debug_loc     0x00000000       0x30 c:/Users/ptcha/OneDrive/Documents/GitHub/CodePlayGround/Hello_World/build/main.o
 .debug_loc     0x00000030       0xe2 c:/Users/ptcha/OneDrive/Documents/GitHub/CodePlayGround/Hello_World/build/board.o
 .debug_loc     0x00000112      0x2dd c:/Users/ptcha/OneDrive/Documents/GitHub/CodePlayGround/Hello_World/build/stdio.o
 .debug_loc     0x000003ef      0x144 c:/Users/ptcha/OneDrive/Documents/GitHub/CodePlayGround/Hello_World/build/led.o