Archive member included to satisfy reference by file (symbol)

C:/Users/ptcha/OneDrive/Documents/GitHub/CodePlayGround/MagpieFW_0/build/Fat32Driver/FAT32.a(ff.o)
                              C:/Users/ptcha/OneDrive/Documents/GitHub/CodePlayGround/MagpieFW_0//build/main.o (f_mount)
C:/Users/ptcha/OneDrive/Documents/GitHub/CodePlayGround/MagpieFW_0/build/Fat32Driver/FAT32.a(ffunicode.o)
                              C:/Users/ptcha/OneDrive/Documents/GitHub/CodePlayGround/MagpieFW_0/build/Fat32Driver/FAT32.a(ff.o) (ff_uni2oem)
C:/Users/ptcha/OneDrive/Documents/GitHub/CodePlayGround/MagpieFW_0/build/Fat32Driver/FAT32.a(diskio.o)
                              C:/Users/ptcha/OneDrive/Documents/GitHub/CodePlayGround/MagpieFW_0/build/Fat32Driver/FAT32.a(ff.o) (disk_status)
C:/Users/ptcha/OneDrive/Documents/GitHub/CodePlayGround/MagpieFW_0/build/SDHCDriver/sdhc.a(sdhc_lib.o)
                              C:/Users/ptcha/OneDrive/Documents/GitHub/CodePlayGround/MagpieFW_0//build/main.o (MXC_SDHC_Lib_Get_Card_Type)
C:/Users/ptcha/OneDrive/Documents/GitHub/CodePlayGround/MagpieFW_0//PeriphDrivers/bin/MAX32665/softfp/libPeriphDriver_softfp.a(mxc_delay.o)
                              C:/Users/ptcha/OneDrive/Documents/GitHub/CodePlayGround/MagpieFW_0//build/startup_max32665.o (SysTick_Handler)
C:/Users/ptcha/OneDrive/Documents/GitHub/CodePlayGround/MagpieFW_0//PeriphDrivers/bin/MAX32665/softfp/libPeriphDriver_softfp.a(sys_me14.o)
                              C:/Users/ptcha/OneDrive/Documents/GitHub/CodePlayGround/MagpieFW_0//build/system_max32665.o (MXC_SYS_ClockEnable)
C:/Users/ptcha/OneDrive/Documents/GitHub/CodePlayGround/MagpieFW_0//PeriphDrivers/bin/MAX32665/softfp/libPeriphDriver_softfp.a(dma_me14.o)
                              C:/Users/ptcha/OneDrive/Documents/GitHub/CodePlayGround/MagpieFW_0//build/main.o (MXC_DMA_Init)
C:/Users/ptcha/OneDrive/Documents/GitHub/CodePlayGround/MagpieFW_0//PeriphDrivers/bin/MAX32665/softfp/libPeriphDriver_softfp.a(dma_reva.o)
                              C:/Users/ptcha/OneDrive/Documents/GitHub/CodePlayGround/MagpieFW_0//PeriphDrivers/bin/MAX32665/softfp/libPeriphDriver_softfp.a(dma_me14.o) (MXC_DMA_RevA_Init)
C:/Users/ptcha/OneDrive/Documents/GitHub/CodePlayGround/MagpieFW_0//PeriphDrivers/bin/MAX32665/softfp/libPeriphDriver_softfp.a(flc_me14.o)
                              C:/Users/ptcha/OneDrive/Documents/GitHub/CodePlayGround/MagpieFW_0//PeriphDrivers/bin/MAX32665/softfp/libPeriphDriver_softfp.a(sys_me14.o) (MXC_FLC_UnlockInfoBlock)
C:/Users/ptcha/OneDrive/Documents/GitHub/CodePlayGround/MagpieFW_0//PeriphDrivers/bin/MAX32665/softfp/libPeriphDriver_softfp.a(flc_reva.o)
                              C:/Users/ptcha/OneDrive/Documents/GitHub/CodePlayGround/MagpieFW_0//PeriphDrivers/bin/MAX32665/softfp/libPeriphDriver_softfp.a(flc_me14.o) (MXC_FLC_RevA_Busy)
C:/Users/ptcha/OneDrive/Documents/GitHub/CodePlayGround/MagpieFW_0//PeriphDrivers/bin/MAX32665/softfp/libPeriphDriver_softfp.a(gpio_me14.o)
                              C:/Users/ptcha/OneDrive/Documents/GitHub/CodePlayGround/MagpieFW_0//build/main.o (MXC_GPIO_Shutdown)
C:/Users/ptcha/OneDrive/Documents/GitHub/CodePlayGround/MagpieFW_0//PeriphDrivers/bin/MAX32665/softfp/libPeriphDriver_softfp.a(gpio_reva.o)
                              C:/Users/ptcha/OneDrive/Documents/GitHub/CodePlayGround/MagpieFW_0//PeriphDrivers/bin/MAX32665/softfp/libPeriphDriver_softfp.a(gpio_me14.o) (MXC_GPIO_RevA_InGet)
C:/Users/ptcha/OneDrive/Documents/GitHub/CodePlayGround/MagpieFW_0//PeriphDrivers/bin/MAX32665/softfp/libPeriphDriver_softfp.a(i2c_me14.o)
                              C:/Users/ptcha/OneDrive/Documents/GitHub/CodePlayGround/MagpieFW_0//build/main.o (MXC_I2C_Init)
C:/Users/ptcha/OneDrive/Documents/GitHub/CodePlayGround/MagpieFW_0//PeriphDrivers/bin/MAX32665/softfp/libPeriphDriver_softfp.a(i2c_reva.o)
                              C:/Users/ptcha/OneDrive/Documents/GitHub/CodePlayGround/MagpieFW_0//PeriphDrivers/bin/MAX32665/softfp/libPeriphDriver_softfp.a(i2c_me14.o) (MXC_I2C_RevA_DMACallback)
C:/Users/ptcha/OneDrive/Documents/GitHub/CodePlayGround/MagpieFW_0//PeriphDrivers/bin/MAX32665/softfp/libPeriphDriver_softfp.a(sdhc_me14.o)
                              C:/Users/ptcha/OneDrive/Documents/GitHub/CodePlayGround/MagpieFW_0//build/main.o (MXC_SDHC_Set_Clock_Config)
C:/Users/ptcha/OneDrive/Documents/GitHub/CodePlayGround/MagpieFW_0//PeriphDrivers/bin/MAX32665/softfp/libPeriphDriver_softfp.a(sdhc_reva.o)
                              C:/Users/ptcha/OneDrive/Documents/GitHub/CodePlayGround/MagpieFW_0//PeriphDrivers/bin/MAX32665/softfp/libPeriphDriver_softfp.a(sdhc_me14.o) (MXC_SDHC_RevA_Set_Clock_Config)
C:/Users/ptcha/OneDrive/Documents/GitHub/CodePlayGround/MagpieFW_0//PeriphDrivers/bin/MAX32665/softfp/libPeriphDriver_softfp.a(spi_me14.o)
                              C:/Users/ptcha/OneDrive/Documents/GitHub/CodePlayGround/MagpieFW_0//build/main.o (MXC_SPI_Init)
[...]
Memory Configuration

Name             Origin             Length             Attributes
SPIX             0x08000000         0x08000000         xr
FLASH            0x10000000         0x00100000         xr
PAL_NVM_DB       0x10100000         0x00000000         r
OTP              0x20000000         0x00000000         xrw
ARM_SHARED       0x20000000         0x00000000         xrw
SDMA_SHARED      0x20000000         0x00000000         xrw
SDMA_DATA        0x20000000         0x00000000         xrw
SDMA_CODE        0x20000000         0x00000000         xrw
SRAM             0x20000000         0x0008c000         xrw
SPID             0x80000000         0x20000000         rw
*default*        0x00000000         0xffffffff

Linker script and memory map

LOAD c:/maximsdk/tools/gnutools/10.3/bin/../lib/gcc/arm-none-eabi/10.3.1/thumb/v7e-m+fp/softfp/crti.o
LOAD c:/maximsdk/tools/gnutools/10.3/bin/../lib/gcc/arm-none-eabi/10.3.1/thumb/v7e-m+fp/softfp/crtbegin.o
LOAD c:/maximsdk/tools/gnutools/10.3/bin/../lib/gcc/arm-none-eabi/10.3.1/../../../../arm-none-eabi/lib/thumb/v7e-m+fp/softfp/crt0.o
LOAD C:/Users/ptcha/OneDrive/Documents/GitHub/CodePlayGround/MagpieFW_0//build/arm_fir_decimate_fast_q31_bob.o
LOAD C:/Users/ptcha/OneDrive/Documents/GitHub/CodePlayGround/MagpieFW_0//build/DS3231_driver.o
LOAD C:/Users/ptcha/OneDrive/Documents/GitHub/CodePlayGround/MagpieFW_0//build/main.o
LOAD C:/Users/ptcha/OneDrive/Documents/GitHub/CodePlayGround/MagpieFW_0//build/board.o
LOAD C:/Users/ptcha/OneDrive/Documents/GitHub/CodePlayGround/MagpieFW_0//build/stdio.o
LOAD C:/Users/ptcha/OneDrive/Documents/GitHub/CodePlayGround/MagpieFW_0//build/led.o
LOAD C:/Users/ptcha/OneDrive/Documents/GitHub/CodePlayGround/MagpieFW_0//build/pb.o
LOAD C:/Users/ptcha/OneDrive/Documents/GitHub/CodePlayGround/MagpieFW_0//build/startup_max32665.o
LOAD C:/Users/ptcha/OneDrive/Documents/GitHub/CodePlayGround/MagpieFW_0//build/backup_max32665.o
LOAD C:/Users/ptcha/OneDrive/Documents/GitHub/CodePlayGround/MagpieFW_0//build/heap.o
LOAD C:/Users/ptcha/OneDrive/Documents/GitHub/CodePlayGround/MagpieFW_0//build/system_max32665.o
START GROUP
LOAD C:/Users/ptcha/OneDrive/Documents/GitHub/CodePlayGround/MagpieFW_0/build/Fat32Driver/FAT32.a
LOAD C:/Users/ptcha/OneDrive/Documents/GitHub/CodePlayGround/MagpieFW_0/build/SDHCDriver/sdhc.a
LOAD C:/Users/ptcha/OneDrive/Documents/GitHub/CodePlayGround/MagpieFW_0//PeriphDrivers/bin/MAX32665/softfp/libPeriphDriver_softfp.a
LOAD C:/MaximSDK/Libraries/CMSIS/5.9.0/DSP/Lib\libarm_cortexM4l_math.a
LOAD c:/maximsdk/tools/gnutools/10.3/bin/../lib/gcc/arm-none-eabi/10.3.1/../../../../arm-none-eabi/lib/thumb/v7e-m+fp/softfp\libc.a
LOAD c:/maximsdk/tools/gnutools/10.3/bin/../lib/gcc/arm-none-eabi/10.3.1/../../../../arm-none-eabi/lib/thumb/v7e-m+fp/softfp\libm.a
LOAD c:/maximsdk/tools/gnutools/10.3/bin/../lib/gcc/arm-none-eabi/10.3.1/../../../../arm-none-eabi/lib/thumb/v7e-m+fp/softfp\libnosys.a
END GROUP
START GROUP
LOAD c:/maximsdk/tools/gnutools/10.3/bin/../lib/gcc/arm-none-eabi/10.3.1/thumb/v7e-m+fp/softfp\libgcc.a
LOAD c:/maximsdk/tools/gnutools/10.3/bin/../lib/gcc/arm-none-eabi/10.3.1/../../../../arm-none-eabi/lib/thumb/v7e-m+fp/softfp\libc.a
END GROUP
LOAD c:/maximsdk/tools/gnutools/10.3/bin/../lib/gcc/arm-none-eabi/10.3.1/thumb/v7e-m+fp/softfp/crtend.o
LOAD c:/maximsdk/tools/gnutools/10.3/bin/../lib/gcc/arm-none-eabi/10.3.1/thumb/v7e-m+fp/softfp/crtn.o
                0x20000000                SRAM_ORIGIN = 0x20000000
                0x00000000                SDMA_CODE_LEN = DEFINED (SDMA_CODE_SIZE)?SDMA_CODE_SIZE:0x0
                0x00000000                SDMA_DATA_LEN = DEFINED (SDMA_DATA_SIZE)?SDMA_DATA_SIZE:0x0
                0x00000000                SDMA_LEN = (SDMA_CODE_LEN + SDMA_DATA_LEN)
                0x00000000                OTP_LEN = DEFINED (SDMA_CODE_SIZE)?0x40:0x0
                0x00000000                SHARED_LEN = DEFINED (SDMA_CODE_SIZE)?0x400:0x0
                0x00000000                SHARED_LEN_HALF = (SHARED_LEN / 0x2)
                0x20000000                OTP_ADDR = SRAM_ORIGIN
                0x20000000                SHARED_ADDR = (OTP_ADDR + OTP_LEN)
                0x20000000                SDMA_DATA_ADDR = (SHARED_ADDR + SHARED_LEN)
                0x20000000                SDMA_CODE_ADDR = (SDMA_DATA_ADDR + SDMA_DATA_LEN)
                0x20000000                SRAM_ADDR = (SDMA_CODE_ADDR + SDMA_CODE_LEN)
                0x0008c000                SRAM_LEN = (((SRAM_SIZE - OTP_LEN) - SHARED_LEN) - SDMA_LEN)
                0x00100000                FLASH_MEM_SIZE = (0x100000 - _PAL_NVM_SIZE)
                0x10100000                PAL_NVM_ORIGIN = ((0x100000 - _PAL_NVM_SIZE) + 0x10000000)

.text           0x10000000    0x248b8
                0x10000000                _text = .
 *(.isr_vector)
 .isr_vector    0x10000000      0x1bc C:/Users/ptcha/OneDrive/Documents/GitHub/CodePlayGround/MagpieFW_0//build/startup_max32665.o
                0x10000000                __isr_vector
 *(.text*)
 .text          0x100001bc       0x40 c:/maximsdk/tools/gnutools/10.3/bin/../lib/gcc/arm-none-eabi/10.3.1/thumb/v7e-m+fp/softfp/crtbegin.o
 .text.DS3231_getDateTime.part.0
                0x100001fc       0xa8 C:/Users/ptcha/OneDrive/Documents/GitHub/CodePlayGround/MagpieFW_0//build/DS3231_driver.o
 .text.DS3231_init
                0x100002a4       0x68 C:/Users/ptcha/OneDrive/Documents/GitHub/CodePlayGround/MagpieFW_0//build/DS3231_driver.o
                0x100002a4                DS3231_init
 .text.ds3231_read_datetime
                0x1000030c       0x70 C:/Users/ptcha/OneDrive/Documents/GitHub/CodePlayGround/MagpieFW_0//build/DS3231_driver.o
                0x1000030c                ds3231_read_datetime
 .text.ds3231_read_temperature
                0x1000037c       0x88 C:/Users/ptcha/OneDrive/Documents/GitHub/CodePlayGround/MagpieFW_0//build/DS3231_driver.o
                0x1000037c                ds3231_read_temperature
 .text.DS3231_setDateTime.part.0
                0x10000404      0x15c C:/Users/ptcha/OneDrive/Documents/GitHub/CodePlayGround/MagpieFW_0//build/DS3231_driver.o
 .text.ds3231_set_datetime
                0x10000560       0x30 C:/Users/ptcha/OneDrive/Documents/GitHub/CodePlayGround/MagpieFW_0//build/DS3231_driver.o
                0x10000560                ds3231_set_datetime
 .text.DS3231_Open
                0x10000590       0x28 C:/Users/ptcha/OneDrive/Documents/GitHub/CodePlayGround/MagpieFW_0//build/DS3231_driver.o
                0x10000590                DS3231_Open
 .text.DMA_CALLBACK_func
                0x100005b8        0x4 C:/Users/ptcha/OneDrive/Documents/GitHub/CodePlayGround/MagpieFW_0//build/main.o
                0x100005b8                DMA_CALLBACK_func
 .text.mount    0x100005bc       0x60 C:/Users/ptcha/OneDrive/Documents/GitHub/CodePlayGround/MagpieFW_0//build/main.o
                0x100005bc                mount
 .text.set_adc_host_clock_mode
                0x1000061c      0x194 C:/Users/ptcha/OneDrive/Documents/GitHub/CodePlayGround/MagpieFW_0//build/main.o
                0x1000061c                set_adc_host_clock_mode
 .text.spi1_init_slave
                0x100007b0       0x7c C:/Users/ptcha/OneDrive/Documents/GitHub/CodePlayGround/MagpieFW_0//build/main.o
                0x100007b0                spi1_init_slave
 .text.init_dma_MXC
                0x1000082c       0xa0 C:/Users/ptcha/OneDrive/Documents/GitHub/CodePlayGround/MagpieFW_0//build/main.o
                0x1000082c                init_dma_MXC
 .text.write_wav_header
                0x100008cc       0x90 C:/Users/ptcha/OneDrive/Documents/GitHub/CodePlayGround/MagpieFW_0//build/main.o
                0x100008cc                write_wav_header
 .text.update_wav_header
                0x1000095c       0x40 C:/Users/ptcha/OneDrive/Documents/GitHub/CodePlayGround/MagpieFW_0//build/main.o
                0x1000095c                update_wav_header
 .text.DMA0_IRQHandler
                0x1000099c       0xa0 C:/Users/ptcha/OneDrive/Documents/GitHub/CodePlayGround/MagpieFW_0//build/main.o
                0x1000099c                DMA0_IRQHandler
 .text.DS3231_I2C_init
                0x10000a3c       0x8c C:/Users/ptcha/OneDrive/Documents/GitHub/CodePlayGround/MagpieFW_0//build/main.o
                0x10000a3c                DS3231_I2C_init
 .text.startup.main
                0x10000ac8      0x6f8 C:/Users/ptcha/OneDrive/Documents/GitHub/CodePlayGround/MagpieFW_0//build/main.o
                0x10000ac8                main
 .text.mxc_assert
                0x100011c0       0x10 C:/Users/ptcha/OneDrive/Documents/GitHub/CodePlayGround/MagpieFW_0//build/board.o
                0x100011c0                mxc_assert
 .text.GPIO0_IRQHandler
                0x100011d0        0x8 C:/Users/ptcha/OneDrive/Documents/GitHub/CodePlayGround/MagpieFW_0//build/board.o
                0x100011d0                GPIO0_IRQHandler
 .text.Board_Init
                0x100011d8       0x44 C:/Users/ptcha/OneDrive/Documents/GitHub/CodePlayGround/MagpieFW_0//build/board.o
                0x100011d8                Board_Init
 .text.NMI_Handler
                0x1000121c        0x4 C:/Users/ptcha/OneDrive/Documents/GitHub/CodePlayGround/MagpieFW_0//build/board.o
                0x1000121c                NMI_Handler
 .text._close   0x10001220        0x8 C:/Users/ptcha/OneDrive/Documents/GitHub/CodePlayGround/MagpieFW_0//build/stdio.o
                0x10001220                _close
 .text._isatty  0x10001228        0x8 C:/Users/ptcha/OneDrive/Documents/GitHub/CodePlayGround/MagpieFW_0//build/stdio.o
                0x10001228                _isatty
 .text._lseek   0x10001230        0x8 C:/Users/ptcha/OneDrive/Documents/GitHub/CodePlayGround/MagpieFW_0//build/stdio.o
                0x10001230                _lseek
 .text._fstat   0x10001238        0x8 C:/Users/ptcha/OneDrive/Documents/GitHub/CodePlayGround/MagpieFW_0//build/stdio.o
                0x10001238                _fstat
 .text._read    0x10001240       0x50 C:/Users/ptcha/OneDrive/Documents/GitHub/CodePlayGround/MagpieFW_0//build/stdio.o
                0x10001240                _read
 .text._write   0x10001290       0x54 C:/Users/ptcha/OneDrive/Documents/GitHub/CodePlayGround/MagpieFW_0//build/stdio.o
                0x10001290                _write
 .text.LED_Init
                0x100012e4       0x40 C:/Users/ptcha/OneDrive/Documents/GitHub/CodePlayGround/MagpieFW_0//build/led.o
                0x100012e4                LED_Init
 .text.LED_On   0x10001324       0x40 C:/Users/ptcha/OneDrive/Documents/GitHub/CodePlayGround/MagpieFW_0//build/led.o
                0x10001324                LED_On
 .text.LED_Off  0x10001364       0x40 C:/Users/ptcha/OneDrive/Documents/GitHub/CodePlayGround/MagpieFW_0//build/led.o
                0x10001364                LED_Off
 .text.PB_Init  0x100013a4       0x38 C:/Users/ptcha/OneDrive/Documents/GitHub/CodePlayGround/MagpieFW_0//build/pb.o
                0x100013a4                PB_Init
 .text          0x100013dc      0x134 C:/Users/ptcha/OneDrive/Documents/GitHub/CodePlayGround/MagpieFW_0//build/startup_max32665.o
                0x100013dc                Reset_Handler
                0x1000141a                HardFault_Handler
                0x1000141c                MemManage_Handler
                0x1000141e                BusFault_Handler
                0x10001420                UsageFault_Handler
                0x10001422                SVC_Handler
                0x10001424                PendSV_Handler
                0x10001426                Default_Handler
                0x10001428                PF_IRQHandler
                0x1000142a                WDT0_IRQHandler
                0x1000142c                USB_IRQHandler
                0x1000142e                RTC_IRQHandler
                0x10001430                TRNG_IRQHandler
                0x10001432                TMR0_IRQHandler
                0x10001434                TMR1_IRQHandler
                0x10001436                TMR2_IRQHandler
                0x10001438                TMR3_IRQHandler
                0x1000143a                TMR4_IRQHandler
                0x1000143c                TMR5_IRQHandler
                0x1000143e                RSV11_IRQHandler
                0x10001440                RSV12_IRQHandler
                0x10001442                I2C0_IRQHandler
                0x10001444                UART0_IRQHandler
                0x10001446                UART1_IRQHandler
                0x10001448                SPI1_IRQHandler
                0x1000144a                SPI2_IRQHandler
                0x1000144c                RSV18_IRQHandler
                0x1000144e                RSV19_IRQHandler
                0x10001450                ADC_IRQHandler
                0x10001452                RSV21_IRQHandler
                0x10001454                RSV22_IRQHandler
                0x10001456                FLC0_IRQHandler
                0x1000145a                GPIO1_IRQHandler
                0x1000145c                RSV26_IRQHandler
                0x1000145e                TPU_IRQHandler
                0x10001462                DMA1_IRQHandler
                0x10001464                DMA2_IRQHandler
                0x10001466                DMA3_IRQHandler
                0x10001468                RSV32_IRQHandler
                0x1000146a                RSV33_IRQHandler
                0x1000146c                UART2_IRQHandler
                0x1000146e                RSV35_IRQHandler
                0x10001470                I2C1_IRQHandler
                0x10001472                RSV37_IRQHandler
                0x10001474                SPIXFC_IRQHandler
                0x10001476                BTLE_TX_DONE_IRQHandler
                0x10001478                BTLE_RX_RCVD_IRQHandler
                0x1000147a                BTLE_RX_ENG_DET_IRQHandler
                0x1000147c                BTLE_SFD_DET_IRQHandler
                0x1000147e                BTLE_SFD_TO_IRQHandler
                0x10001480                BTLE_GP_EVENT_IRQHandler
                0x10001482                BTLE_CFO_IRQHandler
                0x10001484                BTLE_SIG_DET_IRQHandler
                0x10001486                BTLE_AGC_EVENT_IRQHandler
                0x10001488                BTLE_RFFE_SPIM_IRQHandler
                0x1000148a                BTLE_TX_AES_IRQHandler
                0x1000148c                BTLE_RX_AES_IRQHandler
                0x1000148e                BTLE_INV_APB_ADDR_IRQHandler
                0x10001490                BTLE_IQ_DATA_VALID_IRQHandler
                0x10001492                WUT_IRQHandler
                0x10001494                GPIOWAKE_IRQHandler
                0x10001496                RSV55_IRQHandler
                0x10001498                SPI0_IRQHandler
                0x1000149a                WDT1_IRQHandler
                0x1000149c                RSV58_IRQHandler
                0x1000149e                PT_IRQHandler
                0x100014a0                SDMA0_IRQHandler
                0x100014a2                RSV61_IRQHandler
                0x100014a4                I2C2_IRQHandler
                0x100014a6                RSV63_IRQHandler
                0x100014a8                RSV64_IRQHandler
                0x100014aa                RSV65_IRQHandler
                0x100014ac                SDHC_IRQHandler
                0x100014ae                OWM_IRQHandler
                0x100014b0                DMA4_IRQHandler
                0x100014b2                DMA5_IRQHandler
                0x100014b4                DMA6_IRQHandler
                0x100014b6                DMA7_IRQHandler
                0x100014b8                DMA8_IRQHandler
                0x100014ba                DMA9_IRQHandler
                0x100014bc                DMA10_IRQHandler
                0x100014be                DMA11_IRQHandler
                0x100014c0                DMA12_IRQHandler
                0x100014c2                DMA13_IRQHandler
                0x100014c4                DMA14_IRQHandler
                0x100014c6                DMA15_IRQHandler
                0x100014c8                USBDMA_IRQHandler
                0x100014ca                WDT2_IRQHandler
                0x100014cc                ECC_IRQHandler
                0x100014ce                DVS_IRQHandler
                0x100014d0                SIMO_IRQHandler
                0x100014d2                SCA_IRQHandler
                0x100014d4                AUDIO_IRQHandler
                0x100014d6                FLC1_IRQHandler
                0x100014d8                RSV88_IRQHandler
                0x100014da                RSV89_IRQHandler
                0x100014dc                RSV90_IRQHandler
                0x100014de                RSV91_IRQHandler
                0x100014e0                RSV92_IRQHandler
                0x100014e2                HTMR0_IRQHandler
                0x100014e4                HTMR1_IRQHandler
 .text._sbrk    0x10001510       0x3c C:/Users/ptcha/OneDrive/Documents/GitHub/CodePlayGround/MagpieFW_0//build/heap.o
                0x10001510                _sbrk
 .text._getpid  0x1000154c        0x8 C:/Users/ptcha/OneDrive/Documents/GitHub/CodePlayGround/MagpieFW_0//build/system_max32665.o
                0x1000154c                _getpid
 .text._kill    0x10001554        0x8 C:/Users/ptcha/OneDrive/Documents/GitHub/CodePlayGround/MagpieFW_0//build/system_max32665.o
                0x10001554                _kill
 .text.SystemCoreClockUpdate
                0x1000155c       0x68 C:/Users/ptcha/OneDrive/Documents/GitHub/CodePlayGround/MagpieFW_0//build/system_max32665.o
                0x1000155c                SystemCoreClockUpdate
 .text.PreInit  0x100015c4       0x60 C:/Users/ptcha/OneDrive/Documents/GitHub/CodePlayGround/MagpieFW_0//build/system_max32665.o
                0x100015c4                PreInit
 .text.PalSysInit
                0x10001624        0x4 C:/Users/ptcha/OneDrive/Documents/GitHub/CodePlayGround/MagpieFW_0//build/system_max32665.o
                0x10001624                PalSysInit
 .text.SystemInit
                0x10001628      0x100 C:/Users/ptcha/OneDrive/Documents/GitHub/CodePlayGround/MagpieFW_0//build/system_max32665.o
                0x10001628                SystemInit
 .text.get_ldnumber
                0x10001728       0x38 C:/Users/ptcha/OneDrive/Documents/GitHub/CodePlayGround/MagpieFW_0/build/Fat32Driver/FAT32.a(ff.o)
 .text.validate
                0x10001760       0x30 C:/Users/ptcha/OneDrive/Documents/GitHub/CodePlayGround/MagpieFW_0/build/Fat32Driver/FAT32.a(ff.o)
 .text.tchar2uni
                0x10001790       0x5c C:/Users/ptcha/OneDrive/Documents/GitHub/CodePlayGround/MagpieFW_0/build/Fat32Driver/FAT32.a(ff.o)
 .text.sync_window.part.0
                0x100017ec       0x44 C:/Users/ptcha/OneDrive/Documents/GitHub/CodePlayGround/MagpieFW_0/build/Fat32Driver/FAT32.a(ff.o)
 .text.dir_clear
                0x10001830       0x6c C:/Users/ptcha/OneDrive/Documents/GitHub/CodePlayGround/MagpieFW_0/build/Fat32Driver/FAT32.a(ff.o)
 .text.sync_fs  0x1000189c       0xc0 C:/Users/ptcha/OneDrive/Documents/GitHub/CodePlayGround/MagpieFW_0/build/Fat32Driver/FAT32.a(ff.o)
 .text.move_window.part.0
                0x1000195c       0x30 C:/Users/ptcha/OneDrive/Documents/GitHub/CodePlayGround/MagpieFW_0/build/Fat32Driver/FAT32.a(ff.o)
 .text.init_alloc_info.isra.0
                0x1000198c       0x1c C:/Users/ptcha/OneDrive/Documents/GitHub/CodePlayGround/MagpieFW_0/build/Fat32Driver/FAT32.a(ff.o)
 .text.get_fileinfo
                0x100019a8      0x21c C:/Users/ptcha/OneDrive/Documents/GitHub/CodePlayGround/MagpieFW_0/build/Fat32Driver/FAT32.a(ff.o)
 .text.check_fs
                0x10001bc4      0x100 C:/Users/ptcha/OneDrive/Documents/GitHub/CodePlayGround/MagpieFW_0/build/Fat32Driver/FAT32.a(ff.o)
 .text.change_bitmap
                0x10001cc4       0xcc C:/Users/ptcha/OneDrive/Documents/GitHub/CodePlayGround/MagpieFW_0/build/Fat32Driver/FAT32.a(ff.o)
 .text.put_fat.part.0
                0x10001d90      0x1dc C:/Users/ptcha/OneDrive/Documents/GitHub/CodePlayGround/MagpieFW_0/build/Fat32Driver/FAT32.a(ff.o)
 .text.fill_first_frag.part.0
                0x10001f6c       0x40 C:/Users/ptcha/OneDrive/Documents/GitHub/CodePlayGround/MagpieFW_0/build/Fat32Driver/FAT32.a(ff.o)
 .text.fill_last_frag
                0x10001fac       0x4c C:/Users/ptcha/OneDrive/Documents/GitHub/CodePlayGround/MagpieFW_0/build/Fat32Driver/FAT32.a(ff.o)
 .text.get_fat  0x10001ff8      0x204 C:/Users/ptcha/OneDrive/Documents/GitHub/CodePlayGround/MagpieFW_0/build/Fat32Driver/FAT32.a(ff.o)
 .text.create_chain
                0x100021fc      0x2ac C:/Users/ptcha/OneDrive/Documents/GitHub/CodePlayGround/MagpieFW_0/build/Fat32Driver/FAT32.a(ff.o)
 .text.dir_sdi  0x100024a8       0xac C:/Users/ptcha/OneDrive/Documents/GitHub/CodePlayGround/MagpieFW_0/build/Fat32Driver/FAT32.a(ff.o)
 .text.remove_chain
                0x10002554      0x120 C:/Users/ptcha/OneDrive/Documents/GitHub/CodePlayGround/MagpieFW_0/build/Fat32Driver/FAT32.a(ff.o)
 .text.dir_next
                0x10002674       0xdc C:/Users/ptcha/OneDrive/Documents/GitHub/CodePlayGround/MagpieFW_0/build/Fat32Driver/FAT32.a(ff.o)
 .text.dir_alloc
                0x10002750       0x94 C:/Users/ptcha/OneDrive/Documents/GitHub/CodePlayGround/MagpieFW_0/build/Fat32Driver/FAT32.a(ff.o)
 .text.load_xdir
                0x100027e4      0x20c C:/Users/ptcha/OneDrive/Documents/GitHub/CodePlayGround/MagpieFW_0/build/Fat32Driver/FAT32.a(ff.o)
 .text.dir_read
                0x100029f0      0x188 C:/Users/ptcha/OneDrive/Documents/GitHub/CodePlayGround/MagpieFW_0/build/Fat32Driver/FAT32.a(ff.o)
 .text.store_xdir
                0x10002b78      0x108 C:/Users/ptcha/OneDrive/Documents/GitHub/CodePlayGround/MagpieFW_0/build/Fat32Driver/FAT32.a(ff.o)
 .text.dir_find
                0x10002c80      0x274 C:/Users/ptcha/OneDrive/Documents/GitHub/CodePlayGround/MagpieFW_0/build/Fat32Driver/FAT32.a(ff.o)
 .text.follow_path
                0x10002ef4      0x47c C:/Users/ptcha/OneDrive/Documents/GitHub/CodePlayGround/MagpieFW_0/build/Fat32Driver/FAT32.a(ff.o)
 .text.dir_register
                0x10003370      0x5b0 C:/Users/ptcha/OneDrive/Documents/GitHub/CodePlayGround/MagpieFW_0/build/Fat32Driver/FAT32.a(ff.o)
 .text.mount_volume
                0x10003920      0x404 C:/Users/ptcha/OneDrive/Documents/GitHub/CodePlayGround/MagpieFW_0/build/Fat32Driver/FAT32.a(ff.o)
 .text.f_mount  0x10003d24       0x54 C:/Users/ptcha/OneDrive/Documents/GitHub/CodePlayGround/MagpieFW_0/build/Fat32Driver/FAT32.a(ff.o)
                0x10003d24                f_mount
 .text.f_open   0x10003d78      0x348 C:/Users/ptcha/OneDrive/Documents/GitHub/CodePlayGround/MagpieFW_0/build/Fat32Driver/FAT32.a(ff.o)
                0x10003d78                f_open
 .text.f_write  0x100040c0      0x218 C:/Users/ptcha/OneDrive/Documents/GitHub/CodePlayGround/MagpieFW_0/build/Fat32Driver/FAT32.a(ff.o)
                0x100040c0                f_write
 .text.f_sync   0x100042d8      0x238 C:/Users/ptcha/OneDrive/Documents/GitHub/CodePlayGround/MagpieFW_0/build/Fat32Driver/FAT32.a(ff.o)
                0x100042d8                f_sync
 .text.f_close  0x10004510       0x24 C:/Users/ptcha/OneDrive/Documents/GitHub/CodePlayGround/MagpieFW_0/build/Fat32Driver/FAT32.a(ff.o)
                0x10004510                f_close
 .text.f_getcwd
                0x10004534      0x19c C:/Users/ptcha/OneDrive/Documents/GitHub/CodePlayGround/MagpieFW_0/build/Fat32Driver/FAT32.a(ff.o)
                0x10004534                f_getcwd
 .text.f_lseek  0x100046d0      0x26c C:/Users/ptcha/OneDrive/Documents/GitHub/CodePlayGround/MagpieFW_0/build/Fat32Driver/FAT32.a(ff.o)
                0x100046d0                f_lseek
 .text.ff_uni2oem
                0x1000493c       0x54 C:/Users/ptcha/OneDrive/Documents/GitHub/CodePlayGround/MagpieFW_0/build/Fat32Driver/FAT32.a(ffunicode.o)
                0x1000493c                ff_uni2oem
 .text.ff_oem2uni
                0x10004990       0x4c C:/Users/ptcha/OneDrive/Documents/GitHub/CodePlayGround/MagpieFW_0/build/Fat32Driver/FAT32.a(ffunicode.o)
                0x10004990                ff_oem2uni
 .text.ff_wtoupper
                0x100049dc       0xbc C:/Users/ptcha/OneDrive/Documents/GitHub/CodePlayGround/MagpieFW_0/build/Fat32Driver/FAT32.a(ffunicode.o)
                0x100049dc                ff_wtoupper
 .text.disk_status
                0x10004a98       0x20 C:/Users/ptcha/OneDrive/Documents/GitHub/CodePlayGround/MagpieFW_0/build/Fat32Driver/FAT32.a(diskio.o)
                0x10004a98                disk_status
 .text.disk_initialize
                0x10004ab8       0x30 C:/Users/ptcha/OneDrive/Documents/GitHub/CodePlayGround/MagpieFW_0/build/Fat32Driver/FAT32.a(diskio.o)
                0x10004ab8                disk_initialize
 .text.disk_read
                0x10004ae8       0x20 C:/Users/ptcha/OneDrive/Documents/GitHub/CodePlayGround/MagpieFW_0/build/Fat32Driver/FAT32.a(diskio.o)
                0x10004ae8                disk_read
 .text.disk_write
                0x10004b08       0x1c C:/Users/ptcha/OneDrive/Documents/GitHub/CodePlayGround/MagpieFW_0/build/Fat32Driver/FAT32.a(diskio.o)
                0x10004b08                disk_write
 .text.disk_ioctl
                0x10004b24       0x8c C:/Users/ptcha/OneDrive/Documents/GitHub/CodePlayGround/MagpieFW_0/build/Fat32Driver/FAT32.a(diskio.o)
                0x10004b24                disk_ioctl
 .text.MXC_SDHC_Lib_Get_Card_Type
                0x10004bb0        0xc C:/Users/ptcha/OneDrive/Documents/GitHub/CodePlayGround/MagpieFW_0/build/SDHCDriver/sdhc.a(sdhc_lib.o)
                0x10004bb0                MXC_SDHC_Lib_Get_Card_Type
 .text.MXC_SDHC_Lib_SetRCA
                0x10004bbc       0x54 C:/Users/ptcha/OneDrive/Documents/GitHub/CodePlayGround/MagpieFW_0/build/SDHCDriver/sdhc.a(sdhc_lib.o)
                0x10004bbc                MXC_SDHC_Lib_SetRCA
 .text.MXC_SDHC_Lib_GetCSD
                0x10004c10       0x64 C:/Users/ptcha/OneDrive/Documents/GitHub/CodePlayGround/MagpieFW_0/build/SDHCDriver/sdhc.a(sdhc_lib.o)
                0x10004c10                MXC_SDHC_Lib_GetCSD
 .text.MXC_SDHC_Lib_GetBlockSize
                0x10004c74       0x14 C:/Users/ptcha/OneDrive/Documents/GitHub/CodePlayGround/MagpieFW_0/build/SDHCDriver/sdhc.a(sdhc_lib.o)
                0x10004c74                MXC_SDHC_Lib_GetBlockSize
 .text.MXC_SDHC_Lib_SetBusWidth
                0x10004c88       0xa4 C:/Users/ptcha/OneDrive/Documents/GitHub/CodePlayGround/MagpieFW_0/build/SDHCDriver/sdhc.a(sdhc_lib.o)
                0x10004c88                MXC_SDHC_Lib_SetBusWidth
 .text.MXC_SDHC_Lib_InitCard
                0x10004d2c      0x1e8 C:/Users/ptcha/OneDrive/Documents/GitHub/CodePlayGround/MagpieFW_0/build/SDHCDriver/sdhc.a(sdhc_lib.o)
                0x10004d2c                MXC_SDHC_Lib_InitCard
 .text.MXC_SDHC_Lib_Prepare_Trans
                0x10004f14       0xb0 C:/Users/ptcha/OneDrive/Documents/GitHub/CodePlayGround/MagpieFW_0/build/SDHCDriver/sdhc.a(sdhc_lib.o)
                0x10004f14                MXC_SDHC_Lib_Prepare_Trans
 .text.MXC_SDHC_Lib_Write
                0x10004fc4       0x50 C:/Users/ptcha/OneDrive/Documents/GitHub/CodePlayGround/MagpieFW_0/build/SDHCDriver/sdhc.a(sdhc_lib.o)
                0x10004fc4                MXC_SDHC_Lib_Write
 .text.MXC_SDHC_Lib_Read
                0x10005014       0x50 C:/Users/ptcha/OneDrive/Documents/GitHub/CodePlayGround/MagpieFW_0/build/SDHCDriver/sdhc.a(sdhc_lib.o)
                0x10005014                MXC_SDHC_Lib_Read
 .text.MXC_DelayInit
                0x10005064       0x7c C:/Users/ptcha/OneDrive/Documents/GitHub/CodePlayGround/MagpieFW_0//PeriphDrivers/bin/MAX32665/softfp/libPeriphDriver_softfp.a(mxc_delay.o)
 .text.SysTick_Handler
                0x100050e0       0x54 C:/Users/ptcha/OneDrive/Documents/GitHub/CodePlayGround/MagpieFW_0//PeriphDrivers/bin/MAX32665/softfp/libPeriphDriver_softfp.a(mxc_delay.o)
                0x100050e0                SysTick_Handler
 .text.MXC_DelayAsync
                0x10005134       0x3c C:/Users/ptcha/OneDrive/Documents/GitHub/CodePlayGround/MagpieFW_0//PeriphDrivers/bin/MAX32665/softfp/libPeriphDriver_softfp.a(mxc_delay.o)
                0x10005134                MXC_DelayAsync
 .text.MXC_DelayCheck
                0x10005170       0x70 C:/Users/ptcha/OneDrive/Documents/GitHub/CodePlayGround/MagpieFW_0//PeriphDrivers/bin/MAX32665/softfp/libPeriphDriver_softfp.a(mxc_delay.o)
                0x10005170                MXC_DelayCheck
 .text.MXC_DelayAbort
                0x100051e0       0x34 C:/Users/ptcha/OneDrive/Documents/GitHub/CodePlayGround/MagpieFW_0//PeriphDrivers/bin/MAX32665/softfp/libPeriphDriver_softfp.a(mxc_delay.o)
                0x100051e0                MXC_DelayAbort
 .text.MXC_Delay
                0x10005214       0x74 C:/Users/ptcha/OneDrive/Documents/GitHub/CodePlayGround/MagpieFW_0//PeriphDrivers/bin/MAX32665/softfp/libPeriphDriver_softfp.a(mxc_delay.o)
                0x10005214                MXC_Delay
 .text.MXC_SYS_IsClockEnabled
                0x10005288       0x34 C:/Users/ptcha/OneDrive/Documents/GitHub/CodePlayGround/MagpieFW_0//PeriphDrivers/bin/MAX32665/softfp/libPeriphDriver_softfp.a(sys_me14.o)
                0x10005288                MXC_SYS_IsClockEnabled
 .text.MXC_SYS_ClockDisable
                0x100052bc       0x28 C:/Users/ptcha/OneDrive/Documents/GitHub/CodePlayGround/MagpieFW_0//PeriphDrivers/bin/MAX32665/softfp/libPeriphDriver_softfp.a(sys_me14.o)
                0x100052bc                MXC_SYS_ClockDisable
 .text.MXC_SYS_ClockEnable
                0x100052e4       0x2c C:/Users/ptcha/OneDrive/Documents/GitHub/CodePlayGround/MagpieFW_0//PeriphDrivers/bin/MAX32665/softfp/libPeriphDriver_softfp.a(sys_me14.o)
                0x100052e4                MXC_SYS_ClockEnable
 .text.MXC_SYS_Clock_Timeout
                0x10005310       0x30 C:/Users/ptcha/OneDrive/Documents/GitHub/CodePlayGround/MagpieFW_0//PeriphDrivers/bin/MAX32665/softfp/libPeriphDriver_softfp.a(sys_me14.o)
                0x10005310                MXC_SYS_Clock_Timeout
 .text.MXC_SYS_Clock_Select
                0x10005340      0x1c8 C:/Users/ptcha/OneDrive/Documents/GitHub/CodePlayGround/MagpieFW_0//PeriphDrivers/bin/MAX32665/softfp/libPeriphDriver_softfp.a(sys_me14.o)
                0x10005340                MXC_SYS_Clock_Select
 .text.MXC_SYS_Reset_Periph
                0x10005508       0x30 C:/Users/ptcha/OneDrive/Documents/GitHub/CodePlayGround/MagpieFW_0//PeriphDrivers/bin/MAX32665/softfp/libPeriphDriver_softfp.a(sys_me14.o)
                0x10005508                MXC_SYS_Reset_Periph
 .text.MXC_DMA_Init
                0x10005538       0x60 C:/Users/ptcha/OneDrive/Documents/GitHub/CodePlayGround/MagpieFW_0//PeriphDrivers/bin/MAX32665/softfp/libPeriphDriver_softfp.a(dma_me14.o)
                0x10005538                MXC_DMA_Init
 .text.MXC_DMA_DeInit
                0x10005598        0x4 C:/Users/ptcha/OneDrive/Documents/GitHub/CodePlayGround/MagpieFW_0//PeriphDrivers/bin/MAX32665/softfp/libPeriphDriver_softfp.a(dma_me14.o)
                0x10005598                MXC_DMA_DeInit
 .text.MXC_DMA_AcquireChannel
                0x1000559c       0x1c C:/Users/ptcha/OneDrive/Documents/GitHub/CodePlayGround/MagpieFW_0//PeriphDrivers/bin/MAX32665/softfp/libPeriphDriver_softfp.a(dma_me14.o)
                0x1000559c                MXC_DMA_AcquireChannel
 .text.MXC_DMA_ReleaseChannel
                0x100055b8        0x4 C:/Users/ptcha/OneDrive/Documents/GitHub/CodePlayGround/MagpieFW_0//PeriphDrivers/bin/MAX32665/softfp/libPeriphDriver_softfp.a(dma_me14.o)
                0x100055b8                MXC_DMA_ReleaseChannel
 .text.MXC_DMA_ConfigChannel
                0x100055bc       0x18 C:/Users/ptcha/OneDrive/Documents/GitHub/CodePlayGround/MagpieFW_0//PeriphDrivers/bin/MAX32665/softfp/libPeriphDriver_softfp.a(dma_me14.o)
                0x100055bc                MXC_DMA_ConfigChannel
 .text.MXC_DMA_AdvConfigChannel
                0x100055d4       0x24 C:/Users/ptcha/OneDrive/Documents/GitHub/CodePlayGround/MagpieFW_0//PeriphDrivers/bin/MAX32665/softfp/libPeriphDriver_softfp.a(dma_me14.o)
                0x100055d4                MXC_DMA_AdvConfigChannel
 .text.MXC_DMA_SetSrcDst
                0x100055f8       0x14 C:/Users/ptcha/OneDrive/Documents/GitHub/CodePlayGround/MagpieFW_0//PeriphDrivers/bin/MAX32665/softfp/libPeriphDriver_softfp.a(dma_me14.o)
                0x100055f8                MXC_DMA_SetSrcDst
 .text.MXC_DMA_SetSrcReload
                0x1000560c       0x14 C:/Users/ptcha/OneDrive/Documents/GitHub/CodePlayGround/MagpieFW_0//PeriphDrivers/bin/MAX32665/softfp/libPeriphDriver_softfp.a(dma_me14.o)
                0x1000560c                MXC_DMA_SetSrcReload
 .text.MXC_DMA_SetCallback
                0x10005620        0x4 C:/Users/ptcha/OneDrive/Documents/GitHub/CodePlayGround/MagpieFW_0//PeriphDrivers/bin/MAX32665/softfp/libPeriphDriver_softfp.a(dma_me14.o)
                0x10005620                MXC_DMA_SetCallback
 .text.MXC_DMA_SetChannelInterruptEn
                0x10005624        0x4 C:/Users/ptcha/OneDrive/Documents/GitHub/CodePlayGround/MagpieFW_0//PeriphDrivers/bin/MAX32665/softfp/libPeriphDriver_softfp.a(dma_me14.o)
                0x10005624                MXC_DMA_SetChannelInterruptEn
 .text.MXC_DMA_ChannelGetFlags
                0x10005628        0x4 C:/Users/ptcha/OneDrive/Documents/GitHub/CodePlayGround/MagpieFW_0//PeriphDrivers/bin/MAX32665/softfp/libPeriphDriver_softfp.a(dma_me14.o)
                0x10005628                MXC_DMA_ChannelGetFlags
 .text.MXC_DMA_ChannelClearFlags
                0x1000562c        0x4 C:/Users/ptcha/OneDrive/Documents/GitHub/CodePlayGround/MagpieFW_0//PeriphDrivers/bin/MAX32665/softfp/libPeriphDriver_softfp.a(dma_me14.o)
                0x1000562c                MXC_DMA_ChannelClearFlags
 .text.MXC_DMA_EnableInt
                0x10005630       0x24 C:/Users/ptcha/OneDrive/Documents/GitHub/CodePlayGround/MagpieFW_0//PeriphDrivers/bin/MAX32665/softfp/libPeriphDriver_softfp.a(dma_me14.o)
                0x10005630                MXC_DMA_EnableInt
 .text.MXC_DMA_Start
                0x10005654        0x4 C:/Users/ptcha/OneDrive/Documents/GitHub/CodePlayGround/MagpieFW_0//PeriphDrivers/bin/MAX32665/softfp/libPeriphDriver_softfp.a(dma_me14.o)
                0x10005654                MXC_DMA_Start
 .text.MXC_DMA_Stop
                0x10005658        0x4 C:/Users/ptcha/OneDrive/Documents/GitHub/CodePlayGround/MagpieFW_0//PeriphDrivers/bin/MAX32665/softfp/libPeriphDriver_softfp.a(dma_me14.o)
                0x10005658                MXC_DMA_Stop
 .text.MXC_DMA_Handler
                0x1000565c       0x18 C:/Users/ptcha/OneDrive/Documents/GitHub/CodePlayGround/MagpieFW_0//PeriphDrivers/bin/MAX32665/softfp/libPeriphDriver_softfp.a(dma_me14.o)
                0x1000565c                MXC_DMA_Handler
 .text.MXC_DMA_RevA_Init
                0x10005674       0xd4 C:/Users/ptcha/OneDrive/Documents/GitHub/CodePlayGround/MagpieFW_0//PeriphDrivers/bin/MAX32665/softfp/libPeriphDriver_softfp.a(dma_reva.o)
                0x10005674                MXC_DMA_RevA_Init
 .text.MXC_DMA_RevA_DeInit
                0x10005748       0x50 C:/Users/ptcha/OneDrive/Documents/GitHub/CodePlayGround/MagpieFW_0//PeriphDrivers/bin/MAX32665/softfp/libPeriphDriver_softfp.a(dma_reva.o)
                0x10005748                MXC_DMA_RevA_DeInit
 .text.MXC_DMA_RevA_AcquireChannel
                0x10005798       0x9c C:/Users/ptcha/OneDrive/Documents/GitHub/CodePlayGround/MagpieFW_0//PeriphDrivers/bin/MAX32665/softfp/libPeriphDriver_softfp.a(dma_reva.o)
                0x10005798                MXC_DMA_RevA_AcquireChannel
 .text.MXC_DMA_RevA_ReleaseChannel
                0x10005834       0x48 C:/Users/ptcha/OneDrive/Documents/GitHub/CodePlayGround/MagpieFW_0//PeriphDrivers/bin/MAX32665/softfp/libPeriphDriver_softfp.a(dma_reva.o)
                0x10005834                MXC_DMA_RevA_ReleaseChannel
 .text.MXC_DMA_RevA_ConfigChannel
                0x1000587c       0x8c C:/Users/ptcha/OneDrive/Documents/GitHub/CodePlayGround/MagpieFW_0//PeriphDrivers/bin/MAX32665/softfp/libPeriphDriver_softfp.a(dma_reva.o)
                0x1000587c                MXC_DMA_RevA_ConfigChannel
 .text.MXC_DMA_RevA_AdvConfigChannel
                0x10005908       0x7c C:/Users/ptcha/OneDrive/Documents/GitHub/CodePlayGround/MagpieFW_0//PeriphDrivers/bin/MAX32665/softfp/libPeriphDriver_softfp.a(dma_reva.o)
                0x10005908                MXC_DMA_RevA_AdvConfigChannel
 .text.MXC_DMA_RevA_SetSrcDst
                0x10005984       0x3c C:/Users/ptcha/OneDrive/Documents/GitHub/CodePlayGround/MagpieFW_0//PeriphDrivers/bin/MAX32665/softfp/libPeriphDriver_softfp.a(dma_reva.o)
                0x10005984                MXC_DMA_RevA_SetSrcDst
 .text.MXC_DMA_RevA_SetSrcReload
                0x100059c0       0x48 C:/Users/ptcha/OneDrive/Documents/GitHub/CodePlayGround/MagpieFW_0//PeriphDrivers/bin/MAX32665/softfp/libPeriphDriver_softfp.a(dma_reva.o)
                0x100059c0                MXC_DMA_RevA_SetSrcReload
 .text.MXC_DMA_RevA_SetCallback
                0x10005a08       0x24 C:/Users/ptcha/OneDrive/Documents/GitHub/CodePlayGround/MagpieFW_0//PeriphDrivers/bin/MAX32665/softfp/libPeriphDriver_softfp.a(dma_reva.o)
                0x10005a08                MXC_DMA_RevA_SetCallback
 .text.MXC_DMA_RevA_SetChannelInterruptEn
                0x10005a2c       0x50 C:/Users/ptcha/OneDrive/Documents/GitHub/CodePlayGround/MagpieFW_0//PeriphDrivers/bin/MAX32665/softfp/libPeriphDriver_softfp.a(dma_reva.o)
                0x10005a2c                MXC_DMA_RevA_SetChannelInterruptEn
 .text.MXC_DMA_RevA_EnableInt
                0x10005a7c       0x30 C:/Users/ptcha/OneDrive/Documents/GitHub/CodePlayGround/MagpieFW_0//PeriphDrivers/bin/MAX32665/softfp/libPeriphDriver_softfp.a(dma_reva.o)
                0x10005a7c                MXC_DMA_RevA_EnableInt
 .text.MXC_DMA_RevA_ChannelGetFlags
                0x10005aac       0x24 C:/Users/ptcha/OneDrive/Documents/GitHub/CodePlayGround/MagpieFW_0//PeriphDrivers/bin/MAX32665/softfp/libPeriphDriver_softfp.a(dma_reva.o)
                0x10005aac                MXC_DMA_RevA_ChannelGetFlags
 .text.MXC_DMA_RevA_ChannelClearFlags
                0x10005ad0       0x2c C:/Users/ptcha/OneDrive/Documents/GitHub/CodePlayGround/MagpieFW_0//PeriphDrivers/bin/MAX32665/softfp/libPeriphDriver_softfp.a(dma_reva.o)
                0x10005ad0                MXC_DMA_RevA_ChannelClearFlags
 .text.MXC_DMA_RevA_Start
                0x10005afc       0x48 C:/Users/ptcha/OneDrive/Documents/GitHub/CodePlayGround/MagpieFW_0//PeriphDrivers/bin/MAX32665/softfp/libPeriphDriver_softfp.a(dma_reva.o)
                0x10005afc                MXC_DMA_RevA_Start
 .text.MXC_DMA_RevA_Stop
                0x10005b44       0x2c C:/Users/ptcha/OneDrive/Documents/GitHub/CodePlayGround/MagpieFW_0//PeriphDrivers/bin/MAX32665/softfp/libPeriphDriver_softfp.a(dma_reva.o)
                0x10005b44                MXC_DMA_RevA_Stop
 .text.MXC_DMA_RevA_Handler
                0x10005b70       0x98 C:/Users/ptcha/OneDrive/Documents/GitHub/CodePlayGround/MagpieFW_0//PeriphDrivers/bin/MAX32665/softfp/libPeriphDriver_softfp.a(dma_reva.o)
                0x10005b70                MXC_DMA_RevA_Handler
 .text.MXC_GPIO_Shutdown
                0x10005c08       0x24 C:/Users/ptcha/OneDrive/Documents/GitHub/CodePlayGround/MagpieFW_0//PeriphDrivers/bin/MAX32665/softfp/libPeriphDriver_softfp.a(gpio_me14.o)
                0x10005c08                MXC_GPIO_Shutdown
 .text.MXC_GPIO_Config
                0x10005c2c       0xc0 C:/Users/ptcha/OneDrive/Documents/GitHub/CodePlayGround/MagpieFW_0//PeriphDrivers/bin/MAX32665/softfp/libPeriphDriver_softfp.a(gpio_me14.o)
                0x10005c2c                MXC_GPIO_Config
 .text.MXC_GPIO_InGet
                0x10005cec        0x4 C:/Users/ptcha/OneDrive/Documents/GitHub/CodePlayGround/MagpieFW_0//PeriphDrivers/bin/MAX32665/softfp/libPeriphDriver_softfp.a(gpio_me14.o)
                0x10005cec                MXC_GPIO_InGet
 .text.MXC_GPIO_OutSet
                0x10005cf0        0x4 C:/Users/ptcha/OneDrive/Documents/GitHub/CodePlayGround/MagpieFW_0//PeriphDrivers/bin/MAX32665/softfp/libPeriphDriver_softfp.a(gpio_me14.o)
                0x10005cf0                MXC_GPIO_OutSet
 .text.MXC_GPIO_OutClr
                0x10005cf4        0x4 C:/Users/ptcha/OneDrive/Documents/GitHub/CodePlayGround/MagpieFW_0//PeriphDrivers/bin/MAX32665/softfp/libPeriphDriver_softfp.a(gpio_me14.o)
                0x10005cf4                MXC_GPIO_OutClr
 .text.MXC_GPIO_Handler
                0x10005cf8        0x4 C:/Users/ptcha/OneDrive/Documents/GitHub/CodePlayGround/MagpieFW_0//PeriphDrivers/bin/MAX32665/softfp/libPeriphDriver_softfp.a(gpio_me14.o)
                0x10005cf8                MXC_GPIO_Handler
 .text.MXC_GPIO_ClearFlags
                0x10005cfc        0x4 C:/Users/ptcha/OneDrive/Documents/GitHub/CodePlayGround/MagpieFW_0//PeriphDrivers/bin/MAX32665/softfp/libPeriphDriver_softfp.a(gpio_me14.o)
                0x10005cfc                MXC_GPIO_ClearFlags
 .text.MXC_GPIO_GetFlags
                0x10005d00        0x4 C:/Users/ptcha/OneDrive/Documents/GitHub/CodePlayGround/MagpieFW_0//PeriphDrivers/bin/MAX32665/softfp/libPeriphDriver_softfp.a(gpio_me14.o)
                0x10005d00                MXC_GPIO_GetFlags
 .text.MXC_GPIO_RevA_InGet
                0x10005d04        0x8 C:/Users/ptcha/OneDrive/Documents/GitHub/CodePlayGround/MagpieFW_0//PeriphDrivers/bin/MAX32665/softfp/libPeriphDriver_softfp.a(gpio_reva.o)
                0x10005d04                MXC_GPIO_RevA_InGet
 .text.MXC_GPIO_RevA_OutSet
                0x10005d0c        0x4 C:/Users/ptcha/OneDrive/Documents/GitHub/CodePlayGround/MagpieFW_0//PeriphDrivers/bin/MAX32665/softfp/libPeriphDriver_softfp.a(gpio_reva.o)
                0x10005d0c                MXC_GPIO_RevA_OutSet
 .text.MXC_GPIO_RevA_OutClr
                0x10005d10        0x4 C:/Users/ptcha/OneDrive/Documents/GitHub/CodePlayGround/MagpieFW_0//PeriphDrivers/bin/MAX32665/softfp/libPeriphDriver_softfp.a(gpio_reva.o)
                0x10005d10                MXC_GPIO_RevA_OutClr
 .text.MXC_GPIO_RevA_ClearFlags
                0x10005d14        0x4 C:/Users/ptcha/OneDrive/Documents/GitHub/CodePlayGround/MagpieFW_0//PeriphDrivers/bin/MAX32665/softfp/libPeriphDriver_softfp.a(gpio_reva.o)
                0x10005d14                MXC_GPIO_RevA_ClearFlags
 .text.MXC_GPIO_RevA_GetFlags
                0x10005d18        0x4 C:/Users/ptcha/OneDrive/Documents/GitHub/CodePlayGround/MagpieFW_0//PeriphDrivers/bin/MAX32665/softfp/libPeriphDriver_softfp.a(gpio_reva.o)
                0x10005d18                MXC_GPIO_RevA_GetFlags
 .text.MXC_GPIO_RevA_SetVSSEL
                0x10005d1c       0x30 C:/Users/ptcha/OneDrive/Documents/GitHub/CodePlayGround/MagpieFW_0//PeriphDrivers/bin/MAX32665/softfp/libPeriphDriver_softfp.a(gpio_reva.o)
                0x10005d1c                MXC_GPIO_RevA_SetVSSEL
 .text.MXC_GPIO_RevA_SetAF
                0x10005d4c       0x6c C:/Users/ptcha/OneDrive/Documents/GitHub/CodePlayGround/MagpieFW_0//PeriphDrivers/bin/MAX32665/softfp/libPeriphDriver_softfp.a(gpio_reva.o)
                0x10005d4c                MXC_GPIO_RevA_SetAF
 .text.MXC_I2C_SetSlaveAddr
                0x10005db8        0xc C:/Users/ptcha/OneDrive/Documents/GitHub/CodePlayGround/MagpieFW_0//PeriphDrivers/bin/MAX32665/softfp/libPeriphDriver_softfp.a(i2c_me14.o)
                0x10005db8                MXC_I2C_SetSlaveAddr
 .text.MXC_I2C_Shutdown
                0x10005dc4       0xb0 C:/Users/ptcha/OneDrive/Documents/GitHub/CodePlayGround/MagpieFW_0//PeriphDrivers/bin/MAX32665/softfp/libPeriphDriver_softfp.a(i2c_me14.o)
                0x10005dc4                MXC_I2C_Shutdown
 .text.MXC_I2C_Init
                0x10005e74       0xac C:/Users/ptcha/OneDrive/Documents/GitHub/CodePlayGround/MagpieFW_0//PeriphDrivers/bin/MAX32665/softfp/libPeriphDriver_softfp.a(i2c_me14.o)
                0x10005e74                MXC_I2C_Init
 .text.MXC_I2C_SetFrequency
                0x10005f20        0x4 C:/Users/ptcha/OneDrive/Documents/GitHub/CodePlayGround/MagpieFW_0//PeriphDrivers/bin/MAX32665/softfp/libPeriphDriver_softfp.a(i2c_me14.o)
                0x10005f20                MXC_I2C_SetFrequency
 .text.MXC_I2C_GetFrequency
                0x10005f24        0x4 C:/Users/ptcha/OneDrive/Documents/GitHub/CodePlayGround/MagpieFW_0//PeriphDrivers/bin/MAX32665/softfp/libPeriphDriver_softfp.a(i2c_me14.o)
                0x10005f24                MXC_I2C_GetFrequency
 .text.MXC_I2C_Start
                0x10005f28        0x4 C:/Users/ptcha/OneDrive/Documents/GitHub/CodePlayGround/MagpieFW_0//PeriphDrivers/bin/MAX32665/softfp/libPeriphDriver_softfp.a(i2c_me14.o)
                0x10005f28                MXC_I2C_Start
 .text.MXC_I2C_Stop
                0x10005f2c        0x4 C:/Users/ptcha/OneDrive/Documents/GitHub/CodePlayGround/MagpieFW_0//PeriphDrivers/bin/MAX32665/softfp/libPeriphDriver_softfp.a(i2c_me14.o)
                0x10005f2c                MXC_I2C_Stop
 .text.MXC_I2C_ReadRXFIFO
                0x10005f30        0x4 C:/Users/ptcha/OneDrive/Documents/GitHub/CodePlayGround/MagpieFW_0//PeriphDrivers/bin/MAX32665/softfp/libPeriphDriver_softfp.a(i2c_me14.o)
                0x10005f30                MXC_I2C_ReadRXFIFO
 .text.MXC_I2C_WriteTXFIFO
                0x10005f34        0x4 C:/Users/ptcha/OneDrive/Documents/GitHub/CodePlayGround/MagpieFW_0//PeriphDrivers/bin/MAX32665/softfp/libPeriphDriver_softfp.a(i2c_me14.o)
                0x10005f34                MXC_I2C_WriteTXFIFO
 .text.MXC_I2C_ClearRXFIFO
                0x10005f38        0x4 C:/Users/ptcha/OneDrive/Documents/GitHub/CodePlayGround/MagpieFW_0//PeriphDrivers/bin/MAX32665/softfp/libPeriphDriver_softfp.a(i2c_me14.o)
                0x10005f38                MXC_I2C_ClearRXFIFO
 .text.MXC_I2C_ClearTXFIFO
                0x10005f3c        0x4 C:/Users/ptcha/OneDrive/Documents/GitHub/CodePlayGround/MagpieFW_0//PeriphDrivers/bin/MAX32665/softfp/libPeriphDriver_softfp.a(i2c_me14.o)
                0x10005f3c                MXC_I2C_ClearTXFIFO
 .text.MXC_I2C_ClearFlags
                0x10005f40        0x4 C:/Users/ptcha/OneDrive/Documents/GitHub/CodePlayGround/MagpieFW_0//PeriphDrivers/bin/MAX32665/softfp/libPeriphDriver_softfp.a(i2c_me14.o)
                0x10005f40                MXC_I2C_ClearFlags
 .text.MXC_I2C_Recover
                0x10005f44        0x4 C:/Users/ptcha/OneDrive/Documents/GitHub/CodePlayGround/MagpieFW_0//PeriphDrivers/bin/MAX32665/softfp/libPeriphDriver_softfp.a(i2c_me14.o)
                0x10005f44                MXC_I2C_Recover
 .text.MXC_I2C_MasterTransaction
                0x10005f48        0x4 C:/Users/ptcha/OneDrive/Documents/GitHub/CodePlayGround/MagpieFW_0//PeriphDrivers/bin/MAX32665/softfp/libPeriphDriver_softfp.a(i2c_me14.o)
                0x10005f48                MXC_I2C_MasterTransaction
 .text.MXC_I2C_SetRXThreshold
                0x10005f4c        0x4 C:/Users/ptcha/OneDrive/Documents/GitHub/CodePlayGround/MagpieFW_0//PeriphDrivers/bin/MAX32665/softfp/libPeriphDriver_softfp.a(i2c_me14.o)
                0x10005f4c                MXC_I2C_SetRXThreshold
 .text.MXC_I2C_SetTXThreshold
                0x10005f50        0x4 C:/Users/ptcha/OneDrive/Documents/GitHub/CodePlayGround/MagpieFW_0//PeriphDrivers/bin/MAX32665/softfp/libPeriphDriver_softfp.a(i2c_me14.o)
                0x10005f50                MXC_I2C_SetTXThreshold
 .text.MXC_I2C_RevA_Init
                0x10005f54      0x18c C:/Users/ptcha/OneDrive/Documents/GitHub/CodePlayGround/MagpieFW_0//PeriphDrivers/bin/MAX32665/softfp/libPeriphDriver_softfp.a(i2c_reva.o)
                0x10005f54                MXC_I2C_RevA_Init
 .text.MXC_I2C_RevA_SetSlaveAddr
                0x100060e0       0x3c C:/Users/ptcha/OneDrive/Documents/GitHub/CodePlayGround/MagpieFW_0//PeriphDrivers/bin/MAX32665/softfp/libPeriphDriver_softfp.a(i2c_reva.o)
                0x100060e0                MXC_I2C_RevA_SetSlaveAddr
 .text.MXC_I2C_RevA_Shutdown
                0x1000611c       0xcc C:/Users/ptcha/OneDrive/Documents/GitHub/CodePlayGround/MagpieFW_0//PeriphDrivers/bin/MAX32665/softfp/libPeriphDriver_softfp.a(i2c_reva.o)
                0x1000611c                MXC_I2C_RevA_Shutdown
 .text.MXC_I2C_RevA_SetFrequency
                0x100061e8       0xc0 C:/Users/ptcha/OneDrive/Documents/GitHub/CodePlayGround/MagpieFW_0//PeriphDrivers/bin/MAX32665/softfp/libPeriphDriver_softfp.a(i2c_reva.o)
                0x100061e8                MXC_I2C_RevA_SetFrequency
 .text.MXC_I2C_RevA_GetFrequency
                0x100062a8       0x38 C:/Users/ptcha/OneDrive/Documents/GitHub/CodePlayGround/MagpieFW_0//PeriphDrivers/bin/MAX32665/softfp/libPeriphDriver_softfp.a(i2c_reva.o)
                0x100062a8                MXC_I2C_RevA_GetFrequency
 .text.MXC_I2C_RevA_Start
                0x100062e0       0x24 C:/Users/ptcha/OneDrive/Documents/GitHub/CodePlayGround/MagpieFW_0//PeriphDrivers/bin/MAX32665/softfp/libPeriphDriver_softfp.a(i2c_reva.o)
                0x100062e0                MXC_I2C_RevA_Start
 .text.MXC_I2C_RevA_Stop
                0x10006304       0x1c C:/Users/ptcha/OneDrive/Documents/GitHub/CodePlayGround/MagpieFW_0//PeriphDrivers/bin/MAX32665/softfp/libPeriphDriver_softfp.a(i2c_reva.o)
                0x10006304                MXC_I2C_RevA_Stop
 .text.MXC_I2C_RevA_ReadRXFIFO
                0x10006320       0x30 C:/Users/ptcha/OneDrive/Documents/GitHub/CodePlayGround/MagpieFW_0//PeriphDrivers/bin/MAX32665/softfp/libPeriphDriver_softfp.a(i2c_reva.o)
                0x10006320                MXC_I2C_RevA_ReadRXFIFO
 .text.MXC_I2C_RevA_WriteTXFIFO
                0x10006350       0x30 C:/Users/ptcha/OneDrive/Documents/GitHub/CodePlayGround/MagpieFW_0//PeriphDrivers/bin/MAX32665/softfp/libPeriphDriver_softfp.a(i2c_reva.o)
                0x10006350                MXC_I2C_RevA_WriteTXFIFO
 .text.MXC_I2C_RevA_ClearRXFIFO
                0x10006380       0x10 C:/Users/ptcha/OneDrive/Documents/GitHub/CodePlayGround/MagpieFW_0//PeriphDrivers/bin/MAX32665/softfp/libPeriphDriver_softfp.a(i2c_reva.o)
                0x10006380                MXC_I2C_RevA_ClearRXFIFO
 .text.MXC_I2C_RevA_ClearTXFIFO
                0x10006390       0x10 C:/Users/ptcha/OneDrive/Documents/GitHub/CodePlayGround/MagpieFW_0//PeriphDrivers/bin/MAX32665/softfp/libPeriphDriver_softfp.a(i2c_reva.o)
                0x10006390                MXC_I2C_RevA_ClearTXFIFO
 .text.MXC_I2C_RevA_ClearFlags
                0x100063a0        0x8 C:/Users/ptcha/OneDrive/Documents/GitHub/CodePlayGround/MagpieFW_0//PeriphDrivers/bin/MAX32665/softfp/libPeriphDriver_softfp.a(i2c_reva.o)
                0x100063a0                MXC_I2C_RevA_ClearFlags
 .text.MXC_I2C_RevA_Recover
                0x100063a8       0xd8 C:/Users/ptcha/OneDrive/Documents/GitHub/CodePlayGround/MagpieFW_0//PeriphDrivers/bin/MAX32665/softfp/libPeriphDriver_softfp.a(i2c_reva.o)
                0x100063a8                MXC_I2C_RevA_Recover
 .text.MXC_I2C_RevA_MasterTransaction
                0x10006480      0x1d4 C:/Users/ptcha/OneDrive/Documents/GitHub/CodePlayGround/MagpieFW_0//PeriphDrivers/bin/MAX32665/softfp/libPeriphDriver_softfp.a(i2c_reva.o)
                0x10006480                MXC_I2C_RevA_MasterTransaction
 .text.MXC_I2C_RevA_SetRXThreshold
                0x10006654       0x20 C:/Users/ptcha/OneDrive/Documents/GitHub/CodePlayGround/MagpieFW_0//PeriphDrivers/bin/MAX32665/softfp/libPeriphDriver_softfp.a(i2c_reva.o)
                0x10006654                MXC_I2C_RevA_SetRXThreshold
 .text.MXC_I2C_RevA_SetTXThreshold
                0x10006674       0x24 C:/Users/ptcha/OneDrive/Documents/GitHub/CodePlayGround/MagpieFW_0//PeriphDrivers/bin/MAX32665/softfp/libPeriphDriver_softfp.a(i2c_reva.o)
                0x10006674                MXC_I2C_RevA_SetTXThreshold
 .text.MXC_SDHC_Set_Clock_Config
                0x10006698        0xc C:/Users/ptcha/OneDrive/Documents/GitHub/CodePlayGround/MagpieFW_0//PeriphDrivers/bin/MAX32665/softfp/libPeriphDriver_softfp.a(sdhc_me14.o)
                0x10006698                MXC_SDHC_Set_Clock_Config
 .text.MXC_SDHC_Init
                0x100066a4       0x58 C:/Users/ptcha/OneDrive/Documents/GitHub/CodePlayGround/MagpieFW_0//PeriphDrivers/bin/MAX32665/softfp/libPeriphDriver_softfp.a(sdhc_me14.o)
                0x100066a4                MXC_SDHC_Init
 .text.MXC_SDHC_Get_Input_Clock_Freq
                0x100066fc       0x1c C:/Users/ptcha/OneDrive/Documents/GitHub/CodePlayGround/MagpieFW_0//PeriphDrivers/bin/MAX32665/softfp/libPeriphDriver_softfp.a(sdhc_me14.o)
                0x100066fc                MXC_SDHC_Get_Input_Clock_Freq
 .text.MXC_SDHC_PowerUp
                0x10006718        0xc C:/Users/ptcha/OneDrive/Documents/GitHub/CodePlayGround/MagpieFW_0//PeriphDrivers/bin/MAX32665/softfp/libPeriphDriver_softfp.a(sdhc_me14.o)
                0x10006718                MXC_SDHC_PowerUp
 .text.MXC_SDHC_SendCommand
                0x10006724        0xc C:/Users/ptcha/OneDrive/Documents/GitHub/CodePlayGround/MagpieFW_0//PeriphDrivers/bin/MAX32665/softfp/libPeriphDriver_softfp.a(sdhc_me14.o)
                0x10006724                MXC_SDHC_SendCommand
 .text.MXC_SDHC_Card_Inserted
                0x10006730        0xc C:/Users/ptcha/OneDrive/Documents/GitHub/CodePlayGround/MagpieFW_0//PeriphDrivers/bin/MAX32665/softfp/libPeriphDriver_softfp.a(sdhc_me14.o)
                0x10006730                MXC_SDHC_Card_Inserted
 .text.MXC_SDHC_Reset
                0x1000673c        0xc C:/Users/ptcha/OneDrive/Documents/GitHub/CodePlayGround/MagpieFW_0//PeriphDrivers/bin/MAX32665/softfp/libPeriphDriver_softfp.a(sdhc_me14.o)
                0x1000673c                MXC_SDHC_Reset
 .text.MXC_SDHC_Reset_CMD_DAT
                0x10006748        0xc C:/Users/ptcha/OneDrive/Documents/GitHub/CodePlayGround/MagpieFW_0//PeriphDrivers/bin/MAX32665/softfp/libPeriphDriver_softfp.a(sdhc_me14.o)
                0x10006748                MXC_SDHC_Reset_CMD_DAT
 .text.MXC_SDHC_Card_Busy
                0x10006754        0xc C:/Users/ptcha/OneDrive/Documents/GitHub/CodePlayGround/MagpieFW_0//PeriphDrivers/bin/MAX32665/softfp/libPeriphDriver_softfp.a(sdhc_me14.o)
                0x10006754                MXC_SDHC_Card_Busy
 .text.MXC_SDHC_Get_Host_Cn_1
                0x10006760        0xc C:/Users/ptcha/OneDrive/Documents/GitHub/CodePlayGround/MagpieFW_0//PeriphDrivers/bin/MAX32665/softfp/libPeriphDriver_softfp.a(sdhc_me14.o)
                0x10006760                MXC_SDHC_Get_Host_Cn_1
 .text.MXC_SDHC_Get_Response32
                0x1000676c        0xc C:/Users/ptcha/OneDrive/Documents/GitHub/CodePlayGround/MagpieFW_0//PeriphDrivers/bin/MAX32665/softfp/libPeriphDriver_softfp.a(sdhc_me14.o)
                0x1000676c                MXC_SDHC_Get_Response32
 .text.MXC_SDHC_Get_Response128
                0x10006778        0xc C:/Users/ptcha/OneDrive/Documents/GitHub/CodePlayGround/MagpieFW_0//PeriphDrivers/bin/MAX32665/softfp/libPeriphDriver_softfp.a(sdhc_me14.o)
                0x10006778                MXC_SDHC_Get_Response128
 .text.MXC_SDHC_TransSetup
                0x10006784       0xd4 C:/Users/ptcha/OneDrive/Documents/GitHub/CodePlayGround/MagpieFW_0//PeriphDrivers/bin/MAX32665/softfp/libPeriphDriver_softfp.a(sdhc_reva.o)
 .text.MXC_SDHC_RevA_Set_Clock_Config
                0x10006858       0x34 C:/Users/ptcha/OneDrive/Documents/GitHub/CodePlayGround/MagpieFW_0//PeriphDrivers/bin/MAX32665/softfp/libPeriphDriver_softfp.a(sdhc_reva.o)
                0x10006858                MXC_SDHC_RevA_Set_Clock_Config
 .text.MXC_SDHC_RevA_Init
                0x1000688c       0x60 C:/Users/ptcha/OneDrive/Documents/GitHub/CodePlayGround/MagpieFW_0//PeriphDrivers/bin/MAX32665/softfp/libPeriphDriver_softfp.a(sdhc_reva.o)
                0x1000688c                MXC_SDHC_RevA_Init
 .text.MXC_SDHC_RevA_PowerUp
                0x100068ec       0x10 C:/Users/ptcha/OneDrive/Documents/GitHub/CodePlayGround/MagpieFW_0//PeriphDrivers/bin/MAX32665/softfp/libPeriphDriver_softfp.a(sdhc_reva.o)
                0x100068ec                MXC_SDHC_RevA_PowerUp
 .text.MXC_SDHC_RevA_SendCommand
                0x100068fc       0x54 C:/Users/ptcha/OneDrive/Documents/GitHub/CodePlayGround/MagpieFW_0//PeriphDrivers/bin/MAX32665/softfp/libPeriphDriver_softfp.a(sdhc_reva.o)
                0x100068fc                MXC_SDHC_RevA_SendCommand
 .text.MXC_SDHC_RevA_Card_Inserted
                0x10006950       0x14 C:/Users/ptcha/OneDrive/Documents/GitHub/CodePlayGround/MagpieFW_0//PeriphDrivers/bin/MAX32665/softfp/libPeriphDriver_softfp.a(sdhc_reva.o)
                0x10006950                MXC_SDHC_RevA_Card_Inserted
 .text.MXC_SDHC_RevA_Reset
                0x10006964       0x10 C:/Users/ptcha/OneDrive/Documents/GitHub/CodePlayGround/MagpieFW_0//PeriphDrivers/bin/MAX32665/softfp/libPeriphDriver_softfp.a(sdhc_reva.o)
                0x10006964                MXC_SDHC_RevA_Reset
 .text.MXC_SDHC_RevA_Reset_CMD_DAT
                0x10006974       0x14 C:/Users/ptcha/OneDrive/Documents/GitHub/CodePlayGround/MagpieFW_0//PeriphDrivers/bin/MAX32665/softfp/libPeriphDriver_softfp.a(sdhc_reva.o)
                0x10006974                MXC_SDHC_RevA_Reset_CMD_DAT
 .text.MXC_SDHC_RevA_Card_Busy
                0x10006988        0xc C:/Users/ptcha/OneDrive/Documents/GitHub/CodePlayGround/MagpieFW_0//PeriphDrivers/bin/MAX32665/softfp/libPeriphDriver_softfp.a(sdhc_reva.o)
                0x10006988                MXC_SDHC_RevA_Card_Busy
 .text.MXC_SDHC_RevA_Get_Host_Cn_1
                0x10006994        0x8 C:/Users/ptcha/OneDrive/Documents/GitHub/CodePlayGround/MagpieFW_0//PeriphDrivers/bin/MAX32665/softfp/libPeriphDriver_softfp.a(sdhc_reva.o)
                0x10006994                MXC_SDHC_RevA_Get_Host_Cn_1
 .text.MXC_SDHC_RevA_Get_Response32
                0x1000699c        0x4 C:/Users/ptcha/OneDrive/Documents/GitHub/CodePlayGround/MagpieFW_0//PeriphDrivers/bin/MAX32665/softfp/libPeriphDriver_softfp.a(sdhc_reva.o)
                0x1000699c                MXC_SDHC_RevA_Get_Response32
 .text.MXC_SDHC_RevA_Get_Response128
                0x100069a0       0x50 C:/Users/ptcha/OneDrive/Documents/GitHub/CodePlayGround/MagpieFW_0//PeriphDrivers/bin/MAX32665/softfp/libPeriphDriver_softfp.a(sdhc_reva.o)
                0x100069a0                MXC_SDHC_RevA_Get_Response128
 .text.MXC_SPI_Init
                0x100069f0      0x214 C:/Users/ptcha/OneDrive/Documents/GitHub/CodePlayGround/MagpieFW_0//PeriphDrivers/bin/MAX32665/softfp/libPeriphDriver_softfp.a(spi_me14.o)
                0x100069f0                MXC_SPI_Init
 .text.MXC_SPI_Shutdown
                0x10006c04       0x78 C:/Users/ptcha/OneDrive/Documents/GitHub/CodePlayGround/MagpieFW_0//PeriphDrivers/bin/MAX32665/softfp/libPeriphDriver_softfp.a(spi_me14.o)
                0x10006c04                MXC_SPI_Shutdown
 .text.MXC_SPI_GetPeripheralClock
                0x10006c7c       0x4c C:/Users/ptcha/OneDrive/Documents/GitHub/CodePlayGround/MagpieFW_0//PeriphDrivers/bin/MAX32665/softfp/libPeriphDriver_softfp.a(spi_me14.o)
                0x10006c7c                MXC_SPI_GetPeripheralClock
 .text.MXC_SPI_SetFrequency
                0x10006cc8        0x4 C:/Users/ptcha/OneDrive/Documents/GitHub/CodePlayGround/MagpieFW_0//PeriphDrivers/bin/MAX32665/softfp/libPeriphDriver_softfp.a(spi_me14.o)
                0x10006cc8                MXC_SPI_SetFrequency
 .text.MXC_SPI_SetDataSize
                0x10006ccc        0x4 C:/Users/ptcha/OneDrive/Documents/GitHub/CodePlayGround/MagpieFW_0//PeriphDrivers/bin/MAX32665/softfp/libPeriphDriver_softfp.a(spi_me14.o)
                0x10006ccc                MXC_SPI_SetDataSize
 .text.MXC_SPI_GetDataSize
                0x10006cd0        0x4 C:/Users/ptcha/OneDrive/Documents/GitHub/CodePlayGround/MagpieFW_0//PeriphDrivers/bin/MAX32665/softfp/libPeriphDriver_softfp.a(spi_me14.o)
                0x10006cd0                MXC_SPI_GetDataSize
 .text.MXC_SPI_SetSlave
                0x10006cd4        0x4 C:/Users/ptcha/OneDrive/Documents/GitHub/CodePlayGround/MagpieFW_0//PeriphDrivers/bin/MAX32665/softfp/libPeriphDriver_softfp.a(spi_me14.o)
                0x10006cd4                MXC_SPI_SetSlave
 .text.MXC_SPI_SetWidth
                0x10006cd8        0x4 C:/Users/ptcha/OneDrive/Documents/GitHub/CodePlayGround/MagpieFW_0//PeriphDrivers/bin/MAX32665/softfp/libPeriphDriver_softfp.a(spi_me14.o)
                0x10006cd8                MXC_SPI_SetWidth
 .text.MXC_SPI_GetWidth
                0x10006cdc        0x4 C:/Users/ptcha/OneDrive/Documents/GitHub/CodePlayGround/MagpieFW_0//PeriphDrivers/bin/MAX32665/softfp/libPeriphDriver_softfp.a(spi_me14.o)
                0x10006cdc                MXC_SPI_GetWidth
 .text.MXC_SPI_SetMode
                0x10006ce0        0x4 C:/Users/ptcha/OneDrive/Documents/GitHub/CodePlayGround/MagpieFW_0//PeriphDrivers/bin/MAX32665/softfp/libPeriphDriver_softfp.a(spi_me14.o)
                0x10006ce0                MXC_SPI_SetMode
 .text.MXC_SPI_StartTransmission
                0x10006ce4        0x4 C:/Users/ptcha/OneDrive/Documents/GitHub/CodePlayGround/MagpieFW_0//PeriphDrivers/bin/MAX32665/softfp/libPeriphDriver_softfp.a(spi_me14.o)
                0x10006ce4                MXC_SPI_StartTransmission
 .text.MXC_SPI_GetActive
                0x10006ce8        0x4 C:/Users/ptcha/OneDrive/Documents/GitHub/CodePlayGround/MagpieFW_0//PeriphDrivers/bin/MAX32665/softfp/libPeriphDriver_softfp.a(spi_me14.o)
                0x10006ce8                MXC_SPI_GetActive
 .text.MXC_SPI_ReadRXFIFO
                0x10006cec        0x4 C:/Users/ptcha/OneDrive/Documents/GitHub/CodePlayGround/MagpieFW_0//PeriphDrivers/bin/MAX32665/softfp/libPeriphDriver_softfp.a(spi_me14.o)
                0x10006cec                MXC_SPI_ReadRXFIFO
 .text.MXC_SPI_GetRXFIFOAvailable
                0x10006cf0        0x4 C:/Users/ptcha/OneDrive/Documents/GitHub/CodePlayGround/MagpieFW_0//PeriphDrivers/bin/MAX32665/softfp/libPeriphDriver_softfp.a(spi_me14.o)
                0x10006cf0                MXC_SPI_GetRXFIFOAvailable
 .text.MXC_SPI_WriteTXFIFO
                0x10006cf4        0x4 C:/Users/ptcha/OneDrive/Documents/GitHub/CodePlayGround/MagpieFW_0//PeriphDrivers/bin/MAX32665/softfp/libPeriphDriver_softfp.a(spi_me14.o)
                0x10006cf4                MXC_SPI_WriteTXFIFO
 .text.MXC_SPI_GetTXFIFOAvailable
                0x10006cf8        0x4 C:/Users/ptcha/OneDrive/Documents/GitHub/CodePlayGround/MagpieFW_0//PeriphDrivers/bin/MAX32665/softfp/libPeriphDriver_softfp.a(spi_me14.o)
                0x10006cf8                MXC_SPI_GetTXFIFOAvailable
 .text.MXC_SPI_ClearRXFIFO
                0x10006cfc        0x4 C:/Users/ptcha/OneDrive/Documents/GitHub/CodePlayGround/MagpieFW_0//PeriphDrivers/bin/MAX32665/softfp/libPeriphDriver_softfp.a(spi_me14.o)
                0x10006cfc                MXC_SPI_ClearRXFIFO
 .text.MXC_SPI_SetRXThreshold
                0x10006d00        0x4 C:/Users/ptcha/OneDrive/Documents/GitHub/CodePlayGround/MagpieFW_0//PeriphDrivers/bin/MAX32665/softfp/libPeriphDriver_softfp.a(spi_me14.o)
                0x10006d00                MXC_SPI_SetRXThreshold
 .text.MXC_SPI_SetTXThreshold
                0x10006d04        0x4 C:/Users/ptcha/OneDrive/Documents/GitHub/CodePlayGround/MagpieFW_0//PeriphDrivers/bin/MAX32665/softfp/libPeriphDriver_softfp.a(spi_me14.o)
                0x10006d04                MXC_SPI_SetTXThreshold
 .text.MXC_SPI_EnableInt
                0x10006d08        0x4 C:/Users/ptcha/OneDrive/Documents/GitHub/CodePlayGround/MagpieFW_0//PeriphDrivers/bin/MAX32665/softfp/libPeriphDriver_softfp.a(spi_me14.o)
                0x10006d08                MXC_SPI_EnableInt
 .text.MXC_SPI_MasterTransaction
                0x10006d0c        0x4 C:/Users/ptcha/OneDrive/Documents/GitHub/CodePlayGround/MagpieFW_0//PeriphDrivers/bin/MAX32665/softfp/libPeriphDriver_softfp.a(spi_me14.o)
                0x10006d0c                MXC_SPI_MasterTransaction
 .text.MXC_SPI_SlaveTransactionAsync
                0x10006d10        0x4 C:/Users/ptcha/OneDrive/Documents/GitHub/CodePlayGround/MagpieFW_0//PeriphDrivers/bin/MAX32665/softfp/libPeriphDriver_softfp.a(spi_me14.o)
                0x10006d10                MXC_SPI_SlaveTransactionAsync
 .text.MXC_SPI_RevA1_TransSetup
                0x10006d14      0x19c C:/Users/ptcha/OneDrive/Documents/GitHub/CodePlayGround/MagpieFW_0//PeriphDrivers/bin/MAX32665/softfp/libPeriphDriver_softfp.a(spi_reva1.o)
 .text.MXC_SPI_RevA1_TransHandler
                0x10006eb0      0x17c C:/Users/ptcha/OneDrive/Documents/GitHub/CodePlayGround/MagpieFW_0//PeriphDrivers/bin/MAX32665/softfp/libPeriphDriver_softfp.a(spi_reva1.o)
 .text.MXC_SPI_RevA1_MasterTransHandler
                0x1000702c       0xa0 C:/Users/ptcha/OneDrive/Documents/GitHub/CodePlayGround/MagpieFW_0//PeriphDrivers/bin/MAX32665/softfp/libPeriphDriver_softfp.a(spi_reva1.o)
 .text.MXC_SPI_RevA1_Init
                0x100070cc      0x108 C:/Users/ptcha/OneDrive/Documents/GitHub/CodePlayGround/MagpieFW_0//PeriphDrivers/bin/MAX32665/softfp/libPeriphDriver_softfp.a(spi_reva1.o)
                0x100070cc                MXC_SPI_RevA1_Init
 .text.MXC_SPI_RevA1_Shutdown
                0x100071d4       0xb8 C:/Users/ptcha/OneDrive/Documents/GitHub/CodePlayGround/MagpieFW_0//PeriphDrivers/bin/MAX32665/softfp/libPeriphDriver_softfp.a(spi_reva1.o)
                0x100071d4                MXC_SPI_RevA1_Shutdown
 .text.MXC_SPI_RevA1_SetFrequency
                0x1000728c       0x94 C:/Users/ptcha/OneDrive/Documents/GitHub/CodePlayGround/MagpieFW_0//PeriphDrivers/bin/MAX32665/softfp/libPeriphDriver_softfp.a(spi_reva1.o)
                0x1000728c                MXC_SPI_RevA1_SetFrequency
 .text.MXC_SPI_RevA1_SetDataSize
                0x10007320       0x8c C:/Users/ptcha/OneDrive/Documents/GitHub/CodePlayGround/MagpieFW_0//PeriphDrivers/bin/MAX32665/softfp/libPeriphDriver_softfp.a(spi_reva1.o)
                0x10007320                MXC_SPI_RevA1_SetDataSize
 .text.MXC_SPI_RevA1_GetDataSize
                0x100073ac       0x14 C:/Users/ptcha/OneDrive/Documents/GitHub/CodePlayGround/MagpieFW_0//PeriphDrivers/bin/MAX32665/softfp/libPeriphDriver_softfp.a(spi_reva1.o)
                0x100073ac                MXC_SPI_RevA1_GetDataSize
 .text.MXC_SPI_RevA1_SetSlave
                0x100073c0       0x70 C:/Users/ptcha/OneDrive/Documents/GitHub/CodePlayGround/MagpieFW_0//PeriphDrivers/bin/MAX32665/softfp/libPeriphDriver_softfp.a(spi_reva1.o)
                0x100073c0                MXC_SPI_RevA1_SetSlave
 .text.MXC_SPI_RevA1_SetWidth
                0x10007430       0x40 C:/Users/ptcha/OneDrive/Documents/GitHub/CodePlayGround/MagpieFW_0//PeriphDrivers/bin/MAX32665/softfp/libPeriphDriver_softfp.a(spi_reva1.o)
                0x10007430                MXC_SPI_RevA1_SetWidth
 .text.MXC_SPI_RevA1_GetWidth
                0x10007470       0x24 C:/Users/ptcha/OneDrive/Documents/GitHub/CodePlayGround/MagpieFW_0//PeriphDrivers/bin/MAX32665/softfp/libPeriphDriver_softfp.a(spi_reva1.o)
                0x10007470                MXC_SPI_RevA1_GetWidth
 .text.MXC_SPI_RevA1_SetMode
                0x10007494       0x5c C:/Users/ptcha/OneDrive/Documents/GitHub/CodePlayGround/MagpieFW_0//PeriphDrivers/bin/MAX32665/softfp/libPeriphDriver_softfp.a(spi_reva1.o)
                0x10007494                MXC_SPI_RevA1_SetMode
 .text.MXC_SPI_RevA1_StartTransmission
                0x100074f0       0x18 C:/Users/ptcha/OneDrive/Documents/GitHub/CodePlayGround/MagpieFW_0//PeriphDrivers/bin/MAX32665/softfp/libPeriphDriver_softfp.a(spi_reva1.o)
                0x100074f0                MXC_SPI_RevA1_StartTransmission
 .text.MXC_SPI_RevA1_GetActive
                0x10007508       0x10 C:/Users/ptcha/OneDrive/Documents/GitHub/CodePlayGround/MagpieFW_0//PeriphDrivers/bin/MAX32665/softfp/libPeriphDriver_softfp.a(spi_reva1.o)
                0x10007508                MXC_SPI_RevA1_GetActive
 .text.MXC_SPI_RevA1_ReadRXFIFO
                0x10007518       0x70 C:/Users/ptcha/OneDrive/Documents/GitHub/CodePlayGround/MagpieFW_0//PeriphDrivers/bin/MAX32665/softfp/libPeriphDriver_softfp.a(spi_reva1.o)
                0x10007518                MXC_SPI_RevA1_ReadRXFIFO
 .text.MXC_SPI_RevA1_GetRXFIFOAvailable
                0x10007588        0x8 C:/Users/ptcha/OneDrive/Documents/GitHub/CodePlayGround/MagpieFW_0//PeriphDrivers/bin/MAX32665/softfp/libPeriphDriver_softfp.a(spi_reva1.o)
                0x10007588                MXC_SPI_RevA1_GetRXFIFOAvailable
 .text.MXC_SPI_RevA1_WriteTXFIFO
                0x10007590       0x74 C:/Users/ptcha/OneDrive/Documents/GitHub/CodePlayGround/MagpieFW_0//PeriphDrivers/bin/MAX32665/softfp/libPeriphDriver_softfp.a(spi_reva1.o)
                0x10007590                MXC_SPI_RevA1_WriteTXFIFO
 .text.MXC_SPI_RevA1_GetTXFIFOAvailable
                0x10007604        0xc C:/Users/ptcha/OneDrive/Documents/GitHub/CodePlayGround/MagpieFW_0//PeriphDrivers/bin/MAX32665/softfp/libPeriphDriver_softfp.a(spi_reva1.o)
                0x10007604                MXC_SPI_RevA1_GetTXFIFOAvailable
 .text.MXC_SPI_RevA1_ClearRXFIFO
                0x10007610        0xc C:/Users/ptcha/OneDrive/Documents/GitHub/CodePlayGround/MagpieFW_0//PeriphDrivers/bin/MAX32665/softfp/libPeriphDriver_softfp.a(spi_reva1.o)
                0x10007610                MXC_SPI_RevA1_ClearRXFIFO
 .text.MXC_SPI_RevA1_SetRXThreshold
                0x1000761c       0x1c C:/Users/ptcha/OneDrive/Documents/GitHub/CodePlayGround/MagpieFW_0//PeriphDrivers/bin/MAX32665/softfp/libPeriphDriver_softfp.a(spi_reva1.o)
                0x1000761c                MXC_SPI_RevA1_SetRXThreshold
 .text.MXC_SPI_RevA1_SetTXThreshold
                0x10007638       0x1c C:/Users/ptcha/OneDrive/Documents/GitHub/CodePlayGround/MagpieFW_0//PeriphDrivers/bin/MAX32665/softfp/libPeriphDriver_softfp.a(spi_reva1.o)
                0x10007638                MXC_SPI_RevA1_SetTXThreshold
 .text.MXC_SPI_RevA1_EnableInt
                0x10007654        0x8 C:/Users/ptcha/OneDrive/Documents/GitHub/CodePlayGround/MagpieFW_0//PeriphDrivers/bin/MAX32665/softfp/libPeriphDriver_softfp.a(spi_reva1.o)
                0x10007654                MXC_SPI_RevA1_EnableInt
 .text.MXC_SPI_RevA1_MasterTransaction
                0x1000765c       0x64 C:/Users/ptcha/OneDrive/Documents/GitHub/CodePlayGround/MagpieFW_0//PeriphDrivers/bin/MAX32665/softfp/libPeriphDriver_softfp.a(spi_reva1.o)
                0x1000765c                MXC_SPI_RevA1_MasterTransaction
 .text.MXC_SPI_RevA1_SlaveTransactionAsync
                0x100076c0       0x60 C:/Users/ptcha/OneDrive/Documents/GitHub/CodePlayGround/MagpieFW_0//PeriphDrivers/bin/MAX32665/softfp/libPeriphDriver_softfp.a(spi_reva1.o)
                0x100076c0                MXC_SPI_RevA1_SlaveTransactionAsync
 .text.MXC_UART_Shutdown
                0x10007720       0x54 C:/Users/ptcha/OneDrive/Documents/GitHub/CodePlayGround/MagpieFW_0//PeriphDrivers/bin/MAX32665/softfp/libPeriphDriver_softfp.a(uart_me14.o)
                0x10007720                MXC_UART_Shutdown
 .text.MXC_UART_Init
                0x10007774       0xb0 C:/Users/ptcha/OneDrive/Documents/GitHub/CodePlayGround/MagpieFW_0//PeriphDrivers/bin/MAX32665/softfp/libPeriphDriver_softfp.a(uart_me14.o)
                0x10007774                MXC_UART_Init
 .text.MXC_UART_SetFrequency
                0x10007824        0x4 C:/Users/ptcha/OneDrive/Documents/GitHub/CodePlayGround/MagpieFW_0//PeriphDrivers/bin/MAX32665/softfp/libPeriphDriver_softfp.a(uart_me14.o)
                0x10007824                MXC_UART_SetFrequency
 .text.MXC_UART_GetFrequency
                0x10007828        0x4 C:/Users/ptcha/OneDrive/Documents/GitHub/CodePlayGround/MagpieFW_0//PeriphDrivers/bin/MAX32665/softfp/libPeriphDriver_softfp.a(uart_me14.o)
                0x10007828                MXC_UART_GetFrequency
 .text.MXC_UART_SetDataSize
                0x1000782c        0x4 C:/Users/ptcha/OneDrive/Documents/GitHub/CodePlayGround/MagpieFW_0//PeriphDrivers/bin/MAX32665/softfp/libPeriphDriver_softfp.a(uart_me14.o)
                0x1000782c                MXC_UART_SetDataSize
 .text.MXC_UART_SetStopBits
                0x10007830        0x4 C:/Users/ptcha/OneDrive/Documents/GitHub/CodePlayGround/MagpieFW_0//PeriphDrivers/bin/MAX32665/softfp/libPeriphDriver_softfp.a(uart_me14.o)
                0x10007830                MXC_UART_SetStopBits
 .text.MXC_UART_SetParity
                0x10007834        0x4 C:/Users/ptcha/OneDrive/Documents/GitHub/CodePlayGround/MagpieFW_0//PeriphDrivers/bin/MAX32665/softfp/libPeriphDriver_softfp.a(uart_me14.o)
                0x10007834                MXC_UART_SetParity
 .text.MXC_UART_ReadCharacterRaw
                0x10007838        0x4 C:/Users/ptcha/OneDrive/Documents/GitHub/CodePlayGround/MagpieFW_0//PeriphDrivers/bin/MAX32665/softfp/libPeriphDriver_softfp.a(uart_me14.o)
                0x10007838                MXC_UART_ReadCharacterRaw
 .text.MXC_UART_WriteCharacterRaw
                0x1000783c        0x4 C:/Users/ptcha/OneDrive/Documents/GitHub/CodePlayGround/MagpieFW_0//PeriphDrivers/bin/MAX32665/softfp/libPeriphDriver_softfp.a(uart_me14.o)
                0x1000783c                MXC_UART_WriteCharacterRaw
 .text.MXC_UART_ReadCharacter
                0x10007840        0x4 C:/Users/ptcha/OneDrive/Documents/GitHub/CodePlayGround/MagpieFW_0//PeriphDrivers/bin/MAX32665/softfp/libPeriphDriver_softfp.a(uart_me14.o)
                0x10007840                MXC_UART_ReadCharacter
 .text.MXC_UART_WriteCharacter
                0x10007844        0x4 C:/Users/ptcha/OneDrive/Documents/GitHub/CodePlayGround/MagpieFW_0//PeriphDrivers/bin/MAX32665/softfp/libPeriphDriver_softfp.a(uart_me14.o)
                0x10007844                MXC_UART_WriteCharacter
 .text.MXC_UART_GetRXFIFOAvailable
                0x10007848        0x4 C:/Users/ptcha/OneDrive/Documents/GitHub/CodePlayGround/MagpieFW_0//PeriphDrivers/bin/MAX32665/softfp/libPeriphDriver_softfp.a(uart_me14.o)
                0x10007848                MXC_UART_GetRXFIFOAvailable
 .text.MXC_UART_GetTXFIFOAvailable
                0x1000784c        0x4 C:/Users/ptcha/OneDrive/Documents/GitHub/CodePlayGround/MagpieFW_0//PeriphDrivers/bin/MAX32665/softfp/libPeriphDriver_softfp.a(uart_me14.o)
                0x1000784c                MXC_UART_GetTXFIFOAvailable
 .text.MXC_UART_SetRXThreshold
                0x10007850        0x4 C:/Users/ptcha/OneDrive/Documents/GitHub/CodePlayGround/MagpieFW_0//PeriphDrivers/bin/MAX32665/softfp/libPeriphDriver_softfp.a(uart_me14.o)
                0x10007850                MXC_UART_SetRXThreshold
 .text.MXC_UART_SetTXThreshold
                0x10007854        0x4 C:/Users/ptcha/OneDrive/Documents/GitHub/CodePlayGround/MagpieFW_0//PeriphDrivers/bin/MAX32665/softfp/libPeriphDriver_softfp.a(uart_me14.o)
                0x10007854                MXC_UART_SetTXThreshold
 .text.MXC_UART_RevA_Init
                0x10007858       0xd0 C:/Users/ptcha/OneDrive/Documents/GitHub/CodePlayGround/MagpieFW_0//PeriphDrivers/bin/MAX32665/softfp/libPeriphDriver_softfp.a(uart_reva.o)
                0x10007858                MXC_UART_RevA_Init
 .text.MXC_UART_RevA_SetFrequency
                0x10007928      0x108 C:/Users/ptcha/OneDrive/Documents/GitHub/CodePlayGround/MagpieFW_0//PeriphDrivers/bin/MAX32665/softfp/libPeriphDriver_softfp.a(uart_reva.o)
                0x10007928                MXC_UART_RevA_SetFrequency
 .text.MXC_UART_RevA_GetFrequency
                0x10007a30       0xa8 C:/Users/ptcha/OneDrive/Documents/GitHub/CodePlayGround/MagpieFW_0//PeriphDrivers/bin/MAX32665/softfp/libPeriphDriver_softfp.a(uart_reva.o)
                0x10007a30                MXC_UART_RevA_GetFrequency
 .text.MXC_UART_RevA_SetDataSize
                0x10007ad8       0x20 C:/Users/ptcha/OneDrive/Documents/GitHub/CodePlayGround/MagpieFW_0//PeriphDrivers/bin/MAX32665/softfp/libPeriphDriver_softfp.a(uart_reva.o)
                0x10007ad8                MXC_UART_RevA_SetDataSize
 .text.MXC_UART_RevA_SetStopBits
                0x10007af8       0x28 C:/Users/ptcha/OneDrive/Documents/GitHub/CodePlayGround/MagpieFW_0//PeriphDrivers/bin/MAX32665/softfp/libPeriphDriver_softfp.a(uart_reva.o)
                0x10007af8                MXC_UART_RevA_SetStopBits
 .text.MXC_UART_RevA_SetParity
                0x10007b20      0x11c C:/Users/ptcha/OneDrive/Documents/GitHub/CodePlayGround/MagpieFW_0//PeriphDrivers/bin/MAX32665/softfp/libPeriphDriver_softfp.a(uart_reva.o)
                0x10007b20                MXC_UART_RevA_SetParity
 .text.MXC_UART_RevA_ReadCharacterRaw
                0x10007c3c       0x10 C:/Users/ptcha/OneDrive/Documents/GitHub/CodePlayGround/MagpieFW_0//PeriphDrivers/bin/MAX32665/softfp/libPeriphDriver_softfp.a(uart_reva.o)
                0x10007c3c                MXC_UART_RevA_ReadCharacterRaw
 .text.MXC_UART_RevA_WriteCharacterRaw
                0x10007c4c       0x14 C:/Users/ptcha/OneDrive/Documents/GitHub/CodePlayGround/MagpieFW_0//PeriphDrivers/bin/MAX32665/softfp/libPeriphDriver_softfp.a(uart_reva.o)
                0x10007c4c                MXC_UART_RevA_WriteCharacterRaw
 .text.MXC_UART_RevA_GetRXFIFOAvailable
                0x10007c60        0x8 C:/Users/ptcha/OneDrive/Documents/GitHub/CodePlayGround/MagpieFW_0//PeriphDrivers/bin/MAX32665/softfp/libPeriphDriver_softfp.a(uart_reva.o)
                0x10007c60                MXC_UART_RevA_GetRXFIFOAvailable
 .text.MXC_UART_RevA_GetTXFIFOAvailable
                0x10007c68        0xc C:/Users/ptcha/OneDrive/Documents/GitHub/CodePlayGround/MagpieFW_0//PeriphDrivers/bin/MAX32665/softfp/libPeriphDriver_softfp.a(uart_reva.o)
                0x10007c68                MXC_UART_RevA_GetTXFIFOAvailable
 .text.MXC_UART_RevA_SetRXThreshold
                0x10007c74       0x1c C:/Users/ptcha/OneDrive/Documents/GitHub/CodePlayGround/MagpieFW_0//PeriphDrivers/bin/MAX32665/softfp/libPeriphDriver_softfp.a(uart_reva.o)
                0x10007c74                MXC_UART_RevA_SetRXThreshold
 .text.MXC_UART_RevA_SetTXThreshold
                0x10007c90       0x20 C:/Users/ptcha/OneDrive/Documents/GitHub/CodePlayGround/MagpieFW_0//PeriphDrivers/bin/MAX32665/softfp/libPeriphDriver_softfp.a(uart_reva.o)
                0x10007c90                MXC_UART_RevA_SetTXThreshold
 .text.MXC_GetLock
                0x10007cb0       0x1c C:/Users/ptcha/OneDrive/Documents/GitHub/CodePlayGround/MagpieFW_0//PeriphDrivers/bin/MAX32665/softfp/libPeriphDriver_softfp.a(mxc_lock.o)
                0x10007cb0                MXC_GetLock
 .text.MXC_FreeLock
                0x10007ccc        0xc C:/Users/ptcha/OneDrive/Documents/GitHub/CodePlayGround/MagpieFW_0//PeriphDrivers/bin/MAX32665/softfp/libPeriphDriver_softfp.a(mxc_lock.o)
                0x10007ccc                MXC_FreeLock
 .text.MXC_GPIO_Common_Handler
                0x10007cd8       0x70 C:/Users/ptcha/OneDrive/Documents/GitHub/CodePlayGround/MagpieFW_0//PeriphDrivers/bin/MAX32665/softfp/libPeriphDriver_softfp.a(gpio_common.o)
                0x10007cd8                MXC_GPIO_Common_Handler
 .text.MXC_UART_Common_ReadCharacter
                0x10007d48       0x18 C:/Users/ptcha/OneDrive/Documents/GitHub/CodePlayGround/MagpieFW_0//PeriphDrivers/bin/MAX32665/softfp/libPeriphDriver_softfp.a(uart_common.o)
                0x10007d48                MXC_UART_Common_ReadCharacter
 .text.MXC_UART_Common_WriteCharacter
                0x10007d60       0x1c C:/Users/ptcha/OneDrive/Documents/GitHub/CodePlayGround/MagpieFW_0//PeriphDrivers/bin/MAX32665/softfp/libPeriphDriver_softfp.a(uart_common.o)
                0x10007d60                MXC_UART_Common_WriteCharacter
 .text.arm_fir_decimate_init_q31
                0x10007d7c       0x66 C:/MaximSDK/Libraries/CMSIS/5.9.0/DSP/Lib\libarm_cortexM4l_math.a(arm_fir_decimate_init_q31.c.o)
                0x10007d7c                arm_fir_decimate_init_q31
 *fill*         0x10007de2        0x2 
 .text.__errno  0x10007de4        0xc c:/maximsdk/tools/gnutools/10.3/bin/../lib/gcc/arm-none-eabi/10.3.1/../../../../arm-none-eabi/lib/thumb/v7e-m+fp/softfp\libc.a(lib_a-errno.o)
                0x10007de4                __errno
 .text.__libc_init_array
                0x10007df0       0x48 c:/maximsdk/tools/gnutools/10.3/bin/../lib/gcc/arm-none-eabi/10.3.1/../../../../arm-none-eabi/lib/thumb/v7e-m+fp/softfp\libc.a(lib_a-init.o)
                0x10007df0                __libc_init_array
 .text.memcmp   0x10007e38       0x64 c:/maximsdk/tools/gnutools/10.3/bin/../lib/gcc/arm-none-eabi/10.3.1/../../../../arm-none-eabi/lib/thumb/v7e-m+fp/softfp\libc.a(lib_a-memcmp.o)
                0x10007e38                memcmp
 .text          0x10007e9c      0x134 c:/maximsdk/tools/gnutools/10.3/bin/../lib/gcc/arm-none-eabi/10.3.1/../../../../arm-none-eabi/lib/thumb/v7e-m+fp/softfp\libc.a(lib_a-memcpy.o)
                0x10007e9c                memcpy
 .text.memset   0x10007fd0       0xa4 c:/maximsdk/tools/gnutools/10.3/bin/../lib/gcc/arm-none-eabi/10.3.1/../../../../arm-none-eabi/lib/thumb/v7e-m+fp/softfp\libc.a(lib_a-memset.o)
                0x10007fd0                memset
 .text.printf   0x10008074       0x28 c:/maximsdk/tools/gnutools/10.3/bin/../lib/gcc/arm-none-eabi/10.3.1/../../../../arm-none-eabi/lib/thumb/v7e-m+fp/softfp\libc.a(lib_a-printf.o)
                0x10008074                printf
 .text._puts_r  0x1000809c       0x9c c:/maximsdk/tools/gnutools/10.3/bin/../lib/gcc/arm-none-eabi/10.3.1/../../../../arm-none-eabi/lib/thumb/v7e-m+fp/softfp\libc.a(lib_a-puts.o)
                0x1000809c                _puts_r
 .text.puts     0x10008138       0x10 c:/maximsdk/tools/gnutools/10.3/bin/../lib/gcc/arm-none-eabi/10.3.1/../../../../arm-none-eabi/lib/thumb/v7e-m+fp/softfp\libc.a(lib_a-puts.o)
                0x10008138                puts
 .text.srand    0x10008148       0x10 c:/maximsdk/tools/gnutools/10.3/bin/../lib/gcc/arm-none-eabi/10.3.1/../../../../arm-none-eabi/lib/thumb/v7e-m+fp/softfp\libc.a(lib_a-rand.o)
                0x10008148                srand
 .text.sprintf  0x10008158       0x40 c:/maximsdk/tools/gnutools/10.3/bin/../lib/gcc/arm-none-eabi/10.3.1/../../../../arm-none-eabi/lib/thumb/v7e-m+fp/softfp\libc.a(lib_a-sprintf.o)
                0x10008158                sprintf
 .text.strchr   0x10008198       0xcc c:/maximsdk/tools/gnutools/10.3/bin/../lib/gcc/arm-none-eabi/10.3.1/../../../../arm-none-eabi/lib/thumb/v7e-m+fp/softfp\libc.a(lib_a-strchr.o)
                0x10008198                strchr
 .text.iso_year_adjust
                0x10008264      0x15c c:/maximsdk/tools/gnutools/10.3/bin/../lib/gcc/arm-none-eabi/10.3.1/../../../../arm-none-eabi/lib/thumb/v7e-m+fp/softfp\libc.a(lib_a-strftime.o)
 .text.__strftime.isra.0
                0x100083c0      0xc50 c:/maximsdk/tools/gnutools/10.3/bin/../lib/gcc/arm-none-eabi/10.3.1/../../../../arm-none-eabi/lib/thumb/v7e-m+fp/softfp\libc.a(lib_a-strftime.o)
 .text.strftime
                0x10009010        0x4 c:/maximsdk/tools/gnutools/10.3/bin/../lib/gcc/arm-none-eabi/10.3.1/../../../../arm-none-eabi/lib/thumb/v7e-m+fp/softfp\libc.a(lib_a-strftime.o)
                0x10009010                strftime
 *fill*         0x10009014       0x2c 
 .text          0x10009040       0xdc c:/maximsdk/tools/gnutools/10.3/bin/../lib/gcc/arm-none-eabi/10.3.1/../../../../arm-none-eabi/lib/thumb/v7e-m+fp/softfp\libc.a(lib_a-strlen.o)
                0x10009040                strlen
 .text._strtoul_l.constprop.0
                0x1000911c      0x13c c:/maximsdk/tools/gnutools/10.3/bin/../lib/gcc/arm-none-eabi/10.3.1/../../../../arm-none-eabi/lib/thumb/v7e-m+fp/softfp\libc.a(lib_a-strtoul.o)
 .text._strtoul_r
                0x10009258        0x4 c:/maximsdk/tools/gnutools/10.3/bin/../lib/gcc/arm-none-eabi/10.3.1/../../../../arm-none-eabi/lib/thumb/v7e-m+fp/softfp\libc.a(lib_a-strtoul.o)
                0x10009258                _strtoul_r
 .text.strtoul  0x1000925c       0x1c c:/maximsdk/tools/gnutools/10.3/bin/../lib/gcc/arm-none-eabi/10.3.1/../../../../arm-none-eabi/lib/thumb/v7e-m+fp/softfp\libc.a(lib_a-strtoul.o)
                0x1000925c                strtoul
 .text._svfprintf_r
                0x10009278     0x1ac8 c:/maximsdk/tools/gnutools/10.3/bin/../lib/gcc/arm-none-eabi/10.3.1/../../../../arm-none-eabi/lib/thumb/v7e-m+fp/softfp\libc.a(lib_a-svfprintf.o)
                0x10009278                _svfprintf_r
 .text.__tz_lock
                0x1000ad40        0xc c:/maximsdk/tools/gnutools/10.3/bin/../lib/gcc/arm-none-eabi/10.3.1/../../../../arm-none-eabi/lib/thumb/v7e-m+fp/softfp\libc.a(lib_a-tzlock.o)
                0x1000ad40                __tz_lock
 .text.__tz_unlock
                0x1000ad4c        0xc c:/maximsdk/tools/gnutools/10.3/bin/../lib/gcc/arm-none-eabi/10.3.1/../../../../arm-none-eabi/lib/thumb/v7e-m+fp/softfp\libc.a(lib_a-tzlock.o)
                0x1000ad4c                __tz_unlock
 .text._tzset_unlocked
                0x1000ad58        0xc c:/maximsdk/tools/gnutools/10.3/bin/../lib/gcc/arm-none-eabi/10.3.1/../../../../arm-none-eabi/lib/thumb/v7e-m+fp/softfp\libc.a(lib_a-tzset.o)
                0x1000ad58                _tzset_unlocked
 .text._tzset_unlocked_r
                0x1000ad64      0x324 c:/maximsdk/tools/gnutools/10.3/bin/../lib/gcc/arm-none-eabi/10.3.1/../../../../arm-none-eabi/lib/thumb/v7e-m+fp/softfp\libc.a(lib_a-tzset_r.o)
                0x1000ad64                _tzset_unlocked_r
 .text._vfprintf_r
                0x1000b088     0x1b8c c:/maximsdk/tools/gnutools/10.3/bin/../lib/gcc/arm-none-eabi/10.3.1/../../../../arm-none-eabi/lib/thumb/v7e-m+fp/softfp\libc.a(lib_a-vfprintf.o)
                0x1000b088                _vfprintf_r
 .text.__sbprintf
                0x1000cc14       0x80 c:/maximsdk/tools/gnutools/10.3/bin/../lib/gcc/arm-none-eabi/10.3.1/../../../../arm-none-eabi/lib/thumb/v7e-m+fp/softfp\libc.a(lib_a-vfprintf.o)
 .text.__swsetup_r
                0x1000cc94       0xd4 c:/maximsdk/tools/gnutools/10.3/bin/../lib/gcc/arm-none-eabi/10.3.1/../../../../arm-none-eabi/lib/thumb/v7e-m+fp/softfp\libc.a(lib_a-wsetup.o)
                0x1000cc94                __swsetup_r
 .text.startup.register_fini
                0x1000cd68       0x14 c:/maximsdk/tools/gnutools/10.3/bin/../lib/gcc/arm-none-eabi/10.3.1/../../../../arm-none-eabi/lib/thumb/v7e-m+fp/softfp\libc.a(lib_a-__call_atexit.o)
 .text.abs      0x1000cd7c        0x8 c:/maximsdk/tools/gnutools/10.3/bin/../lib/gcc/arm-none-eabi/10.3.1/../../../../arm-none-eabi/lib/thumb/v7e-m+fp/softfp\libc.a(lib_a-abs.o)
                0x1000cd7c                abs
 .text.atexit   0x1000cd84        0xc c:/maximsdk/tools/gnutools/10.3/bin/../lib/gcc/arm-none-eabi/10.3.1/../../../../arm-none-eabi/lib/thumb/v7e-m+fp/softfp\libc.a(lib_a-atexit.o)
                0x1000cd84                atexit
 .text.quorem   0x1000cd90      0x128 c:/maximsdk/tools/gnutools/10.3/bin/../lib/gcc/arm-none-eabi/10.3.1/../../../../arm-none-eabi/lib/thumb/v7e-m+fp/softfp\libc.a(lib_a-dtoa.o)
 .text._dtoa_r  0x1000ceb8      0xf34 c:/maximsdk/tools/gnutools/10.3/bin/../lib/gcc/arm-none-eabi/10.3.1/../../../../arm-none-eabi/lib/thumb/v7e-m+fp/softfp\libc.a(lib_a-dtoa.o)
                0x1000ceb8                _dtoa_r
 .text.__sflush_r
                0x1000ddec      0x130 c:/maximsdk/tools/gnutools/10.3/bin/../lib/gcc/arm-none-eabi/10.3.1/../../../../arm-none-eabi/lib/thumb/v7e-m+fp/softfp\libc.a(lib_a-fflush.o)
                0x1000ddec                __sflush_r
 .text._fflush_r
                0x1000df1c       0x5c c:/maximsdk/tools/gnutools/10.3/bin/../lib/gcc/arm-none-eabi/10.3.1/../../../../arm-none-eabi/lib/thumb/v7e-m+fp/softfp\libc.a(lib_a-fflush.o)
                0x1000df1c                _fflush_r
 .text._cleanup_r
                0x1000df78        0xc c:/maximsdk/tools/gnutools/10.3/bin/../lib/gcc/arm-none-eabi/10.3.1/../../../../arm-none-eabi/lib/thumb/v7e-m+fp/softfp\libc.a(lib_a-findfp.o)
                0x1000df78                _cleanup_r
 .text.__sinit  0x1000df84      0x10c c:/maximsdk/tools/gnutools/10.3/bin/../lib/gcc/arm-none-eabi/10.3.1/../../../../arm-none-eabi/lib/thumb/v7e-m+fp/softfp\libc.a(lib_a-findfp.o)
                0x1000df84                __sinit
 .text.__sfp_lock_acquire
                0x1000e090        0xc c:/maximsdk/tools/gnutools/10.3/bin/../lib/gcc/arm-none-eabi/10.3.1/../../../../arm-none-eabi/lib/thumb/v7e-m+fp/softfp\libc.a(lib_a-findfp.o)
                0x1000e090                __sfp_lock_acquire
 .text.__sfp_lock_release
                0x1000e09c        0xc c:/maximsdk/tools/gnutools/10.3/bin/../lib/gcc/arm-none-eabi/10.3.1/../../../../arm-none-eabi/lib/thumb/v7e-m+fp/softfp\libc.a(lib_a-findfp.o)
                0x1000e09c                __sfp_lock_release
 .text.__libc_fini_array
                0x1000e0a8       0x2c c:/maximsdk/tools/gnutools/10.3/bin/../lib/gcc/arm-none-eabi/10.3.1/../../../../arm-none-eabi/lib/thumb/v7e-m+fp/softfp\libc.a(lib_a-fini.o)
                0x1000e0a8                __libc_fini_array
 .text._malloc_trim_r
                0x1000e0d4       0xa0 c:/maximsdk/tools/gnutools/10.3/bin/../lib/gcc/arm-none-eabi/10.3.1/../../../../arm-none-eabi/lib/thumb/v7e-m+fp/softfp\libc.a(lib_a-freer.o)
                0x1000e0d4                _malloc_trim_r
 .text._free_r  0x1000e174      0x20c c:/maximsdk/tools/gnutools/10.3/bin/../lib/gcc/arm-none-eabi/10.3.1/../../../../arm-none-eabi/lib/thumb/v7e-m+fp/softfp\libc.a(lib_a-freer.o)
                0x1000e174                _free_r
 .text.__sfvwrite_r
                0x1000e380      0x2f0 c:/maximsdk/tools/gnutools/10.3/bin/../lib/gcc/arm-none-eabi/10.3.1/../../../../arm-none-eabi/lib/thumb/v7e-m+fp/softfp\libc.a(lib_a-fvwrite.o)
                0x1000e380                __sfvwrite_r
 .text._fwalk_reent
                0x1000e670       0x48 c:/maximsdk/tools/gnutools/10.3/bin/../lib/gcc/arm-none-eabi/10.3.1/../../../../arm-none-eabi/lib/thumb/v7e-m+fp/softfp\libc.a(lib_a-fwalk.o)
                0x1000e670                _fwalk_reent
 .text._findenv_r
                0x1000e6b8       0x80 c:/maximsdk/tools/gnutools/10.3/bin/../lib/gcc/arm-none-eabi/10.3.1/../../../../arm-none-eabi/lib/thumb/v7e-m+fp/softfp\libc.a(lib_a-getenv_r.o)
                0x1000e6b8                _findenv_r
 .text._getenv_r
                0x1000e738       0x10 c:/maximsdk/tools/gnutools/10.3/bin/../lib/gcc/arm-none-eabi/10.3.1/../../../../arm-none-eabi/lib/thumb/v7e-m+fp/softfp\libc.a(lib_a-getenv_r.o)
                0x1000e738                _getenv_r
 .text.__gettzinfo
                0x1000e748        0x8 c:/maximsdk/tools/gnutools/10.3/bin/../lib/gcc/arm-none-eabi/10.3.1/../../../../arm-none-eabi/lib/thumb/v7e-m+fp/softfp\libc.a(lib_a-gettzinfo.o)
                0x1000e748                __gettzinfo
 .text.labs     0x1000e750        0x8 c:/maximsdk/tools/gnutools/10.3/bin/../lib/gcc/arm-none-eabi/10.3.1/../../../../arm-none-eabi/lib/thumb/v7e-m+fp/softfp\libc.a(lib_a-labs.o)
                0x1000e750                labs
 .text._localeconv_r
                0x1000e758        0x8 c:/maximsdk/tools/gnutools/10.3/bin/../lib/gcc/arm-none-eabi/10.3.1/../../../../arm-none-eabi/lib/thumb/v7e-m+fp/softfp\libc.a(lib_a-localeconv.o)
                0x1000e758                _localeconv_r
 .text.__retarget_lock_init_recursive
                0x1000e760        0x4 c:/maximsdk/tools/gnutools/10.3/bin/../lib/gcc/arm-none-eabi/10.3.1/../../../../arm-none-eabi/lib/thumb/v7e-m+fp/softfp\libc.a(lib_a-lock.o)
                0x1000e760                __retarget_lock_init_recursive
 .text.__retarget_lock_close_recursive
                0x1000e764        0x4 c:/maximsdk/tools/gnutools/10.3/bin/../lib/gcc/arm-none-eabi/10.3.1/../../../../arm-none-eabi/lib/thumb/v7e-m+fp/softfp\libc.a(lib_a-lock.o)
                0x1000e764                __retarget_lock_close_recursive
 .text.__retarget_lock_acquire
                0x1000e768        0x4 c:/maximsdk/tools/gnutools/10.3/bin/../lib/gcc/arm-none-eabi/10.3.1/../../../../arm-none-eabi/lib/thumb/v7e-m+fp/softfp\libc.a(lib_a-lock.o)
                0x1000e768                __retarget_lock_acquire
 .text.__retarget_lock_acquire_recursive
                0x1000e76c        0x4 c:/maximsdk/tools/gnutools/10.3/bin/../lib/gcc/arm-none-eabi/10.3.1/../../../../arm-none-eabi/lib/thumb/v7e-m+fp/softfp\libc.a(lib_a-lock.o)
                0x1000e76c                __retarget_lock_acquire_recursive
 .text.__retarget_lock_release
                0x1000e770        0x4 c:/maximsdk/tools/gnutools/10.3/bin/../lib/gcc/arm-none-eabi/10.3.1/../../../../arm-none-eabi/lib/thumb/v7e-m+fp/softfp\libc.a(lib_a-lock.o)
                0x1000e770                __retarget_lock_release
 .text.__retarget_lock_release_recursive
                0x1000e774        0x4 c:/maximsdk/tools/gnutools/10.3/bin/../lib/gcc/arm-none-eabi/10.3.1/../../../../arm-none-eabi/lib/thumb/v7e-m+fp/softfp\libc.a(lib_a-lock.o)
                0x1000e774                __retarget_lock_release_recursive
 .text.__smakebuf_r
                0x1000e778       0xe0 c:/maximsdk/tools/gnutools/10.3/bin/../lib/gcc/arm-none-eabi/10.3.1/../../../../arm-none-eabi/lib/thumb/v7e-m+fp/softfp\libc.a(lib_a-makebuf.o)
                0x1000e778                __smakebuf_r
 .text.malloc   0x1000e858       0x10 c:/maximsdk/tools/gnutools/10.3/bin/../lib/gcc/arm-none-eabi/10.3.1/../../../../arm-none-eabi/lib/thumb/v7e-m+fp/softfp\libc.a(lib_a-malloc.o)
                0x1000e858                malloc
 .text.free     0x1000e868       0x10 c:/maximsdk/tools/gnutools/10.3/bin/../lib/gcc/arm-none-eabi/10.3.1/../../../../arm-none-eabi/lib/thumb/v7e-m+fp/softfp\libc.a(lib_a-malloc.o)
                0x1000e868                free
 .text._malloc_r
                0x1000e878      0x560 c:/maximsdk/tools/gnutools/10.3/bin/../lib/gcc/arm-none-eabi/10.3.1/../../../../arm-none-eabi/lib/thumb/v7e-m+fp/softfp\libc.a(lib_a-mallocr.o)
                0x1000e878                _malloc_r
 *fill*         0x1000edd8        0x8 
 .text          0x1000ede0       0xa0 c:/maximsdk/tools/gnutools/10.3/bin/../lib/gcc/arm-none-eabi/10.3.1/../../../../arm-none-eabi/lib/thumb/v7e-m+fp/softfp\libc.a(lib_a-memchr.o)
                0x1000ede0                memchr
 .text.memmove  0x1000ee80       0xf8 c:/maximsdk/tools/gnutools/10.3/bin/../lib/gcc/arm-none-eabi/10.3.1/../../../../arm-none-eabi/lib/thumb/v7e-m+fp/softfp\libc.a(lib_a-memmove.o)
                0x1000ee80                memmove
 .text.__malloc_lock
                0x1000ef78        0xc c:/maximsdk/tools/gnutools/10.3/bin/../lib/gcc/arm-none-eabi/10.3.1/../../../../arm-none-eabi/lib/thumb/v7e-m+fp/softfp\libc.a(lib_a-mlock.o)
                0x1000ef78                __malloc_lock
 .text.__malloc_unlock