Archive member included to satisfy reference by file (symbol)

C:/MaximSDK/Libraries/PeriphDrivers/bin/MAX32665/softfp/libPeriphDriver_softfp.a(mxc_delay.o)
                              c:/Users/ptcha/OneDrive/Documents/GitHub/CodePlayGround/SPIXF/build/startup_max32665.o (SysTick_Handler)
C:/MaximSDK/Libraries/PeriphDrivers/bin/MAX32665/softfp/libPeriphDriver_softfp.a(sys_me14.o)
                              c:/Users/ptcha/OneDrive/Documents/GitHub/CodePlayGround/SPIXF/build/system_max32665.o (MXC_SYS_ClockEnable)
C:/MaximSDK/Libraries/PeriphDrivers/bin/MAX32665/softfp/libPeriphDriver_softfp.a(flc_me14.o)
                              C:/MaximSDK/Libraries/PeriphDrivers/bin/MAX32665/softfp/libPeriphDriver_softfp.a(sys_me14.o) (MXC_FLC_UnlockInfoBlock)
C:/MaximSDK/Libraries/PeriphDrivers/bin/MAX32665/softfp/libPeriphDriver_softfp.a(flc_reva.o)
                              C:/MaximSDK/Libraries/PeriphDrivers/bin/MAX32665/softfp/libPeriphDriver_softfp.a(flc_me14.o) (MXC_FLC_RevA_Busy)
C:/MaximSDK/Libraries/PeriphDrivers/bin/MAX32665/softfp/libPeriphDriver_softfp.a(gpio_me14.o)
                              c:/Users/ptcha/OneDrive/Documents/GitHub/CodePlayGround/SPIXF/build/pb.o (MXC_GPIO_InGet)
C:/MaximSDK/Libraries/PeriphDrivers/bin/MAX32665/softfp/libPeriphDriver_softfp.a(gpio_reva.o)
                              C:/MaximSDK/Libraries/PeriphDrivers/bin/MAX32665/softfp/libPeriphDriver_softfp.a(gpio_me14.o) (MXC_GPIO_RevA_InGet)
C:/MaximSDK/Libraries/PeriphDrivers/bin/MAX32665/softfp/libPeriphDriver_softfp.a(spixf_me14.o)
                              c:/Users/ptcha/OneDrive/Documents/GitHub/CodePlayGround/SPIXF/build/main.o (MXC_SPIXF_Init)
C:/MaximSDK/Libraries/PeriphDrivers/bin/MAX32665/softfp/libPeriphDriver_softfp.a(spixf_reva.o)
                              C:/MaximSDK/Libraries/PeriphDrivers/bin/MAX32665/softfp/libPeriphDriver_softfp.a(spixf_me14.o) (MXC_SPIXF_RevA_AbortAsync)
C:/MaximSDK/Libraries/PeriphDrivers/bin/MAX32665/softfp/libPeriphDriver_softfp.a(tpu_me14.o)
                              C:/MaximSDK/Libraries/PeriphDrivers/bin/MAX32665/softfp/libPeriphDriver_softfp.a(sys_me14.o) (MXC_TPU_Cipher_Config)
C:/MaximSDK/Libraries/PeriphDrivers/bin/MAX32665/softfp/libPeriphDriver_softfp.a(tpu_reva.o)
                              C:/MaximSDK/Libraries/PeriphDrivers/bin/MAX32665/softfp/libPeriphDriver_softfp.a(tpu_me14.o) (MXC_TPU_RevA_Reset)
C:/MaximSDK/Libraries/PeriphDrivers/bin/MAX32665/softfp/libPeriphDriver_softfp.a(uart_me14.o)
                              c:/Users/ptcha/OneDrive/Documents/GitHub/CodePlayGround/SPIXF/build/board.o (MXC_UART_Shutdown)
C:/MaximSDK/Libraries/PeriphDrivers/bin/MAX32665/softfp/libPeriphDriver_softfp.a(uart_reva.o)
                              C:/MaximSDK/Libraries/PeriphDrivers/bin/MAX32665/softfp/libPeriphDriver_softfp.a(uart_me14.o) (MXC_UART_RevA_Init)
C:/MaximSDK/Libraries/PeriphDrivers/bin/MAX32665/softfp/libPeriphDriver_softfp.a(mxc_lock.o)
                              C:/MaximSDK/Libraries/PeriphDrivers/bin/MAX32665/softfp/libPeriphDriver_softfp.a(spixf_reva.o) (MXC_GetLock)
C:/MaximSDK/Libraries/PeriphDrivers/bin/MAX32665/softfp/libPeriphDriver_softfp.a(nvic_table.o)
                              C:/MaximSDK/Libraries/PeriphDrivers/bin/MAX32665/softfp/libPeriphDriver_softfp.a(uart_reva.o) (MXC_NVIC_SetVector)
C:/MaximSDK/Libraries/PeriphDrivers/bin/MAX32665/softfp/libPeriphDriver_softfp.a(pins_me14.o)
                              C:/MaximSDK/Libraries/PeriphDrivers/bin/MAX32665/softfp/libPeriphDriver_softfp.a(spixf_me14.o) (gpio_cfg_spixfc)
C:/MaximSDK/Libraries/PeriphDrivers/bin/MAX32665/softfp/libPeriphDriver_softfp.a(dma_me14.o)
                              C:/MaximSDK/Libraries/PeriphDrivers/bin/MAX32665/softfp/libPeriphDriver_softfp.a(uart_reva.o) (MXC_DMA_Init)
C:/MaximSDK/Libraries/PeriphDrivers/bin/MAX32665/softfp/libPeriphDriver_softfp.a(dma_reva.o)
                              C:/MaximSDK/Libraries/PeriphDrivers/bin/MAX32665/softfp/libPeriphDriver_softfp.a(dma_me14.o) (MXC_DMA_RevA_Init)
C:/MaximSDK/Libraries/PeriphDrivers/bin/MAX32665/softfp/libPeriphDriver_softfp.a(flc_common.o)
                              C:/MaximSDK/Libraries/PeriphDrivers/bin/MAX32665/softfp/libPeriphDriver_softfp.a(flc_me14.o) (MXC_FLC_Com_VerifyData)
C:/MaximSDK/Libraries/PeriphDrivers/bin/MAX32665/softfp/libPeriphDriver_softfp.a(gpio_common.o)
                              C:/MaximSDK/Libraries/PeriphDrivers/bin/MAX32665/softfp/libPeriphDriver_softfp.a(gpio_me14.o) (MXC_GPIO_Common_Init)
C:/MaximSDK/Libraries/PeriphDrivers/bin/MAX32665/softfp/libPeriphDriver_softfp.a(uart_common.o)
                              C:/MaximSDK/Libraries/PeriphDrivers/bin/MAX32665/softfp/libPeriphDriver_softfp.a(uart_me14.o) (MXC_UART_Common_ReadCharacter)
c:/maximsdk/tools/gnutools/10.3/bin/../lib/gcc/arm-none-eabi/10.3.1/../../../../arm-none-eabi/lib/thumb/v7e-m+fp/softfp\libc.a(lib_a-errno.o)
[...]
Memory Configuration

Name             Origin             Length             Attributes
SPIX             0x08000000         0x08000000         xr
FLASH            0x10000000         0x00100000         xr
PAL_NVM_DB       0x10100000         0x00000000         r
OTP              0x20000000         0x00000000         xrw
ARM_SHARED       0x20000000         0x00000000         xrw
SDMA_SHARED      0x20000000         0x00000000         xrw
SDMA_DATA        0x20000000         0x00000000         xrw
SDMA_CODE        0x20000000         0x00000000         xrw
SRAM             0x20000000         0x0008c000         xrw
SPID             0x80000000         0x20000000         rw
*default*        0x00000000         0xffffffff

Linker script and memory map

LOAD c:/maximsdk/tools/gnutools/10.3/bin/../lib/gcc/arm-none-eabi/10.3.1/thumb/v7e-m+fp/softfp/crti.o
LOAD c:/maximsdk/tools/gnutools/10.3/bin/../lib/gcc/arm-none-eabi/10.3.1/thumb/v7e-m+fp/softfp/crtbegin.o
LOAD c:/maximsdk/tools/gnutools/10.3/bin/../lib/gcc/arm-none-eabi/10.3.1/../../../../arm-none-eabi/lib/thumb/v7e-m+fp/softfp/crt0.o
LOAD c:/Users/ptcha/OneDrive/Documents/GitHub/CodePlayGround/SPIXF/build/Ext_Flash.o
LOAD c:/Users/ptcha/OneDrive/Documents/GitHub/CodePlayGround/SPIXF/build/main.o
LOAD c:/Users/ptcha/OneDrive/Documents/GitHub/CodePlayGround/SPIXF/build/ramfunc.o
LOAD c:/Users/ptcha/OneDrive/Documents/GitHub/CodePlayGround/SPIXF/build/board.o
LOAD c:/Users/ptcha/OneDrive/Documents/GitHub/CodePlayGround/SPIXF/build/stdio.o
LOAD c:/Users/ptcha/OneDrive/Documents/GitHub/CodePlayGround/SPIXF/build/led.o
LOAD c:/Users/ptcha/OneDrive/Documents/GitHub/CodePlayGround/SPIXF/build/pb.o
LOAD c:/Users/ptcha/OneDrive/Documents/GitHub/CodePlayGround/SPIXF/build/startup_max32665.o
LOAD c:/Users/ptcha/OneDrive/Documents/GitHub/CodePlayGround/SPIXF/build/backup_max32665.o
LOAD c:/Users/ptcha/OneDrive/Documents/GitHub/CodePlayGround/SPIXF/build/heap.o
LOAD c:/Users/ptcha/OneDrive/Documents/GitHub/CodePlayGround/SPIXF/build/system_max32665.o
START GROUP
LOAD C:/MaximSDK/Libraries/PeriphDrivers/bin/MAX32665/softfp/libPeriphDriver_softfp.a
LOAD c:/maximsdk/tools/gnutools/10.3/bin/../lib/gcc/arm-none-eabi/10.3.1/../../../../arm-none-eabi/lib/thumb/v7e-m+fp/softfp\libc.a
LOAD c:/maximsdk/tools/gnutools/10.3/bin/../lib/gcc/arm-none-eabi/10.3.1/../../../../arm-none-eabi/lib/thumb/v7e-m+fp/softfp\libm.a
LOAD c:/maximsdk/tools/gnutools/10.3/bin/../lib/gcc/arm-none-eabi/10.3.1/../../../../arm-none-eabi/lib/thumb/v7e-m+fp/softfp\libnosys.a
END GROUP
START GROUP
LOAD c:/maximsdk/tools/gnutools/10.3/bin/../lib/gcc/arm-none-eabi/10.3.1/thumb/v7e-m+fp/softfp\libgcc.a
LOAD c:/maximsdk/tools/gnutools/10.3/bin/../lib/gcc/arm-none-eabi/10.3.1/../../../../arm-none-eabi/lib/thumb/v7e-m+fp/softfp\libc.a
END GROUP
LOAD c:/maximsdk/tools/gnutools/10.3/bin/../lib/gcc/arm-none-eabi/10.3.1/thumb/v7e-m+fp/softfp/crtend.o
LOAD c:/maximsdk/tools/gnutools/10.3/bin/../lib/gcc/arm-none-eabi/10.3.1/thumb/v7e-m+fp/softfp/crtn.o
                0x20000000                SRAM_ORIGIN = 0x20000000
                0x00000000                SDMA_CODE_LEN = DEFINED (SDMA_CODE_SIZE)?SDMA_CODE_SIZE:0x0
                0x00000000                SDMA_DATA_LEN = DEFINED (SDMA_DATA_SIZE)?SDMA_DATA_SIZE:0x0
                0x00000000                SDMA_LEN = (SDMA_CODE_LEN + SDMA_DATA_LEN)
                0x00000000                OTP_LEN = DEFINED (SDMA_CODE_SIZE)?0x40:0x0
                0x00000000                SHARED_LEN = DEFINED (SDMA_CODE_SIZE)?0x400:0x0
                0x00000000                SHARED_LEN_HALF = (SHARED_LEN / 0x2)
                0x20000000                OTP_ADDR = SRAM_ORIGIN
                0x20000000                SHARED_ADDR = (OTP_ADDR + OTP_LEN)
                0x20000000                SDMA_DATA_ADDR = (SHARED_ADDR + SHARED_LEN)
                0x20000000                SDMA_CODE_ADDR = (SDMA_DATA_ADDR + SDMA_DATA_LEN)
                0x20000000                SRAM_ADDR = (SDMA_CODE_ADDR + SDMA_CODE_LEN)
                0x0008c000                SRAM_LEN = (((SRAM_SIZE - OTP_LEN) - SHARED_LEN) - SDMA_LEN)
                0x00100000                FLASH_MEM_SIZE = (0x100000 - _PAL_NVM_SIZE)
                0x10100000                PAL_NVM_ORIGIN = ((0x100000 - _PAL_NVM_SIZE) + 0x10000000)

.text           0x10000000     0xa1f0
                0x10000000                _text = .
 *(.isr_vector)
 .isr_vector    0x10000000      0x1bc c:/Users/ptcha/OneDrive/Documents/GitHub/CodePlayGround/SPIXF/build/startup_max32665.o
                0x10000000                __isr_vector
 *(.text*)
 .text          0x100001bc       0x40 c:/maximsdk/tools/gnutools/10.3/bin/../lib/gcc/arm-none-eabi/10.3.1/thumb/v7e-m+fp/softfp/crtbegin.o
 .text.Ext_Flash_Configure
                0x100001fc       0x28 c:/Users/ptcha/OneDrive/Documents/GitHub/CodePlayGround/SPIXF/build/Ext_Flash.o
                0x100001fc                Ext_Flash_Configure
 .text.Ext_Flash_Init
                0x10000224       0x20 c:/Users/ptcha/OneDrive/Documents/GitHub/CodePlayGround/SPIXF/build/Ext_Flash.o
                0x10000224                Ext_Flash_Init
 .text.Ext_Flash_ID
                0x10000244       0x4c c:/Users/ptcha/OneDrive/Documents/GitHub/CodePlayGround/SPIXF/build/Ext_Flash.o
                0x10000244                Ext_Flash_ID
 .text.Ext_Flash_Read_SR
                0x10000290       0x78 c:/Users/ptcha/OneDrive/Documents/GitHub/CodePlayGround/SPIXF/build/Ext_Flash.o
                0x10000290                Ext_Flash_Read_SR
 .text.flash_busy
                0x10000308       0x26 c:/Users/ptcha/OneDrive/Documents/GitHub/CodePlayGround/SPIXF/build/Ext_Flash.o
 *fill*         0x1000032e        0x2 
 .text.Ext_Flash_Reset
                0x10000330       0x5c c:/Users/ptcha/OneDrive/Documents/GitHub/CodePlayGround/SPIXF/build/Ext_Flash.o
                0x10000330                Ext_Flash_Reset
 .text.Ext_Flash_Read
                0x1000038c       0x6c c:/Users/ptcha/OneDrive/Documents/GitHub/CodePlayGround/SPIXF/build/Ext_Flash.o
                0x1000038c                Ext_Flash_Read
 .text.write_enable
                0x100003f8       0x48 c:/Users/ptcha/OneDrive/Documents/GitHub/CodePlayGround/SPIXF/build/Ext_Flash.o
 .text.Ext_Flash_Program_Page
                0x10000440      0x124 c:/Users/ptcha/OneDrive/Documents/GitHub/CodePlayGround/SPIXF/build/Ext_Flash.o
                0x10000440                Ext_Flash_Program_Page
 .text.Ext_Flash_Unprotect_StatusRegister
                0x10000564       0x34 c:/Users/ptcha/OneDrive/Documents/GitHub/CodePlayGround/SPIXF/build/Ext_Flash.o
                0x10000564                Ext_Flash_Unprotect_StatusRegister
 .text.is_erase_failed
                0x10000598       0x26 c:/Users/ptcha/OneDrive/Documents/GitHub/CodePlayGround/SPIXF/build/Ext_Flash.o
 *fill*         0x100005be        0x2 
 .text.Ext_Flash_Erase
                0x100005c0       0x80 c:/Users/ptcha/OneDrive/Documents/GitHub/CodePlayGround/SPIXF/build/Ext_Flash.o
                0x100005c0                Ext_Flash_Erase
 .text.ext_flash_clock
                0x10000640        0xa c:/Users/ptcha/OneDrive/Documents/GitHub/CodePlayGround/SPIXF/build/main.o
 .text.ext_flash_module_write
                0x1000064a       0x36 c:/Users/ptcha/OneDrive/Documents/GitHub/CodePlayGround/SPIXF/build/main.o
 .text.ext_flash_module_read
                0x10000680       0x36 c:/Users/ptcha/OneDrive/Documents/GitHub/CodePlayGround/SPIXF/build/main.o
 *fill*         0x100006b6        0x2 
 .text.ext_flash_module_init
                0x100006b8       0x1c c:/Users/ptcha/OneDrive/Documents/GitHub/CodePlayGround/SPIXF/build/main.o
 .text.SetupExtFlash
                0x100006d4       0x20 c:/Users/ptcha/OneDrive/Documents/GitHub/CodePlayGround/SPIXF/build/main.o
                0x100006d4                SetupExtFlash
 .text.spixf_cfg_setup
                0x100006f4       0x54 c:/Users/ptcha/OneDrive/Documents/GitHub/CodePlayGround/SPIXF/build/main.o
                0x100006f4                spixf_cfg_setup
 .text.main     0x10000748      0x2cc c:/Users/ptcha/OneDrive/Documents/GitHub/CodePlayGround/SPIXF/build/main.o
                0x10000748                main
 .text.mxc_assert
                0x10000a14       0x10 c:/Users/ptcha/OneDrive/Documents/GitHub/CodePlayGround/SPIXF/build/board.o
                0x10000a14                mxc_assert
 .text.GPIO1_IRQHandler
                0x10000a24        0xa c:/Users/ptcha/OneDrive/Documents/GitHub/CodePlayGround/SPIXF/build/board.o
                0x10000a24                GPIO1_IRQHandler
 *fill*         0x10000a2e        0x2 
 .text.Console_Init
                0x10000a30       0x18 c:/Users/ptcha/OneDrive/Documents/GitHub/CodePlayGround/SPIXF/build/board.o
                0x10000a30                Console_Init
 .text.Board_Init
                0x10000a48       0x34 c:/Users/ptcha/OneDrive/Documents/GitHub/CodePlayGround/SPIXF/build/board.o
                0x10000a48                Board_Init
 .text.NMI_Handler
                0x10000a7c        0x4 c:/Users/ptcha/OneDrive/Documents/GitHub/CodePlayGround/SPIXF/build/board.o
                0x10000a7c                NMI_Handler
 .text._close   0x10000a80        0x6 c:/Users/ptcha/OneDrive/Documents/GitHub/CodePlayGround/SPIXF/build/stdio.o
                0x10000a80                _close
 .text._isatty  0x10000a86        0x6 c:/Users/ptcha/OneDrive/Documents/GitHub/CodePlayGround/SPIXF/build/stdio.o
                0x10000a86                _isatty
 .text._lseek   0x10000a8c        0x6 c:/Users/ptcha/OneDrive/Documents/GitHub/CodePlayGround/SPIXF/build/stdio.o
                0x10000a8c                _lseek
 .text._fstat   0x10000a92        0x6 c:/Users/ptcha/OneDrive/Documents/GitHub/CodePlayGround/SPIXF/build/stdio.o
                0x10000a92                _fstat
 .text._read    0x10000a98       0x50 c:/Users/ptcha/OneDrive/Documents/GitHub/CodePlayGround/SPIXF/build/stdio.o
                0x10000a98                _read
 .text._write   0x10000ae8       0x44 c:/Users/ptcha/OneDrive/Documents/GitHub/CodePlayGround/SPIXF/build/stdio.o
                0x10000ae8                _write
 .text.LED_Off  0x10000b2c       0x44 c:/Users/ptcha/OneDrive/Documents/GitHub/CodePlayGround/SPIXF/build/led.o
                0x10000b2c                LED_Off
 .text.LED_Init
                0x10000b70       0x3c c:/Users/ptcha/OneDrive/Documents/GitHub/CodePlayGround/SPIXF/build/led.o
                0x10000b70                LED_Init
 .text.PB_Init  0x10000bac       0x38 c:/Users/ptcha/OneDrive/Documents/GitHub/CodePlayGround/SPIXF/build/pb.o
                0x10000bac                PB_Init
 .text          0x10000be4      0x134 c:/Users/ptcha/OneDrive/Documents/GitHub/CodePlayGround/SPIXF/build/startup_max32665.o
                0x10000be4                Reset_Handler
                0x10000c22                HardFault_Handler
                0x10000c24                MemManage_Handler
                0x10000c26                BusFault_Handler
                0x10000c28                UsageFault_Handler
                0x10000c2a                SVC_Handler
                0x10000c2c                PendSV_Handler
                0x10000c2e                Default_Handler
                0x10000c30                PF_IRQHandler
                0x10000c32                WDT0_IRQHandler
                0x10000c34                USB_IRQHandler
                0x10000c36                RTC_IRQHandler
                0x10000c38                TRNG_IRQHandler
                0x10000c3a                TMR0_IRQHandler
                0x10000c3c                TMR1_IRQHandler
                0x10000c3e                TMR2_IRQHandler
                0x10000c40                TMR3_IRQHandler
                0x10000c42                TMR4_IRQHandler
                0x10000c44                TMR5_IRQHandler
                0x10000c46                RSV11_IRQHandler
                0x10000c48                RSV12_IRQHandler
                0x10000c4a                I2C0_IRQHandler
                0x10000c4c                UART0_IRQHandler
                0x10000c4e                UART1_IRQHandler
                0x10000c50                SPI1_IRQHandler
                0x10000c52                SPI2_IRQHandler
                0x10000c54                RSV18_IRQHandler
                0x10000c56                RSV19_IRQHandler
                0x10000c58                ADC_IRQHandler
                0x10000c5a                RSV21_IRQHandler
                0x10000c5c                RSV22_IRQHandler
                0x10000c5e                FLC0_IRQHandler
                0x10000c60                GPIO0_IRQHandler
                0x10000c64                RSV26_IRQHandler
                0x10000c66                TPU_IRQHandler
                0x10000c68                DMA0_IRQHandler
                0x10000c6a                DMA1_IRQHandler
                0x10000c6c                DMA2_IRQHandler
                0x10000c6e                DMA3_IRQHandler
                0x10000c70                RSV32_IRQHandler
                0x10000c72                RSV33_IRQHandler
                0x10000c74                UART2_IRQHandler
                0x10000c76                RSV35_IRQHandler
                0x10000c78                I2C1_IRQHandler
                0x10000c7a                RSV37_IRQHandler
                0x10000c7c                SPIXFC_IRQHandler
                0x10000c7e                BTLE_TX_DONE_IRQHandler
                0x10000c80                BTLE_RX_RCVD_IRQHandler
                0x10000c82                BTLE_RX_ENG_DET_IRQHandler
                0x10000c84                BTLE_SFD_DET_IRQHandler
                0x10000c86                BTLE_SFD_TO_IRQHandler
                0x10000c88                BTLE_GP_EVENT_IRQHandler
                0x10000c8a                BTLE_CFO_IRQHandler
                0x10000c8c                BTLE_SIG_DET_IRQHandler
                0x10000c8e                BTLE_AGC_EVENT_IRQHandler
                0x10000c90                BTLE_RFFE_SPIM_IRQHandler
                0x10000c92                BTLE_TX_AES_IRQHandler
                0x10000c94                BTLE_RX_AES_IRQHandler
                0x10000c96                BTLE_INV_APB_ADDR_IRQHandler
                0x10000c98                BTLE_IQ_DATA_VALID_IRQHandler
                0x10000c9a                WUT_IRQHandler
                0x10000c9c                GPIOWAKE_IRQHandler
                0x10000c9e                RSV55_IRQHandler
                0x10000ca0                SPI0_IRQHandler
                0x10000ca2                WDT1_IRQHandler
                0x10000ca4                RSV58_IRQHandler
                0x10000ca6                PT_IRQHandler
                0x10000ca8                SDMA0_IRQHandler
                0x10000caa                RSV61_IRQHandler
                0x10000cac                I2C2_IRQHandler
                0x10000cae                RSV63_IRQHandler
                0x10000cb0                RSV64_IRQHandler
                0x10000cb2                RSV65_IRQHandler
                0x10000cb4                SDHC_IRQHandler
                0x10000cb6                OWM_IRQHandler
                0x10000cb8                DMA4_IRQHandler
                0x10000cba                DMA5_IRQHandler
                0x10000cbc                DMA6_IRQHandler
                0x10000cbe                DMA7_IRQHandler
                0x10000cc0                DMA8_IRQHandler
                0x10000cc2                DMA9_IRQHandler
                0x10000cc4                DMA10_IRQHandler
                0x10000cc6                DMA11_IRQHandler
                0x10000cc8                DMA12_IRQHandler
                0x10000cca                DMA13_IRQHandler
                0x10000ccc                DMA14_IRQHandler
                0x10000cce                DMA15_IRQHandler
                0x10000cd0                USBDMA_IRQHandler
                0x10000cd2                WDT2_IRQHandler
                0x10000cd4                ECC_IRQHandler
                0x10000cd6                DVS_IRQHandler
                0x10000cd8                SIMO_IRQHandler
                0x10000cda                SCA_IRQHandler
                0x10000cdc                AUDIO_IRQHandler
                0x10000cde                FLC1_IRQHandler
                0x10000ce0                RSV88_IRQHandler
                0x10000ce2                RSV89_IRQHandler
                0x10000ce4                RSV90_IRQHandler
                0x10000ce6                RSV91_IRQHandler
                0x10000ce8                RSV92_IRQHandler
                0x10000cea                HTMR0_IRQHandler
                0x10000cec                HTMR1_IRQHandler
 .text._sbrk    0x10000d18       0x40 c:/Users/ptcha/OneDrive/Documents/GitHub/CodePlayGround/SPIXF/build/heap.o
                0x10000d18                _sbrk
 .text._getpid  0x10000d58        0x6 c:/Users/ptcha/OneDrive/Documents/GitHub/CodePlayGround/SPIXF/build/system_max32665.o
                0x10000d58                _getpid
 .text._kill    0x10000d5e        0x6 c:/Users/ptcha/OneDrive/Documents/GitHub/CodePlayGround/SPIXF/build/system_max32665.o
                0x10000d5e                _kill
 .text.SystemCoreClockUpdate
                0x10000d64       0x6c c:/Users/ptcha/OneDrive/Documents/GitHub/CodePlayGround/SPIXF/build/system_max32665.o
                0x10000d64                SystemCoreClockUpdate
 .text.PreInit  0x10000dd0       0x60 c:/Users/ptcha/OneDrive/Documents/GitHub/CodePlayGround/SPIXF/build/system_max32665.o
                0x10000dd0                PreInit
 .text.PalSysInit
                0x10000e30        0x2 c:/Users/ptcha/OneDrive/Documents/GitHub/CodePlayGround/SPIXF/build/system_max32665.o
                0x10000e30                PalSysInit
 *fill*         0x10000e32        0x2 
 .text.SystemInit
                0x10000e34      0x110 c:/Users/ptcha/OneDrive/Documents/GitHub/CodePlayGround/SPIXF/build/system_max32665.o
                0x10000e34                SystemInit
 .text.MXC_DelayInit
                0x10000f44       0x84 C:/MaximSDK/Libraries/PeriphDrivers/bin/MAX32665/softfp/libPeriphDriver_softfp.a(mxc_delay.o)
 .text.MXC_DelayAsync
                0x10000fc8       0x44 C:/MaximSDK/Libraries/PeriphDrivers/bin/MAX32665/softfp/libPeriphDriver_softfp.a(mxc_delay.o)
                0x10000fc8                MXC_DelayAsync
 .text.MXC_DelayAbort
                0x1000100c       0x34 C:/MaximSDK/Libraries/PeriphDrivers/bin/MAX32665/softfp/libPeriphDriver_softfp.a(mxc_delay.o)
                0x1000100c                MXC_DelayAbort
 .text.MXC_DelayHandler
                0x10001040       0x40 C:/MaximSDK/Libraries/PeriphDrivers/bin/MAX32665/softfp/libPeriphDriver_softfp.a(mxc_delay.o)
                0x10001040                MXC_DelayHandler
 .text.SysTick_Handler
                0x10001080        0x8 C:/MaximSDK/Libraries/PeriphDrivers/bin/MAX32665/softfp/libPeriphDriver_softfp.a(mxc_delay.o)
                0x10001080                SysTick_Handler
 .text.MXC_DelayCheck
                0x10001088       0x64 C:/MaximSDK/Libraries/PeriphDrivers/bin/MAX32665/softfp/libPeriphDriver_softfp.a(mxc_delay.o)
                0x10001088                MXC_DelayCheck
 .text.MXC_SYS_ClockDisable
                0x100010ec       0x2c C:/MaximSDK/Libraries/PeriphDrivers/bin/MAX32665/softfp/libPeriphDriver_softfp.a(sys_me14.o)
                0x100010ec                MXC_SYS_ClockDisable
 .text.MXC_SYS_ClockEnable
                0x10001118       0x30 C:/MaximSDK/Libraries/PeriphDrivers/bin/MAX32665/softfp/libPeriphDriver_softfp.a(sys_me14.o)
                0x10001118                MXC_SYS_ClockEnable
 .text.MXC_SYS_Clock_Timeout
                0x10001148       0x30 C:/MaximSDK/Libraries/PeriphDrivers/bin/MAX32665/softfp/libPeriphDriver_softfp.a(sys_me14.o)
                0x10001148                MXC_SYS_Clock_Timeout
 .text.MXC_SYS_Clock_Select
                0x10001178      0x18c C:/MaximSDK/Libraries/PeriphDrivers/bin/MAX32665/softfp/libPeriphDriver_softfp.a(sys_me14.o)
                0x10001178                MXC_SYS_Clock_Select
 .text.MXC_SYS_Reset_Periph
                0x10001304       0x38 C:/MaximSDK/Libraries/PeriphDrivers/bin/MAX32665/softfp/libPeriphDriver_softfp.a(sys_me14.o)
                0x10001304                MXC_SYS_Reset_Periph
 .text.MXC_GPIO_OutSet
                0x1000133c        0x8 C:/MaximSDK/Libraries/PeriphDrivers/bin/MAX32665/softfp/libPeriphDriver_softfp.a(gpio_me14.o)
                0x1000133c                MXC_GPIO_OutSet
 .text.MXC_GPIO_Handler
                0x10001344        0x8 C:/MaximSDK/Libraries/PeriphDrivers/bin/MAX32665/softfp/libPeriphDriver_softfp.a(gpio_me14.o)
                0x10001344                MXC_GPIO_Handler
 .text.MXC_GPIO_ClearFlags
                0x1000134c        0x8 C:/MaximSDK/Libraries/PeriphDrivers/bin/MAX32665/softfp/libPeriphDriver_softfp.a(gpio_me14.o)
                0x1000134c                MXC_GPIO_ClearFlags
 .text.MXC_GPIO_GetFlags
                0x10001354        0x8 C:/MaximSDK/Libraries/PeriphDrivers/bin/MAX32665/softfp/libPeriphDriver_softfp.a(gpio_me14.o)
                0x10001354                MXC_GPIO_GetFlags
 .text.MXC_GPIO_SetVSSEL
                0x1000135c        0x8 C:/MaximSDK/Libraries/PeriphDrivers/bin/MAX32665/softfp/libPeriphDriver_softfp.a(gpio_me14.o)
                0x1000135c                MXC_GPIO_SetVSSEL
 .text.MXC_GPIO_Config
                0x10001364       0xd2 C:/MaximSDK/Libraries/PeriphDrivers/bin/MAX32665/softfp/libPeriphDriver_softfp.a(gpio_me14.o)
                0x10001364                MXC_GPIO_Config
 .text.MXC_GPIO_RevA_OutSet
                0x10001436        0x4 C:/MaximSDK/Libraries/PeriphDrivers/bin/MAX32665/softfp/libPeriphDriver_softfp.a(gpio_reva.o)
                0x10001436                MXC_GPIO_RevA_OutSet
 .text.MXC_GPIO_RevA_ClearFlags
                0x1000143a        0x4 C:/MaximSDK/Libraries/PeriphDrivers/bin/MAX32665/softfp/libPeriphDriver_softfp.a(gpio_reva.o)
                0x1000143a                MXC_GPIO_RevA_ClearFlags
 .text.MXC_GPIO_RevA_GetFlags
                0x1000143e        0x4 C:/MaximSDK/Libraries/PeriphDrivers/bin/MAX32665/softfp/libPeriphDriver_softfp.a(gpio_reva.o)
                0x1000143e                MXC_GPIO_RevA_GetFlags
 .text.MXC_GPIO_RevA_SetVSSEL
                0x10001442       0x2a C:/MaximSDK/Libraries/PeriphDrivers/bin/MAX32665/softfp/libPeriphDriver_softfp.a(gpio_reva.o)
                0x10001442                MXC_GPIO_RevA_SetVSSEL
 .text.MXC_GPIO_RevA_SetAF
                0x1000146c       0x74 C:/MaximSDK/Libraries/PeriphDrivers/bin/MAX32665/softfp/libPeriphDriver_softfp.a(gpio_reva.o)
                0x1000146c                MXC_GPIO_RevA_SetAF
 .text.MXC_SPIXF_Init
                0x100014e0       0x38 C:/MaximSDK/Libraries/PeriphDrivers/bin/MAX32665/softfp/libPeriphDriver_softfp.a(spixf_me14.o)
                0x100014e0                MXC_SPIXF_Init
 .text.MXC_SPIXF_Clocks
                0x10001518       0x24 C:/MaximSDK/Libraries/PeriphDrivers/bin/MAX32665/softfp/libPeriphDriver_softfp.a(spixf_me14.o)
                0x10001518                MXC_SPIXF_Clocks
 .text.MXC_SPIXF_Transaction
                0x1000153c       0x18 C:/MaximSDK/Libraries/PeriphDrivers/bin/MAX32665/softfp/libPeriphDriver_softfp.a(spixf_me14.o)
                0x1000153c                MXC_SPIXF_Transaction
 .text.MXC_SPIXF_SetMode
                0x10001554       0x18 C:/MaximSDK/Libraries/PeriphDrivers/bin/MAX32665/softfp/libPeriphDriver_softfp.a(spixf_me14.o)
                0x10001554                MXC_SPIXF_SetMode
 .text.MXC_SPIXF_SetSSPolActiveLow
                0x1000156c       0x14 C:/MaximSDK/Libraries/PeriphDrivers/bin/MAX32665/softfp/libPeriphDriver_softfp.a(spixf_me14.o)
                0x1000156c                MXC_SPIXF_SetSSPolActiveLow
 .text.MXC_SPIXF_SetSPIFrequency
                0x10001580       0x18 C:/MaximSDK/Libraries/PeriphDrivers/bin/MAX32665/softfp/libPeriphDriver_softfp.a(spixf_me14.o)
                0x10001580                MXC_SPIXF_SetSPIFrequency
 .text.MXC_SPIXF_SetSSActiveTime
                0x10001598       0x18 C:/MaximSDK/Libraries/PeriphDrivers/bin/MAX32665/softfp/libPeriphDriver_softfp.a(spixf_me14.o)
                0x10001598                MXC_SPIXF_SetSSActiveTime
 .text.MXC_SPIXF_SetSSInactiveTime
                0x100015b0       0x18 C:/MaximSDK/Libraries/PeriphDrivers/bin/MAX32665/softfp/libPeriphDriver_softfp.a(spixf_me14.o)
                0x100015b0                MXC_SPIXF_SetSSInactiveTime
 .text.MXC_SPIXF_SetCmdWidth
                0x100015c8       0x10 C:/MaximSDK/Libraries/PeriphDrivers/bin/MAX32665/softfp/libPeriphDriver_softfp.a(spixf_me14.o)
                0x100015c8                MXC_SPIXF_SetCmdWidth
 .text.MXC_SPIXF_SetAddrWidth
                0x100015d8       0x10 C:/MaximSDK/Libraries/PeriphDrivers/bin/MAX32665/softfp/libPeriphDriver_softfp.a(spixf_me14.o)
                0x100015d8                MXC_SPIXF_SetAddrWidth
 .text.MXC_SPIXF_SetDataWidth
                0x100015e8       0x10 C:/MaximSDK/Libraries/PeriphDrivers/bin/MAX32665/softfp/libPeriphDriver_softfp.a(spixf_me14.o)
                0x100015e8                MXC_SPIXF_SetDataWidth
 .text.MXC_SPIXF_Set3ByteAddr
                0x100015f8       0x10 C:/MaximSDK/Libraries/PeriphDrivers/bin/MAX32665/softfp/libPeriphDriver_softfp.a(spixf_me14.o)
                0x100015f8                MXC_SPIXF_Set3ByteAddr
 .text.MXC_SPIXF_SetModeClk
                0x10001608       0x10 C:/MaximSDK/Libraries/PeriphDrivers/bin/MAX32665/softfp/libPeriphDriver_softfp.a(spixf_me14.o)
                0x10001608                MXC_SPIXF_SetModeClk
 .text.MXC_SPIXF_SetCmdValue
                0x10001618       0x10 C:/MaximSDK/Libraries/PeriphDrivers/bin/MAX32665/softfp/libPeriphDriver_softfp.a(spixf_me14.o)
                0x10001618                MXC_SPIXF_SetCmdValue
 .text.MXC_SPIXF_SetSCKNonInverted
                0x10001628       0x14 C:/MaximSDK/Libraries/PeriphDrivers/bin/MAX32665/softfp/libPeriphDriver_softfp.a(spixf_me14.o)
                0x10001628                MXC_SPIXF_SetSCKNonInverted
 .text.MXC_SPIXF_SCKFeedbackEnable
                0x1000163c       0x14 C:/MaximSDK/Libraries/PeriphDrivers/bin/MAX32665/softfp/libPeriphDriver_softfp.a(spixf_me14.o)
                0x1000163c                MXC_SPIXF_SCKFeedbackEnable
 .text.MXC_SPIXF_Enable
                0x10001650       0x10 C:/MaximSDK/Libraries/PeriphDrivers/bin/MAX32665/softfp/libPeriphDriver_softfp.a(spixf_me14.o)
                0x10001650                MXC_SPIXF_Enable
 .text.MXC_SPIXF_Disable
                0x10001660       0x10 C:/MaximSDK/Libraries/PeriphDrivers/bin/MAX32665/softfp/libPeriphDriver_softfp.a(spixf_me14.o)
                0x10001660                MXC_SPIXF_Disable
 .text.SPIXFC_ReadRXFIFO
                0x10001670       0x22 C:/MaximSDK/Libraries/PeriphDrivers/bin/MAX32665/softfp/libPeriphDriver_softfp.a(spixf_reva.o)
 .text.MXC_SPIXF_RevA_SetMode
                0x10001692       0x24 C:/MaximSDK/Libraries/PeriphDrivers/bin/MAX32665/softfp/libPeriphDriver_softfp.a(spixf_reva.o)
                0x10001692                MXC_SPIXF_RevA_SetMode
 .text.MXC_SPIXF_RevA_SetSSPolActiveLow
                0x100016b6       0x14 C:/MaximSDK/Libraries/PeriphDrivers/bin/MAX32665/softfp/libPeriphDriver_softfp.a(spixf_reva.o)
                0x100016b6                MXC_SPIXF_RevA_SetSSPolActiveLow
 *fill*         0x100016ca        0x2 
 .text.MXC_SPIXF_RevA_GetSPIFrequency
                0x100016cc       0x20 C:/MaximSDK/Libraries/PeriphDrivers/bin/MAX32665/softfp/libPeriphDriver_softfp.a(spixf_reva.o)
                0x100016cc                MXC_SPIXF_RevA_GetSPIFrequency
 .text.MXC_SPIXF_RevA_GetSPIFrequencyWrite
                0x100016ec       0x20 C:/MaximSDK/Libraries/PeriphDrivers/bin/MAX32665/softfp/libPeriphDriver_softfp.a(spixf_reva.o)
                0x100016ec                MXC_SPIXF_RevA_GetSPIFrequencyWrite
 .text.MXC_SPIXF_RevA_SetSPIFrequency
                0x1000170c      0x100 C:/MaximSDK/Libraries/PeriphDrivers/bin/MAX32665/softfp/libPeriphDriver_softfp.a(spixf_reva.o)
                0x1000170c                MXC_SPIXF_RevA_SetSPIFrequency
 .text.MXC_SPIXF_RevA_SetSSActiveTime
                0x1000180c       0x1e C:/MaximSDK/Libraries/PeriphDrivers/bin/MAX32665/softfp/libPeriphDriver_softfp.a(spixf_reva.o)
                0x1000180c                MXC_SPIXF_RevA_SetSSActiveTime
 .text.MXC_SPIXF_RevA_SetSSInactiveTime
                0x1000182a       0x1e C:/MaximSDK/Libraries/PeriphDrivers/bin/MAX32665/softfp/libPeriphDriver_softfp.a(spixf_reva.o)
                0x1000182a                MXC_SPIXF_RevA_SetSSInactiveTime
 .text.MXC_SPIXF_RevA_SetCmdWidth
                0x10001848       0x34 C:/MaximSDK/Libraries/PeriphDrivers/bin/MAX32665/softfp/libPeriphDriver_softfp.a(spixf_reva.o)
                0x10001848                MXC_SPIXF_RevA_SetCmdWidth
 .text.MXC_SPIXF_RevA_SetAddrWidth
                0x1000187c       0x34 C:/MaximSDK/Libraries/PeriphDrivers/bin/MAX32665/softfp/libPeriphDriver_softfp.a(spixf_reva.o)
                0x1000187c                MXC_SPIXF_RevA_SetAddrWidth
 .text.MXC_SPIXF_RevA_SetDataWidth
                0x100018b0       0x34 C:/MaximSDK/Libraries/PeriphDrivers/bin/MAX32665/softfp/libPeriphDriver_softfp.a(spixf_reva.o)
                0x100018b0                MXC_SPIXF_RevA_SetDataWidth
 .text.MXC_SPIXF_RevA_Set3ByteAddr
                0x100018e4        0xc C:/MaximSDK/Libraries/PeriphDrivers/bin/MAX32665/softfp/libPeriphDriver_softfp.a(spixf_reva.o)
                0x100018e4                MXC_SPIXF_RevA_Set3ByteAddr
 .text.MXC_SPIXF_RevA_SetModeClk
                0x100018f0       0x12 C:/MaximSDK/Libraries/PeriphDrivers/bin/MAX32665/softfp/libPeriphDriver_softfp.a(spixf_reva.o)
                0x100018f0                MXC_SPIXF_RevA_SetModeClk
 .text.MXC_SPIXF_RevA_SetSCKNonInverted
                0x10001902       0x14 C:/MaximSDK/Libraries/PeriphDrivers/bin/MAX32665/softfp/libPeriphDriver_softfp.a(spixf_reva.o)
                0x10001902                MXC_SPIXF_RevA_SetSCKNonInverted
 .text.MXC_SPIXF_RevA_SCKFeedbackEnable
                0x10001916       0x14 C:/MaximSDK/Libraries/PeriphDrivers/bin/MAX32665/softfp/libPeriphDriver_softfp.a(spixf_reva.o)
                0x10001916                MXC_SPIXF_RevA_SCKFeedbackEnable
 .text.MXC_SPIXF_RevA_SCKFeedbackDisable
                0x1000192a       0x14 C:/MaximSDK/Libraries/PeriphDrivers/bin/MAX32665/softfp/libPeriphDriver_softfp.a(spixf_reva.o)
                0x1000192a                MXC_SPIXF_RevA_SCKFeedbackDisable
 .text.MXC_SPIXF_RevA_SetCmdValue
                0x1000193e        0xe C:/MaximSDK/Libraries/PeriphDrivers/bin/MAX32665/softfp/libPeriphDriver_softfp.a(spixf_reva.o)
                0x1000193e                MXC_SPIXF_RevA_SetCmdValue
 .text.MXC_SPIXF_RevA_SetPageSize
                0x1000194c       0x10 C:/MaximSDK/Libraries/PeriphDrivers/bin/MAX32665/softfp/libPeriphDriver_softfp.a(spixf_reva.o)
                0x1000194c                MXC_SPIXF_RevA_SetPageSize
 .text.MXC_SPIXF_RevA_RXFIFOEnable
                0x1000195c        0xc C:/MaximSDK/Libraries/PeriphDrivers/bin/MAX32665/softfp/libPeriphDriver_softfp.a(spixf_reva.o)
                0x1000195c                MXC_SPIXF_RevA_RXFIFOEnable
 .text.MXC_SPIXF_RevA_TXFIFOEnable
                0x10001968        0xc C:/MaximSDK/Libraries/PeriphDrivers/bin/MAX32665/softfp/libPeriphDriver_softfp.a(spixf_reva.o)
                0x10001968                MXC_SPIXF_RevA_TXFIFOEnable
 .text.MXC_SPIXF_RevA_Init
                0x10001974       0x90 C:/MaximSDK/Libraries/PeriphDrivers/bin/MAX32665/softfp/libPeriphDriver_softfp.a(spixf_reva.o)
                0x10001974                MXC_SPIXF_RevA_Init
 .text.MXC_SPIXF_RevA_Enable
                0x10001a04        0xc C:/MaximSDK/Libraries/PeriphDrivers/bin/MAX32665/softfp/libPeriphDriver_softfp.a(spixf_reva.o)
                0x10001a04                MXC_SPIXF_RevA_Enable
 .text.MXC_SPIXF_RevA_Disable
                0x10001a10        0xc C:/MaximSDK/Libraries/PeriphDrivers/bin/MAX32665/softfp/libPeriphDriver_softfp.a(spixf_reva.o)
                0x10001a10                MXC_SPIXF_RevA_Disable
 .text.MXC_SPIXF_RevA_IsEnabled
                0x10001a1c        0x8 C:/MaximSDK/Libraries/PeriphDrivers/bin/MAX32665/softfp/libPeriphDriver_softfp.a(spixf_reva.o)
                0x10001a1c                MXC_SPIXF_RevA_IsEnabled
 .text.MXC_SPIXF_RevA_Clocks
                0x10001a24       0xb4 C:/MaximSDK/Libraries/PeriphDrivers/bin/MAX32665/softfp/libPeriphDriver_softfp.a(spixf_reva.o)
                0x10001a24                MXC_SPIXF_RevA_Clocks
 .text.MXC_SPIXF_RevA_Transaction
                0x10001ad8      0x1f4 C:/MaximSDK/Libraries/PeriphDrivers/bin/MAX32665/softfp/libPeriphDriver_softfp.a(spixf_reva.o)
                0x10001ad8                MXC_SPIXF_RevA_Transaction
 .text.MXC_UART_Shutdown
                0x10001ccc       0x50 C:/MaximSDK/Libraries/PeriphDrivers/bin/MAX32665/softfp/libPeriphDriver_softfp.a(uart_me14.o)
                0x10001ccc                MXC_UART_Shutdown
 .text.MXC_UART_Init
                0x10001d1c       0x98 C:/MaximSDK/Libraries/PeriphDrivers/bin/MAX32665/softfp/libPeriphDriver_softfp.a(uart_me14.o)
                0x10001d1c                MXC_UART_Init
 .text.MXC_UART_SetFrequency
                0x10001db4        0x8 C:/MaximSDK/Libraries/PeriphDrivers/bin/MAX32665/softfp/libPeriphDriver_softfp.a(uart_me14.o)
                0x10001db4                MXC_UART_SetFrequency
 .text.MXC_UART_GetFrequency
                0x10001dbc        0x8 C:/MaximSDK/Libraries/PeriphDrivers/bin/MAX32665/softfp/libPeriphDriver_softfp.a(uart_me14.o)
                0x10001dbc                MXC_UART_GetFrequency
 .text.MXC_UART_SetDataSize
                0x10001dc4        0x8 C:/MaximSDK/Libraries/PeriphDrivers/bin/MAX32665/softfp/libPeriphDriver_softfp.a(uart_me14.o)
                0x10001dc4                MXC_UART_SetDataSize
 .text.MXC_UART_SetStopBits
                0x10001dcc        0x8 C:/MaximSDK/Libraries/PeriphDrivers/bin/MAX32665/softfp/libPeriphDriver_softfp.a(uart_me14.o)
                0x10001dcc                MXC_UART_SetStopBits
 .text.MXC_UART_SetParity
                0x10001dd4        0x8 C:/MaximSDK/Libraries/PeriphDrivers/bin/MAX32665/softfp/libPeriphDriver_softfp.a(uart_me14.o)
                0x10001dd4                MXC_UART_SetParity
 .text.MXC_UART_ReadCharacterRaw
                0x10001ddc        0x8 C:/MaximSDK/Libraries/PeriphDrivers/bin/MAX32665/softfp/libPeriphDriver_softfp.a(uart_me14.o)
                0x10001ddc                MXC_UART_ReadCharacterRaw
 .text.MXC_UART_WriteCharacterRaw
                0x10001de4        0x8 C:/MaximSDK/Libraries/PeriphDrivers/bin/MAX32665/softfp/libPeriphDriver_softfp.a(uart_me14.o)
                0x10001de4                MXC_UART_WriteCharacterRaw
 .text.MXC_UART_ReadCharacter
                0x10001dec        0x8 C:/MaximSDK/Libraries/PeriphDrivers/bin/MAX32665/softfp/libPeriphDriver_softfp.a(uart_me14.o)
                0x10001dec                MXC_UART_ReadCharacter
 .text.MXC_UART_WriteCharacter
                0x10001df4        0x8 C:/MaximSDK/Libraries/PeriphDrivers/bin/MAX32665/softfp/libPeriphDriver_softfp.a(uart_me14.o)
                0x10001df4                MXC_UART_WriteCharacter
 .text.MXC_UART_GetRXFIFOAvailable
                0x10001dfc        0x8 C:/MaximSDK/Libraries/PeriphDrivers/bin/MAX32665/softfp/libPeriphDriver_softfp.a(uart_me14.o)
                0x10001dfc                MXC_UART_GetRXFIFOAvailable
 .text.MXC_UART_GetTXFIFOAvailable
                0x10001e04        0x8 C:/MaximSDK/Libraries/PeriphDrivers/bin/MAX32665/softfp/libPeriphDriver_softfp.a(uart_me14.o)
                0x10001e04                MXC_UART_GetTXFIFOAvailable
 .text.MXC_UART_SetRXThreshold
                0x10001e0c        0x8 C:/MaximSDK/Libraries/PeriphDrivers/bin/MAX32665/softfp/libPeriphDriver_softfp.a(uart_me14.o)
                0x10001e0c                MXC_UART_SetRXThreshold
 .text.MXC_UART_SetTXThreshold
                0x10001e14        0x8 C:/MaximSDK/Libraries/PeriphDrivers/bin/MAX32665/softfp/libPeriphDriver_softfp.a(uart_me14.o)
                0x10001e14                MXC_UART_SetTXThreshold
 .text.MXC_UART_RevA_Init
                0x10001e1c       0xd4 C:/MaximSDK/Libraries/PeriphDrivers/bin/MAX32665/softfp/libPeriphDriver_softfp.a(uart_reva.o)
                0x10001e1c                MXC_UART_RevA_Init
 .text.MXC_UART_RevA_SetFrequency
                0x10001ef0      0x108 C:/MaximSDK/Libraries/PeriphDrivers/bin/MAX32665/softfp/libPeriphDriver_softfp.a(uart_reva.o)
                0x10001ef0                MXC_UART_RevA_SetFrequency
 .text.MXC_UART_RevA_GetFrequency
                0x10001ff8       0xb4 C:/MaximSDK/Libraries/PeriphDrivers/bin/MAX32665/softfp/libPeriphDriver_softfp.a(uart_reva.o)
                0x10001ff8                MXC_UART_RevA_GetFrequency
 .text.MXC_UART_RevA_SetDataSize
                0x100020ac       0x20 C:/MaximSDK/Libraries/PeriphDrivers/bin/MAX32665/softfp/libPeriphDriver_softfp.a(uart_reva.o)
                0x100020ac                MXC_UART_RevA_SetDataSize
 .text.MXC_UART_RevA_SetStopBits
                0x100020cc       0x24 C:/MaximSDK/Libraries/PeriphDrivers/bin/MAX32665/softfp/libPeriphDriver_softfp.a(uart_reva.o)
                0x100020cc                MXC_UART_RevA_SetStopBits
 .text.MXC_UART_RevA_SetParity
                0x100020f0      0x11a C:/MaximSDK/Libraries/PeriphDrivers/bin/MAX32665/softfp/libPeriphDriver_softfp.a(uart_reva.o)
                0x100020f0                MXC_UART_RevA_SetParity
 .text.MXC_UART_RevA_ReadCharacterRaw
                0x1000220a       0x12 C:/MaximSDK/Libraries/PeriphDrivers/bin/MAX32665/softfp/libPeriphDriver_softfp.a(uart_reva.o)
                0x1000220a                MXC_UART_RevA_ReadCharacterRaw
 .text.MXC_UART_RevA_WriteCharacterRaw
                0x1000221c       0x14 C:/MaximSDK/Libraries/PeriphDrivers/bin/MAX32665/softfp/libPeriphDriver_softfp.a(uart_reva.o)
                0x1000221c                MXC_UART_RevA_WriteCharacterRaw
 .text.MXC_UART_RevA_GetRXFIFOAvailable
                0x10002230        0x8 C:/MaximSDK/Libraries/PeriphDrivers/bin/MAX32665/softfp/libPeriphDriver_softfp.a(uart_reva.o)
                0x10002230                MXC_UART_RevA_GetRXFIFOAvailable
 .text.MXC_UART_RevA_GetTXFIFOAvailable
                0x10002238        0xc C:/MaximSDK/Libraries/PeriphDrivers/bin/MAX32665/softfp/libPeriphDriver_softfp.a(uart_reva.o)
                0x10002238                MXC_UART_RevA_GetTXFIFOAvailable
 .text.MXC_UART_RevA_SetRXThreshold
                0x10002244       0x1e C:/MaximSDK/Libraries/PeriphDrivers/bin/MAX32665/softfp/libPeriphDriver_softfp.a(uart_reva.o)
                0x10002244                MXC_UART_RevA_SetRXThreshold
 .text.MXC_UART_RevA_SetTXThreshold
                0x10002262       0x20 C:/MaximSDK/Libraries/PeriphDrivers/bin/MAX32665/softfp/libPeriphDriver_softfp.a(uart_reva.o)
                0x10002262                MXC_UART_RevA_SetTXThreshold
 .text.MXC_GetLock
                0x10002282       0x1c C:/MaximSDK/Libraries/PeriphDrivers/bin/MAX32665/softfp/libPeriphDriver_softfp.a(mxc_lock.o)
                0x10002282                MXC_GetLock
 .text.MXC_FreeLock
                0x1000229e        0xa C:/MaximSDK/Libraries/PeriphDrivers/bin/MAX32665/softfp/libPeriphDriver_softfp.a(mxc_lock.o)
                0x1000229e                MXC_FreeLock
 .text.MXC_GPIO_Common_Handler
                0x100022a8       0x78 C:/MaximSDK/Libraries/PeriphDrivers/bin/MAX32665/softfp/libPeriphDriver_softfp.a(gpio_common.o)
                0x100022a8                MXC_GPIO_Common_Handler
 .text.MXC_UART_Common_ReadCharacter
                0x10002320       0x16 C:/MaximSDK/Libraries/PeriphDrivers/bin/MAX32665/softfp/libPeriphDriver_softfp.a(uart_common.o)
                0x10002320                MXC_UART_Common_ReadCharacter
 .text.MXC_UART_Common_WriteCharacter
                0x10002336       0x1a C:/MaximSDK/Libraries/PeriphDrivers/bin/MAX32665/softfp/libPeriphDriver_softfp.a(uart_common.o)
                0x10002336                MXC_UART_Common_WriteCharacter
 .text.__errno  0x10002350        0xc c:/maximsdk/tools/gnutools/10.3/bin/../lib/gcc/arm-none-eabi/10.3.1/../../../../arm-none-eabi/lib/thumb/v7e-m+fp/softfp\libc.a(lib_a-errno.o)
                0x10002350                __errno
 .text.__libc_init_array
                0x1000235c       0x48 c:/maximsdk/tools/gnutools/10.3/bin/../lib/gcc/arm-none-eabi/10.3.1/../../../../arm-none-eabi/lib/thumb/v7e-m+fp/softfp\libc.a(lib_a-init.o)
                0x1000235c                __libc_init_array
 .text.memcmp   0x100023a4       0x64 c:/maximsdk/tools/gnutools/10.3/bin/../lib/gcc/arm-none-eabi/10.3.1/../../../../arm-none-eabi/lib/thumb/v7e-m+fp/softfp\libc.a(lib_a-memcmp.o)
                0x100023a4                memcmp
 .text          0x10002408      0x134 c:/maximsdk/tools/gnutools/10.3/bin/../lib/gcc/arm-none-eabi/10.3.1/../../../../arm-none-eabi/lib/thumb/v7e-m+fp/softfp\libc.a(lib_a-memcpy.o)
                0x10002408                memcpy
 .text.memset   0x1000253c       0xa4 c:/maximsdk/tools/gnutools/10.3/bin/../lib/gcc/arm-none-eabi/10.3.1/../../../../arm-none-eabi/lib/thumb/v7e-m+fp/softfp\libc.a(lib_a-memset.o)
                0x1000253c                memset
 .text.printf   0x100025e0       0x28 c:/maximsdk/tools/gnutools/10.3/bin/../lib/gcc/arm-none-eabi/10.3.1/../../../../arm-none-eabi/lib/thumb/v7e-m+fp/softfp\libc.a(lib_a-printf.o)
                0x100025e0                printf
 .text.putchar  0x10002608       0x10 c:/maximsdk/tools/gnutools/10.3/bin/../lib/gcc/arm-none-eabi/10.3.1/../../../../arm-none-eabi/lib/thumb/v7e-m+fp/softfp\libc.a(lib_a-putchar.o)
                0x10002608                putchar
 .text._puts_r  0x10002618       0x9c c:/maximsdk/tools/gnutools/10.3/bin/../lib/gcc/arm-none-eabi/10.3.1/../../../../arm-none-eabi/lib/thumb/v7e-m+fp/softfp\libc.a(lib_a-puts.o)
                0x10002618                _puts_r
 .text.puts     0x100026b4       0x10 c:/maximsdk/tools/gnutools/10.3/bin/../lib/gcc/arm-none-eabi/10.3.1/../../../../arm-none-eabi/lib/thumb/v7e-m+fp/softfp\libc.a(lib_a-puts.o)
                0x100026b4                puts
 *fill*         0x100026c4       0x3c 
 .text          0x10002700       0xdc c:/maximsdk/tools/gnutools/10.3/bin/../lib/gcc/arm-none-eabi/10.3.1/../../../../arm-none-eabi/lib/thumb/v7e-m+fp/softfp\libc.a(lib_a-strlen.o)
                0x10002700                strlen
 *fill*         0x100027dc        0x4 
 .text._vfprintf_r
                0x100027e0     0x1b8c c:/maximsdk/tools/gnutools/10.3/bin/../lib/gcc/arm-none-eabi/10.3.1/../../../../arm-none-eabi/lib/thumb/v7e-m+fp/softfp\libc.a(lib_a-vfprintf.o)
                0x100027e0                _vfprintf_r
 .text.__sbprintf
                0x1000436c       0x80 c:/maximsdk/tools/gnutools/10.3/bin/../lib/gcc/arm-none-eabi/10.3.1/../../../../arm-none-eabi/lib/thumb/v7e-m+fp/softfp\libc.a(lib_a-vfprintf.o)
 .text.__swsetup_r
                0x100043ec       0xd4 c:/maximsdk/tools/gnutools/10.3/bin/../lib/gcc/arm-none-eabi/10.3.1/../../../../arm-none-eabi/lib/thumb/v7e-m+fp/softfp\libc.a(lib_a-wsetup.o)
                0x100043ec                __swsetup_r
 .text.startup.register_fini
                0x100044c0       0x14 c:/maximsdk/tools/gnutools/10.3/bin/../lib/gcc/arm-none-eabi/10.3.1/../../../../arm-none-eabi/lib/thumb/v7e-m+fp/softfp\libc.a(lib_a-__call_atexit.o)
 .text.atexit   0x100044d4        0xc c:/maximsdk/tools/gnutools/10.3/bin/../lib/gcc/arm-none-eabi/10.3.1/../../../../arm-none-eabi/lib/thumb/v7e-m+fp/softfp\libc.a(lib_a-atexit.o)
                0x100044d4                atexit
 .text.quorem   0x100044e0      0x128 c:/maximsdk/tools/gnutools/10.3/bin/../lib/gcc/arm-none-eabi/10.3.1/../../../../arm-none-eabi/lib/thumb/v7e-m+fp/softfp\libc.a(lib_a-dtoa.o)
 .text._dtoa_r  0x10004608      0xf34 c:/maximsdk/tools/gnutools/10.3/bin/../lib/gcc/arm-none-eabi/10.3.1/../../../../arm-none-eabi/lib/thumb/v7e-m+fp/softfp\libc.a(lib_a-dtoa.o)
                0x10004608                _dtoa_r
 .text.__sflush_r
                0x1000553c      0x130 c:/maximsdk/tools/gnutools/10.3/bin/../lib/gcc/arm-none-eabi/10.3.1/../../../../arm-none-eabi/lib/thumb/v7e-m+fp/softfp\libc.a(lib_a-fflush.o)
                0x1000553c                __sflush_r
 .text._fflush_r
                0x1000566c       0x5c c:/maximsdk/tools/gnutools/10.3/bin/../lib/gcc/arm-none-eabi/10.3.1/../../../../arm-none-eabi/lib/thumb/v7e-m+fp/softfp\libc.a(lib_a-fflush.o)
                0x1000566c                _fflush_r
 .text._cleanup_r
                0x100056c8        0xc c:/maximsdk/tools/gnutools/10.3/bin/../lib/gcc/arm-none-eabi/10.3.1/../../../../arm-none-eabi/lib/thumb/v7e-m+fp/softfp\libc.a(lib_a-findfp.o)
                0x100056c8                _cleanup_r
 .text.__sinit  0x100056d4      0x10c c:/maximsdk/tools/gnutools/10.3/bin/../lib/gcc/arm-none-eabi/10.3.1/../../../../arm-none-eabi/lib/thumb/v7e-m+fp/softfp\libc.a(lib_a-findfp.o)
                0x100056d4                __sinit
 .text.__sfp_lock_acquire
                0x100057e0        0xc c:/maximsdk/tools/gnutools/10.3/bin/../lib/gcc/arm-none-eabi/10.3.1/../../../../arm-none-eabi/lib/thumb/v7e-m+fp/softfp\libc.a(lib_a-findfp.o)
                0x100057e0                __sfp_lock_acquire
 .text.__sfp_lock_release
                0x100057ec        0xc c:/maximsdk/tools/gnutools/10.3/bin/../lib/gcc/arm-none-eabi/10.3.1/../../../../arm-none-eabi/lib/thumb/v7e-m+fp/softfp\libc.a(lib_a-findfp.o)
                0x100057ec                __sfp_lock_release
 .text.__libc_fini_array
                0x100057f8       0x2c c:/maximsdk/tools/gnutools/10.3/bin/../lib/gcc/arm-none-eabi/10.3.1/../../../../arm-none-eabi/lib/thumb/v7e-m+fp/softfp\libc.a(lib_a-fini.o)
                0x100057f8                __libc_fini_array
 .text._malloc_trim_r
                0x10005824       0xa0 c:/maximsdk/tools/gnutools/10.3/bin/../lib/gcc/arm-none-eabi/10.3.1/../../../../arm-none-eabi/lib/thumb/v7e-m+fp/softfp\libc.a(lib_a-freer.o)
                0x10005824                _malloc_trim_r
 .text._free_r  0x100058c4      0x20c c:/maximsdk/tools/gnutools/10.3/bin/../lib/gcc/arm-none-eabi/10.3.1/../../../../arm-none-eabi/lib/thumb/v7e-m+fp/softfp\libc.a(lib_a-freer.o)
                0x100058c4                _free_r
 .text.__sfvwrite_r
                0x10005ad0      0x2f0 c:/maximsdk/tools/gnutools/10.3/bin/../lib/gcc/arm-none-eabi/10.3.1/../../../../arm-none-eabi/lib/thumb/v7e-m+fp/softfp\libc.a(lib_a-fvwrite.o)
                0x10005ad0                __sfvwrite_r
 .text._fwalk_reent
                0x10005dc0       0x48 c:/maximsdk/tools/gnutools/10.3/bin/../lib/gcc/arm-none-eabi/10.3.1/../../../../arm-none-eabi/lib/thumb/v7e-m+fp/softfp\libc.a(lib_a-fwalk.o)
                0x10005dc0                _fwalk_reent
 .text._localeconv_r
                0x10005e08        0x8 c:/maximsdk/tools/gnutools/10.3/bin/../lib/gcc/arm-none-eabi/10.3.1/../../../../arm-none-eabi/lib/thumb/v7e-m+fp/softfp\libc.a(lib_a-localeconv.o)
                0x10005e08                _localeconv_r
 .text.__retarget_lock_init_recursive
                0x10005e10        0x4 c:/maximsdk/tools/gnutools/10.3/bin/../lib/gcc/arm-none-eabi/10.3.1/../../../../arm-none-eabi/lib/thumb/v7e-m+fp/softfp\libc.a(lib_a-lock.o)
                0x10005e10                __retarget_lock_init_recursive
 .text.__retarget_lock_close_recursive
                0x10005e14        0x4 c:/maximsdk/tools/gnutools/10.3/bin/../lib/gcc/arm-none-eabi/10.3.1/../../../../arm-none-eabi/lib/thumb/v7e-m+fp/softfp\libc.a(lib_a-lock.o)
                0x10005e14                __retarget_lock_close_recursive
 .text.__retarget_lock_acquire_recursive
                0x10005e18        0x4 c:/maximsdk/tools/gnutools/10.3/bin/../lib/gcc/arm-none-eabi/10.3.1/../../../../arm-none-eabi/lib/thumb/v7e-m+fp/softfp\libc.a(lib_a-lock.o)
                0x10005e18                __retarget_lock_acquire_recursive
 .text.__retarget_lock_release_recursive
                0x10005e1c        0x4 c:/maximsdk/tools/gnutools/10.3/bin/../lib/gcc/arm-none-eabi/10.3.1/../../../../arm-none-eabi/lib/thumb/v7e-m+fp/softfp\libc.a(lib_a-lock.o)
                0x10005e1c                __retarget_lock_release_recursive
 .text.__smakebuf_r
                0x10005e20       0xe0 c:/maximsdk/tools/gnutools/10.3/bin/../lib/gcc/arm-none-eabi/10.3.1/../../../../arm-none-eabi/lib/thumb/v7e-m+fp/softfp\libc.a(lib_a-makebuf.o)
                0x10005e20                __smakebuf_r
 .text._malloc_r
                0x10005f00      0x560 c:/maximsdk/tools/gnutools/10.3/bin/../lib/gcc/arm-none-eabi/10.3.1/../../../../arm-none-eabi/lib/thumb/v7e-m+fp/softfp\libc.a(lib_a-mallocr.o)
                0x10005f00                _malloc_r
 .text          0x10006460       0xa0 c:/maximsdk/tools/gnutools/10.3/bin/../lib/gcc/arm-none-eabi/10.3.1/../../../../arm-none-eabi/lib/thumb/v7e-m+fp/softfp\libc.a(lib_a-memchr.o)
                0x10006460                memchr
 .text.memmove  0x10006500       0xf8 c:/maximsdk/tools/gnutools/10.3/bin/../lib/gcc/arm-none-eabi/10.3.1/../../../../arm-none-eabi/lib/thumb/v7e-m+fp/softfp\libc.a(lib_a-memmove.o)
                0x10006500                memmove
 .text.__malloc_lock
                0x100065f8        0xc c:/maximsdk/tools/gnutools/10.3/bin/../lib/gcc/arm-none-eabi/10.3.1/../../../../arm-none-eabi/lib/thumb/v7e-m+fp/softfp\libc.a(lib_a-mlock.o)
                0x100065f8                __malloc_lock
 .text.__malloc_unlock
                0x10006604        0xc c:/maximsdk/tools/gnutools/10.3/bin/../lib/gcc/arm-none-eabi/10.3.1/../../../../arm-none-eabi/lib/thumb/v7e-m+fp/softfp\libc.a(lib_a-mlock.o)
                0x10006604                __malloc_unlock
 .text._Balloc  0x10006610       0x4c c:/maximsdk/tools/gnutools/10.3/bin/../lib/gcc/arm-none-eabi/10.3.1/../../../../arm-none-eabi/lib/thumb/v7e-m+fp/softfp\libc.a(lib_a-mprec.o)
                0x10006610                _Balloc
 .text._Bfree   0x1000665c       0x14 c:/maximsdk/tools/gnutools/10.3/bin/../lib/gcc/arm-none-eabi/10.3.1/../../../../arm-none-eabi/lib/thumb/v7e-m+fp/softfp\libc.a(lib_a-mprec.o)
                0x1000665c                _Bfree
 .text.__multadd
                0x10006670       0xa8 c:/maximsdk/tools/gnutools/10.3/bin/../lib/gcc/arm-none-eabi/10.3.1/../../../../arm-none-eabi/lib/thumb/v7e-m+fp/softfp\libc.a(lib_a-mprec.o)
                0x10006670                __multadd
 .text.__hi0bits
                0x10006718       0x40 c:/maximsdk/tools/gnutools/10.3/bin/../lib/gcc/arm-none-eabi/10.3.1/../../../../arm-none-eabi/lib/thumb/v7e-m+fp/softfp\libc.a(lib_a-mprec.o)
                0x10006718                __hi0bits
 .text.__lo0bits
                0x10006758       0x60 c:/maximsdk/tools/gnutools/10.3/bin/../lib/gcc/arm-none-eabi/10.3.1/../../../../arm-none-eabi/lib/thumb/v7e-m+fp/softfp\libc.a(lib_a-mprec.o)
                0x10006758                __lo0bits
 .text.__i2b    0x100067b8       0x5c c:/maximsdk/tools/gnutools/10.3/bin/../lib/gcc/arm-none-eabi/10.3.1/../../../../arm-none-eabi/lib/thumb/v7e-m+fp/softfp\libc.a(lib_a-mprec.o)
                0x100067b8                __i2b
 .text.__multiply
                0x10006814      0x15c c:/maximsdk/tools/gnutools/10.3/bin/../lib/gcc/arm-none-eabi/10.3.1/../../../../arm-none-eabi/lib/thumb/v7e-m+fp/softfp\libc.a(lib_a-mprec.o)
                0x10006814                __multiply
 .text.__pow5mult
                0x10006970       0xc0 c:/maximsdk/tools/gnutools/10.3/bin/../lib/gcc/arm-none-eabi/10.3.1/../../../../arm-none-eabi/lib/thumb/v7e-m+fp/softfp\libc.a(lib_a-mprec.o)
                0x10006970                __pow5mult
 .text.__lshift
                0x10006a30       0xf0 c:/maximsdk/tools/gnutools/10.3/bin/../lib/gcc/arm-none-eabi/10.3.1/../../../../arm-none-eabi/lib/thumb/v7e-m+fp/softfp\libc.a(lib_a-mprec.o)
                0x10006a30                __lshift
 .text.__mcmp   0x10006b20       0x44 c:/maximsdk/tools/gnutools/10.3/bin/../lib/gcc/arm-none-eabi/10.3.1/../../../../arm-none-eabi/lib/thumb/v7e-m+fp/softfp\libc.a(lib_a-mprec.o)
                0x10006b20                __mcmp
 .text.__mdiff  0x10006b64      0x14c c:/maximsdk/tools/gnutools/10.3/bin/../lib/gcc/arm-none-eabi/10.3.1/../../../../arm-none-eabi/lib/thumb/v7e-m+fp/softfp\libc.a(lib_a-mprec.o)
                0x10006b64                __mdiff
 .text.__d2b    0x10006cb0       0xc4 c:/maximsdk/tools/gnutools/10.3/bin/../lib/gcc/arm-none-eabi/10.3.1/../../../../arm-none-eabi/lib/thumb/v7e-m+fp/softfp\libc.a(lib_a-mprec.o)
                0x10006cb0                __d2b
 .text._putc_r  0x10006d74       0x74 c:/maximsdk/tools/gnutools/10.3/bin/../lib/gcc/arm-none-eabi/10.3.1/../../../../arm-none-eabi/lib/thumb/v7e-m+fp/softfp\libc.a(lib_a-putc.o)
                0x10006d74                _putc_r
 .text._realloc_r
                0x10006de8      0x3d8 c:/maximsdk/tools/gnutools/10.3/bin/../lib/gcc/arm-none-eabi/10.3.1/../../../../arm-none-eabi/lib/thumb/v7e-m+fp/softfp\libc.a(lib_a-reallocr.o)
                0x10006de8                _realloc_r
 .text.frexp    0x100071c0       0x70 c:/maximsdk/tools/gnutools/10.3/bin/../lib/gcc/arm-none-eabi/10.3.1/../../../../arm-none-eabi/lib/thumb/v7e-m+fp/softfp\libc.a(lib_a-s_frexp.o)
                0x100071c0                frexp
 .text._sbrk_r  0x10007230       0x24 c:/maximsdk/tools/gnutools/10.3/bin/../lib/gcc/arm-none-eabi/10.3.1/../../../../arm-none-eabi/lib/thumb/v7e-m+fp/softfp\libc.a(lib_a-sbrkr.o)
                0x10007230                _sbrk_r
 .text.__sread  0x10007254       0x24 c:/maximsdk/tools/gnutools/10.3/bin/../lib/gcc/arm-none-eabi/10.3.1/../../../../arm-none-eabi/lib/thumb/v7e-m+fp/softfp\libc.a(lib_a-stdio.o)
                0x10007254                __sread
 .text.__swrite
                0x10007278       0x40 c:/maximsdk/tools/gnutools/10.3/bin/../lib/gcc/arm-none-eabi/10.3.1/../../../../arm-none-eabi/lib/thumb/v7e-m+fp/softfp\libc.a(lib_a-stdio.o)
                0x10007278                __swrite
 .text.__sseek  0x100072b8       0x20 c:/maximsdk/tools/gnutools/10.3/bin/../lib/gcc/arm-none-eabi/10.3.1/../../../../arm-none-eabi/lib/thumb/v7e-m+fp/softfp\libc.a(lib_a-stdio.o)
                0x100072b8                __sseek
 .text.__sclose
                0x100072d8        0x8 c:/maximsdk/tools/gnutools/10.3/bin/../lib/gcc/arm-none-eabi/10.3.1/../../../../arm-none-eabi/lib/thumb/v7e-m+fp/softfp\libc.a(lib_a-stdio.o)
                0x100072d8                __sclose
 .text.strncpy  0x100072e0       0x64 c:/maximsdk/tools/gnutools/10.3/bin/../lib/gcc/arm-none-eabi/10.3.1/../../../../arm-none-eabi/lib/thumb/v7e-m+fp/softfp\libc.a(lib_a-strncpy.o)
                0x100072e0                strncpy
 .text.__sprint_r.part.0
                0x10007344       0x78 c:/maximsdk/tools/gnutools/10.3/bin/../lib/gcc/arm-none-eabi/10.3.1/../../../../arm-none-eabi/lib/thumb/v7e-m+fp/softfp\libc.a(lib_a-vfiprintf.o)
 .text.__sprint_r
                0x100073bc       0x18 c:/maximsdk/tools/gnutools/10.3/bin/../lib/gcc/arm-none-eabi/10.3.1/../../../../arm-none-eabi/lib/thumb/v7e-m+fp/softfp\libc.a(lib_a-vfiprintf.o)
                0x100073bc                __sprint_r
 .text._vfiprintf_r
                0x100073d4      0xdfc c:/maximsdk/tools/gnutools/10.3/bin/../lib/gcc/arm-none-eabi/10.3.1/../../../../arm-none-eabi/lib/thumb/v7e-m+fp/softfp\libc.a(lib_a-vfiprintf.o)
                0x100073d4                _vfiprintf_r
 .text.__sbprintf
                0x100081d0       0x80 c:/maximsdk/tools/gnutools/10.3/bin/../lib/gcc/arm-none-eabi/10.3.1/../../../../arm-none-eabi/lib/thumb/v7e-m+fp/softfp\libc.a(lib_a-vfiprintf.o)
 .text.__swbuf_r
                0x10008250       0xb0 c:/maximsdk/tools/gnutools/10.3/bin/../lib/gcc/arm-none-eabi/10.3.1/../../../../arm-none-eabi/lib/thumb/v7e-m+fp/softfp\libc.a(lib_a-wbuf.o)
                0x10008250                __swbuf_r
 .text._write_r
                0x10008300       0x2c c:/maximsdk/tools/gnutools/10.3/bin/../lib/gcc/arm-none-eabi/10.3.1/../../../../arm-none-eabi/lib/thumb/v7e-m+fp/softfp\libc.a(lib_a-writer.o)
                0x10008300                _write_r
 .text.__register_exitproc
                0x1000832c       0x8c c:/maximsdk/tools/gnutools/10.3/bin/../lib/gcc/arm-none-eabi/10.3.1/../../../../arm-none-eabi/lib/thumb/v7e-m+fp/softfp\libc.a(lib_a-__atexit.o)
                0x1000832c                __register_exitproc
 .text.__assert_func
                0x100083b8       0x40 c:/maximsdk/tools/gnutools/10.3/bin/../lib/gcc/arm-none-eabi/10.3.1/../../../../arm-none-eabi/lib/thumb/v7e-m+fp/softfp\libc.a(lib_a-assert.o)
                0x100083b8                __assert_func
 .text._calloc_r
                0x100083f8       0x78 c:/maximsdk/tools/gnutools/10.3/bin/../lib/gcc/arm-none-eabi/10.3.1/../../../../arm-none-eabi/lib/thumb/v7e-m+fp/softfp\libc.a(lib_a-callocr.o)
                0x100083f8                _calloc_r
 .text._close_r
                0x10008470       0x24 c:/maximsdk/tools/gnutools/10.3/bin/../lib/gcc/arm-none-eabi/10.3.1/../../../../arm-none-eabi/lib/thumb/v7e-m+fp/softfp\libc.a(lib_a-closer.o)
                0x10008470                _close_r
 .text._fclose_r
                0x10008494       0xcc c:/maximsdk/tools/gnutools/10.3/bin/../lib/gcc/arm-none-eabi/10.3.1/../../../../arm-none-eabi/lib/thumb/v7e-m+fp/softfp\libc.a(lib_a-fclose.o)
                0x10008494                _fclose_r
 .text.fiprintf
                0x10008560       0x28 c:/maximsdk/tools/gnutools/10.3/bin/../lib/gcc/arm-none-eabi/10.3.1/../../../../arm-none-eabi/lib/thumb/v7e-m+fp/softfp\libc.a(lib_a-fiprintf.o)
                0x10008560                fiprintf
 .text.__fputwc
                0x10008588       0xa8 c:/maximsdk/tools/gnutools/10.3/bin/../lib/gcc/arm-none-eabi/10.3.1/../../../../arm-none-eabi/lib/thumb/v7e-m+fp/softfp\libc.a(lib_a-fputwc.o)
                0x10008588                __fputwc
 .text._fputwc_r
                0x10008630       0x68 c:/maximsdk/tools/gnutools/10.3/bin/../lib/gcc/arm-none-eabi/10.3.1/../../../../arm-none-eabi/lib/thumb/v7e-m+fp/softfp\libc.a(lib_a-fputwc.o)
                0x10008630                _fputwc_r
 .text._fstat_r
                0x10008698       0x2c c:/maximsdk/tools/gnutools/10.3/bin/../lib/gcc/arm-none-eabi/10.3.1/../../../../arm-none-eabi/lib/thumb/v7e-m+fp/softfp\libc.a(lib_a-fstatr.o)
                0x10008698                _fstat_r
 .text._isatty_r
                0x100086c4       0x24 c:/maximsdk/tools/gnutools/10.3/bin/../lib/gcc/arm-none-eabi/10.3.1/../../../../arm-none-eabi/lib/thumb/v7e-m+fp/softfp\libc.a(lib_a-isattyr.o)
                0x100086c4                _isatty_r
 .text.__locale_mb_cur_max
                0x100086e8        0xc c:/maximsdk/tools/gnutools/10.3/bin/../lib/gcc/arm-none-eabi/10.3.1/../../../../arm-none-eabi/lib/thumb/v7e-m+fp/softfp\libc.a(lib_a-locale.o)
                0x100086e8                __locale_mb_cur_max
 .text._lseek_r
                0x100086f4       0x2c c:/maximsdk/tools/gnutools/10.3/bin/../lib/gcc/arm-none-eabi/10.3.1/../../../../arm-none-eabi/lib/thumb/v7e-m+fp/softfp\libc.a(lib_a-lseekr.o)
                0x100086f4                _lseek_r
 .text.__ascii_mbtowc
                0x10008720       0x2c c:/maximsdk/tools/gnutools/10.3/bin/../lib/gcc/arm-none-eabi/10.3.1/../../../../arm-none-eabi/lib/thumb/v7e-m+fp/softfp\libc.a(lib_a-mbtowc_r.o)
                0x10008720                __ascii_mbtowc
 .text._read_r  0x1000874c       0x2c c:/maximsdk/tools/gnutools/10.3/bin/../lib/gcc/arm-none-eabi/10.3.1/../../../../arm-none-eabi/lib/thumb/v7e-m+fp/softfp\libc.a(lib_a-readr.o)
                0x1000874c                _read_r
 .text._wcrtomb_r
                0x10008778       0x3c c:/maximsdk/tools/gnutools/10.3/bin/../lib/gcc/arm-none-eabi/10.3.1/../../../../arm-none-eabi/lib/thumb/v7e-m+fp/softfp\libc.a(lib_a-wcrtomb.o)
                0x10008778                _wcrtomb_r
 .text.__ascii_wctomb
                0x100087b4       0x1c c:/maximsdk/tools/gnutools/10.3/bin/../lib/gcc/arm-none-eabi/10.3.1/../../../../arm-none-eabi/lib/thumb/v7e-m+fp/softfp\libc.a(lib_a-wctomb_r.o)
                0x100087b4                __ascii_wctomb
 .text.abort    0x100087d0       0x10 c:/maximsdk/tools/gnutools/10.3/bin/../lib/gcc/arm-none-eabi/10.3.1/../../../../arm-none-eabi/lib/thumb/v7e-m+fp/softfp\libc.a(lib_a-abort.o)
                0x100087d0                abort
 .text.raise    0x100087e0       0x5c c:/maximsdk/tools/gnutools/10.3/bin/../lib/gcc/arm-none-eabi/10.3.1/../../../../arm-none-eabi/lib/thumb/v7e-m+fp/softfp\libc.a(lib_a-signal.o)
                0x100087e0                raise
 .text._kill_r  0x1000883c       0x2c c:/maximsdk/tools/gnutools/10.3/bin/../lib/gcc/arm-none-eabi/10.3.1/../../../../arm-none-eabi/lib/thumb/v7e-m+fp/softfp\libc.a(lib_a-signalr.o)
                0x1000883c                _kill_r
 .text._getpid_r
                0x10008868        0x4 c:/maximsdk/tools/gnutools/10.3/bin/../lib/gcc/arm-none-eabi/10.3.1/../../../../arm-none-eabi/lib/thumb/v7e-m+fp/softfp\libc.a(lib_a-signalr.o)
                0x10008868                _getpid_r
 .text._exit    0x1000886c        0x4 c:/maximsdk/tools/gnutools/10.3/bin/../lib/gcc/arm-none-eabi/10.3.1/../../../../arm-none-eabi/lib/thumb/v7e-m+fp/softfp\libnosys.a(_exit.o)
                0x1000886c                _exit
 .text          0x10008870      0x378 c:/maximsdk/tools/gnutools/10.3/bin/../lib/gcc/arm-none-eabi/10.3.1/thumb/v7e-m+fp/softfp\libgcc.a(_arm_addsubdf3.o)
                0x10008870                __aeabi_drsub
                0x10008878                __aeabi_dsub
                0x10008878                __subdf3
                0x1000887c                __aeabi_dadd
                0x1000887c                __adddf3
                0x10008af4                __floatunsidf
                0x10008af4                __aeabi_ui2d
                0x10008b14                __floatsidf
                0x10008b14                __aeabi_i2d
                0x10008b38                __aeabi_f2d
                0x10008b38                __extendsfdf2
                0x10008b7c                __floatundidf
                0x10008b7c                __aeabi_ul2d
                0x10008b8c                __floatdidf
                0x10008b8c                __aeabi_l2d
 .text          0x10008be8      0x424 c:/maximsdk/tools/gnutools/10.3/bin/../lib/gcc/arm-none-eabi/10.3.1/thumb/v7e-m+fp/softfp\libgcc.a(_arm_muldivdf3.o)
                0x10008be8                __aeabi_dmul
                0x10008be8                __muldf3
                0x10008e3c                __divdf3
                0x10008e3c                __aeabi_ddiv
 .text          0x1000900c      0x110 c:/maximsdk/tools/gnutools/10.3/bin/../lib/gcc/arm-none-eabi/10.3.1/thumb/v7e-m+fp/softfp\libgcc.a(_arm_cmpdf2.o)
                0x1000900c                __gtdf2
                0x1000900c                __gedf2
                0x10009014                __ltdf2
                0x10009014                __ledf2
                0x1000901c                __nedf2
                0x1000901c                __eqdf2
                0x1000901c                __cmpdf2
                0x10009098                __aeabi_cdrcmple
                0x100090a8                __aeabi_cdcmpeq
                0x100090a8                __aeabi_cdcmple
                0x100090b8                __aeabi_dcmpeq
                0x100090cc                __aeabi_dcmplt
                0x100090e0                __aeabi_dcmple
                0x100090f4                __aeabi_dcmpge
                0x10009108                __aeabi_dcmpgt
 .text          0x1000911c       0x2c c:/maximsdk/tools/gnutools/10.3/bin/../lib/gcc/arm-none-eabi/10.3.1/thumb/v7e-m+fp/softfp\libgcc.a(_arm_unorddf2.o)
                0x1000911c                __unorddf2
                0x1000911c                __aeabi_dcmpun
 .text          0x10009148       0x50 c:/maximsdk/tools/gnutools/10.3/bin/../lib/gcc/arm-none-eabi/10.3.1/thumb/v7e-m+fp/softfp\libgcc.a(_arm_fixdfsi.o)
                0x10009148                __aeabi_d2iz
                0x10009148                __fixdfsi
 .text          0x10009198       0x30 c:/maximsdk/tools/gnutools/10.3/bin/../lib/gcc/arm-none-eabi/10.3.1/thumb/v7e-m+fp/softfp\libgcc.a(_aeabi_uldivmod.o)
                0x10009198                __aeabi_uldivmod
 .text          0x100091c8      0x2d0 c:/maximsdk/tools/gnutools/10.3/bin/../lib/gcc/arm-none-eabi/10.3.1/thumb/v7e-m+fp/softfp\libgcc.a(_udivmoddi4.o)
                0x100091c8                __udivmoddi4
 .text          0x10009498        0x4 c:/maximsdk/tools/gnutools/10.3/bin/../lib/gcc/arm-none-eabi/10.3.1/thumb/v7e-m+fp/softfp\libgcc.a(_dvmd_tls.o)
                0x10009498                __aeabi_idiv0
                0x10009498                __aeabi_ldiv0
 *(.rodata*)
 .rodata.Ext_Flash_Unprotect_StatusRegister.str1.4
                0x1000949c        0x3 c:/Users/ptcha/OneDrive/Documents/GitHub/CodePlayGround/SPIXF/build/Ext_Flash.o
 *fill*         0x1000949f        0x1 
 .rodata        0x100094a0        0x3 c:/Users/ptcha/OneDrive/Documents/GitHub/CodePlayGround/SPIXF/build/Ext_Flash.o
 *fill*         0x100094a3        0x1 
 .rodata.main.str1.4
                0x100094a4      0x657 c:/Users/ptcha/OneDrive/Documents/GitHub/CodePlayGround/SPIXF/build/main.o
                                0x65b (size before relaxing)
 *fill*         0x10009afb        0x1 
 .rodata        0x10009afc       0x10 c:/Users/ptcha/OneDrive/Documents/GitHub/CodePlayGround/SPIXF/build/main.o
 .rodata.mxc_assert.str1.4
                0x10009b0c       0x19 c:/Users/ptcha/OneDrive/Documents/GitHub/CodePlayGround/SPIXF/build/board.o
 *fill*         0x10009b25        0x3 
 .rodata.Board_Init.str1.4
                0x10009b28       0x41 c:/Users/ptcha/OneDrive/Documents/GitHub/CodePlayGround/SPIXF/build/board.o
 *fill*         0x10009b69        0x3 
 .rodata.led_pin
                0x10009b6c       0x24 c:/Users/ptcha/OneDrive/Documents/GitHub/CodePlayGround/SPIXF/build/board.o
                0x10009b6c                led_pin
 .rodata.num_leds
                0x10009b90        0x4 c:/Users/ptcha/OneDrive/Documents/GitHub/CodePlayGround/SPIXF/build/board.o
                0x10009b90                num_leds
 .rodata.num_pbs
                0x10009b94        0x4 c:/Users/ptcha/OneDrive/Documents/GitHub/CodePlayGround/SPIXF/build/board.o
                0x10009b94                num_pbs
 .rodata.pb_pin
                0x10009b98        0xc c:/Users/ptcha/OneDrive/Documents/GitHub/CodePlayGround/SPIXF/build/board.o
                0x10009b98                pb_pin
 .rodata.LED_On.str1.4
                0x10009ba4       0x3b c:/Users/ptcha/OneDrive/Documents/GitHub/CodePlayGround/SPIXF/build/led.o
 *fill*         0x10009bdf        0x1 
 .rodata.MXC_SPIXF_RevA_SetCmdWidth.str1.4
                0x10009be0       0x62 C:/MaximSDK/Libraries/PeriphDrivers/bin/MAX32665/softfp/libPeriphDriver_softfp.a(spixf_reva.o)
 *fill*         0x10009c42        0x2 
 .rodata.MXC_SPIXF_RevA_Clocks.str1.4
                0x10009c44       0x21 C:/MaximSDK/Libraries/PeriphDrivers/bin/MAX32665/softfp/libPeriphDriver_softfp.a(spixf_reva.o)
 *fill*         0x10009c65        0x3 
 .rodata.MXC_SPIXF_RevA_Transaction.str1.4
                0x10009c68       0x3d C:/MaximSDK/Libraries/PeriphDrivers/bin/MAX32665/softfp/libPeriphDriver_softfp.a(spixf_reva.o)
 *fill*         0x10009ca5        0x3 
 .rodata.MXC_UART_RevA_Init.str1.4
                0x10009ca8       0x77 C:/MaximSDK/Libraries/PeriphDrivers/bin/MAX32665/softfp/libPeriphDriver_softfp.a(uart_reva.o)
 *fill*         0x10009d1f        0x1 
 .rodata.gpio_cfg_spixfc
                0x10009d20        0xc C:/MaximSDK/Libraries/PeriphDrivers/bin/MAX32665/softfp/libPeriphDriver_softfp.a(pins_me14.o)
                0x10009d20                gpio_cfg_spixfc
 .rodata.gpio_cfg_uart0a
                0x10009d2c        0xc C:/MaximSDK/Libraries/PeriphDrivers/bin/MAX32665/softfp/libPeriphDriver_softfp.a(pins_me14.o)
                0x10009d2c                gpio_cfg_uart0a
 .rodata.gpio_cfg_uart0b
                0x10009d38        0xc C:/MaximSDK/Libraries/PeriphDrivers/bin/MAX32665/softfp/libPeriphDriver_softfp.a(pins_me14.o)
                0x10009d38                gpio_cfg_uart0b
 .rodata.gpio_cfg_uart1a
                0x10009d44        0xc C:/MaximSDK/Libraries/PeriphDrivers/bin/MAX32665/softfp/libPeriphDriver_softfp.a(pins_me14.o)
                0x10009d44                gpio_cfg_uart1a
 .rodata.gpio_cfg_uart1b
                0x10009d50        0xc C:/MaximSDK/Libraries/PeriphDrivers/bin/MAX32665/softfp/libPeriphDriver_softfp.a(pins_me14.o)
                0x10009d50                gpio_cfg_uart1b
 .rodata.gpio_cfg_uart2a
                0x10009d5c        0xc C:/MaximSDK/Libraries/PeriphDrivers/bin/MAX32665/softfp/libPeriphDriver_softfp.a(pins_me14.o)
                0x10009d5c                gpio_cfg_uart2a
 .rodata.gpio_cfg_uart2b
                0x10009d68        0xc C:/MaximSDK/Libraries/PeriphDrivers/bin/MAX32665/softfp/libPeriphDriver_softfp.a(pins_me14.o)
                0x10009d68                gpio_cfg_uart2b
 .rodata.MXC_GPIO_Common_Handler.str1.4
                0x10009d74       0x66 C:/MaximSDK/Libraries/PeriphDrivers/bin/MAX32665/softfp/libPeriphDriver_softfp.a(gpio_common.o)
 *fill*         0x10009dda        0x2 
 .rodata._global_impure_ptr
                0x10009ddc        0x4 c:/maximsdk/tools/gnutools/10.3/bin/../lib/gcc/arm-none-eabi/10.3.1/../../../../arm-none-eabi/lib/thumb/v7e-m+fp/softfp\libc.a(lib_a-impure.o)
                0x10009ddc                _global_impure_ptr
 .rodata._puts_r.str1.4
                0x10009de0        0x2 c:/maximsdk/tools/gnutools/10.3/bin/../lib/gcc/arm-none-eabi/10.3.1/../../../../arm-none-eabi/lib/thumb/v7e-m+fp/softfp\libc.a(lib_a-puts.o)
 .rodata._vfprintf_r.str1.4
                0x10009de0       0x42 c:/maximsdk/tools/gnutools/10.3/bin/../lib/gcc/arm-none-eabi/10.3.1/../../../../arm-none-eabi/lib/thumb/v7e-m+fp/softfp\libc.a(lib_a-vfprintf.o)
 *fill*         0x10009e22        0x2 
 .rodata.blanks.1
                0x10009e24       0x10 c:/maximsdk/tools/gnutools/10.3/bin/../lib/gcc/arm-none-eabi/10.3.1/../../../../arm-none-eabi/lib/thumb/v7e-m+fp/softfp\libc.a(lib_a-vfprintf.o)
 .rodata.zeroes.0
                0x10009e34       0x10 c:/maximsdk/tools/gnutools/10.3/bin/../lib/gcc/arm-none-eabi/10.3.1/../../../../arm-none-eabi/lib/thumb/v7e-m+fp/softfp\libc.a(lib_a-vfprintf.o)
 .rodata._dtoa_r.str1.4
                0x10009e44       0xa2 c:/maximsdk/tools/gnutools/10.3/bin/../lib/gcc/arm-none-eabi/10.3.1/../../../../arm-none-eabi/lib/thumb/v7e-m+fp/softfp\libc.a(lib_a-dtoa.o)
                                 0xa6 (size before relaxing)
 *fill*         0x10009ee6        0x2 
 .rodata.__multadd.str1.4
                0x10009ee8       0x7f c:/maximsdk/tools/gnutools/10.3/bin/../lib/gcc/arm-none-eabi/10.3.1/../../../../arm-none-eabi/lib/thumb/v7e-m+fp/softfp\libc.a(lib_a-mprec.o)
                                 0x93 (size before relaxing)
 *fill*         0x10009f67        0x1 
 .rodata.__mprec_bigtens
                0x10009f68       0x28 c:/maximsdk/tools/gnutools/10.3/bin/../lib/gcc/arm-none-eabi/10.3.1/../../../../arm-none-eabi/lib/thumb/v7e-m+fp/softfp\libc.a(lib_a-mprec.o)
                0x10009f68                __mprec_bigtens
 .rodata.__mprec_tens
                0x10009f90       0xc8 c:/maximsdk/tools/gnutools/10.3/bin/../lib/gcc/arm-none-eabi/10.3.1/../../../../arm-none-eabi/lib/thumb/v7e-m+fp/softfp\libc.a(lib_a-mprec.o)
                0x10009f90                __mprec_tens
 .rodata.p05.0  0x1000a058        0xc c:/maximsdk/tools/gnutools/10.3/bin/../lib/gcc/arm-none-eabi/10.3.1/../../../../arm-none-eabi/lib/thumb/v7e-m+fp/softfp\libc.a(lib_a-mprec.o)
 .rodata._vfiprintf_r.str1.4
                0x1000a064       0x2f c:/maximsdk/tools/gnutools/10.3/bin/../lib/gcc/arm-none-eabi/10.3.1/../../../../arm-none-eabi/lib/thumb/v7e-m+fp/softfp\libc.a(lib_a-vfiprintf.o)
 .rodata.blanks.1
                0x1000a064       0x10 c:/maximsdk/tools/gnutools/10.3/bin/../lib/gcc/arm-none-eabi/10.3.1/../../../../arm-none-eabi/lib/thumb/v7e-m+fp/softfp\libc.a(lib_a-vfiprintf.o)
 .rodata.zeroes.0
                0x1000a074       0x10 c:/maximsdk/tools/gnutools/10.3/bin/../lib/gcc/arm-none-eabi/10.3.1/../../../../arm-none-eabi/lib/thumb/v7e-m+fp/softfp\libc.a(lib_a-vfiprintf.o)
 .rodata.__assert_func.str1.4
                0x1000a084       0x3f c:/maximsdk/tools/gnutools/10.3/bin/../lib/gcc/arm-none-eabi/10.3.1/../../../../arm-none-eabi/lib/thumb/v7e-m+fp/softfp\libc.a(lib_a-assert.o)
                                 0x43 (size before relaxing)
 *fill*         0x1000a0c3        0x1 
 .rodata._setlocale_r.str1.4
                0x1000a0c4        0xa c:/maximsdk/tools/gnutools/10.3/bin/../lib/gcc/arm-none-eabi/10.3.1/../../../../arm-none-eabi/lib/thumb/v7e-m+fp/softfp\libc.a(lib_a-locale.o)
                                  0xd (size before relaxing)
 .rodata.str1.4
                0x1000a0ce        0xa c:/maximsdk/tools/gnutools/10.3/bin/../lib/gcc/arm-none-eabi/10.3.1/../../../../arm-none-eabi/lib/thumb/v7e-m+fp/softfp\libc.a(lib_a-locale.o)
                                  0x2 (size before relaxing)
 *fill*         0x1000a0ce        0x2 
 .rodata._ctype_
                0x1000a0d0      0x101 c:/maximsdk/tools/gnutools/10.3/bin/../lib/gcc/arm-none-eabi/10.3.1/../../../../arm-none-eabi/lib/thumb/v7e-m+fp/softfp\libc.a(lib_a-ctype_.o)
                0x1000a0d0                _ctype_
 *(.init)
 *fill*         0x1000a1d1        0x3 
 .init          0x1000a1d4        0x4 c:/maximsdk/tools/gnutools/10.3/bin/../lib/gcc/arm-none-eabi/10.3.1/thumb/v7e-m+fp/softfp/crti.o
                0x1000a1d4                _init
 .init          0x1000a1d8        0x8 c:/maximsdk/tools/gnutools/10.3/bin/../lib/gcc/arm-none-eabi/10.3.1/thumb/v7e-m+fp/softfp/crtn.o
 *(.fini)
 .fini          0x1000a1e0        0x4 c:/maximsdk/tools/gnutools/10.3/bin/../lib/gcc/arm-none-eabi/10.3.1/thumb/v7e-m+fp/softfp/crti.o
                0x1000a1e0                _fini
 .fini          0x1000a1e4        0x8 c:/maximsdk/tools/gnutools/10.3/bin/../lib/gcc/arm-none-eabi/10.3.1/thumb/v7e-m+fp/softfp/crtn.o
 *crtbegin.o(.ctors)
 *crtbegin?.o(.ctors)
 *(EXCLUDE_FILE(*crtend.o *crtend?.o) .ctors)
 *(SORT_BY_NAME(.ctors.*))
 *(.ctors)
 *crtbegin.o(.dtors)
 *crtbegin?.o(.dtors)
 *(EXCLUDE_FILE(*crtend.o *crtend?.o) .dtors)
 *(SORT_BY_NAME(.dtors.*))
 *(.dtors)
 *(.eh_frame*)
 .eh_frame      0x1000a1ec        0x0 c:/maximsdk/tools/gnutools/10.3/bin/../lib/gcc/arm-none-eabi/10.3.1/thumb/v7e-m+fp/softfp/crtbegin.o
 .eh_frame      0x1000a1ec        0x4 c:/maximsdk/tools/gnutools/10.3/bin/../lib/gcc/arm-none-eabi/10.3.1/thumb/v7e-m+fp/softfp/crtend.o
                0x1000a1f0                _etext = .

.glue_7         0x1000a1f0        0x0
 .glue_7        0x1000a1f0        0x0 linker stubs

.glue_7t        0x1000a1f0        0x0
 .glue_7t       0x1000a1f0        0x0 linker stubs

.vfp11_veneer   0x1000a1f0        0x0
 .vfp11_veneer  0x1000a1f0        0x0 linker stubs

.v4_bx          0x1000a1f0        0x0
 .v4_bx         0x1000a1f0        0x0 linker stubs

.iplt           0x1000a1f0        0x0
 .iplt          0x1000a1f0        0x0 c:/maximsdk/tools/gnutools/10.3/bin/../lib/gcc/arm-none-eabi/10.3.1/thumb/v7e-m+fp/softfp/crtbegin.o

.ARM.extab
 *(.ARM.extab* .gnu.linkonce.armextab.*)

.xip_section    0x08000000       0x54 load address 0x1000a1f0
 *(.xip_section*)
 .xip_section   0x08000000       0x54 c:/Users/ptcha/OneDrive/Documents/GitHub/CodePlayGround/SPIXF/build/ramfunc.o
                0x08000000                xip_function
                0x1000a1f0                __load_start_xip = LOADADDR (.xip_section)
                0x00000054                __load_length_xip = SIZEOF (.xip_section)

.ARM.exidx      0x1000a244        0x8
                0x1000a244                __exidx_start = .
 *(.ARM.exidx* .gnu.linkonce.armexidx.*)
 .ARM.exidx     0x1000a244        0x8 c:/maximsdk/tools/gnutools/10.3/bin/../lib/gcc/arm-none-eabi/10.3.1/thumb/v7e-m+fp/softfp\libgcc.a(_udivmoddi4.o)
                0x1000a24c                __exidx_end = .

.rel.dyn        0x1000a24c        0x0
 .rel.iplt      0x1000a24c        0x0 c:/maximsdk/tools/gnutools/10.3/bin/../lib/gcc/arm-none-eabi/10.3.1/thumb/v7e-m+fp/softfp/crtbegin.o

.data           0x20000000      0x9c4 load address 0x1000a24c
                0x20000000                _data = ALIGN (., 0x4)
 *(vtable)
 *(.data*)
 .data.ConsoleUart
                0x20000000        0x4 c:/Users/ptcha/OneDrive/Documents/GitHub/CodePlayGround/SPIXF/build/board.o
                0x20000000                ConsoleUart
 .data.SystemCoreClock
                0x20000004        0x4 c:/Users/ptcha/OneDrive/Documents/GitHub/CodePlayGround/SPIXF/build/system_max32665.o
                0x20000004                SystemCoreClock
 .data.overflows
                0x20000008        0x4 C:/MaximSDK/Libraries/PeriphDrivers/bin/MAX32665/softfp/libPeriphDriver_softfp.a(mxc_delay.o)
 .data._impure_ptr
                0x2000000c        0x4 c:/maximsdk/tools/gnutools/10.3/bin/../lib/gcc/arm-none-eabi/10.3.1/../../../../arm-none-eabi/lib/thumb/v7e-m+fp/softfp\libc.a(lib_a-impure.o)
                0x2000000c                _impure_ptr
 .data.impure_data
                0x20000010      0x428 c:/maximsdk/tools/gnutools/10.3/bin/../lib/gcc/arm-none-eabi/10.3.1/../../../../arm-none-eabi/lib/thumb/v7e-m+fp/softfp\libc.a(lib_a-impure.o)
 .data.__atexit_recursive_mutex
                0x20000438        0x4 c:/maximsdk/tools/gnutools/10.3/bin/../lib/gcc/arm-none-eabi/10.3.1/../../../../arm-none-eabi/lib/thumb/v7e-m+fp/softfp\libc.a(lib_a-__call_atexit.o)
                0x20000438                __atexit_recursive_mutex
 .data.__malloc_av_
                0x2000043c      0x408 c:/maximsdk/tools/gnutools/10.3/bin/../lib/gcc/arm-none-eabi/10.3.1/../../../../arm-none-eabi/lib/thumb/v7e-m+fp/softfp\libc.a(lib_a-mallocr.o)
                0x2000043c                __malloc_av_
 .data.__malloc_sbrk_base
                0x20000844        0x4 c:/maximsdk/tools/gnutools/10.3/bin/../lib/gcc/arm-none-eabi/10.3.1/../../../../arm-none-eabi/lib/thumb/v7e-m+fp/softfp\libc.a(lib_a-mallocr.o)
                0x20000844                __malloc_sbrk_base
 .data.__malloc_trim_threshold
                0x20000848        0x4 c:/maximsdk/tools/gnutools/10.3/bin/../lib/gcc/arm-none-eabi/10.3.1/../../../../arm-none-eabi/lib/thumb/v7e-m+fp/softfp\libc.a(lib_a-mallocr.o)
                0x20000848                __malloc_trim_threshold
 .data.__global_locale
                0x2000084c      0x16c c:/maximsdk/tools/gnutools/10.3/bin/../lib/gcc/arm-none-eabi/10.3.1/../../../../arm-none-eabi/lib/thumb/v7e-m+fp/softfp\libc.a(lib_a-locale.o)
                0x2000084c                __global_locale
 *(.spix_config*)
 *(.flashprog*)
                0x200009b8                . = ALIGN (0x4)
                0x200009b8                PROVIDE (__preinit_array_start = .)
 *(.preinit_array)
                0x200009b8                PROVIDE (__preinit_array_end = .)
                0x200009b8                . = ALIGN (0x4)
                0x200009b8                PROVIDE (__init_array_start = .)
 *(SORT_BY_NAME(.init_array.*))
 .init_array.00000
                0x200009b8        0x4 c:/maximsdk/tools/gnutools/10.3/bin/../lib/gcc/arm-none-eabi/10.3.1/../../../../arm-none-eabi/lib/thumb/v7e-m+fp/softfp\libc.a(lib_a-__call_atexit.o)
 *(.init_array)
 .init_array    0x200009bc        0x4 c:/maximsdk/tools/gnutools/10.3/bin/../lib/gcc/arm-none-eabi/10.3.1/thumb/v7e-m+fp/softfp/crtbegin.o
                0x200009c0                PROVIDE (__init_array_end = .)
                0x200009c0                . = ALIGN (0x4)
                0x200009c0                PROVIDE (__fini_array_start = .)
 *(SORT_BY_NAME(.fini_array.*))
 *(.fini_array)
 .fini_array    0x200009c0        0x4 c:/maximsdk/tools/gnutools/10.3/bin/../lib/gcc/arm-none-eabi/10.3.1/thumb/v7e-m+fp/softfp/crtbegin.o
                0x200009c4                PROVIDE (__fini_array_end = .)
                0x200009c4                _edata = ALIGN (., 0x4)
                0x1000a24c                __load_data = LOADADDR (.data)

.igot.plt       0x200009c4        0x0 load address 0x1000ac10
 .igot.plt      0x200009c4        0x0 c:/maximsdk/tools/gnutools/10.3/bin/../lib/gcc/arm-none-eabi/10.3.1/thumb/v7e-m+fp/softfp/crtbegin.o

.pal_nvm_db     0x10100000        0x0
                0x10100000                . = ALIGN (0x2000)
                0x10100000                __pal_nvm_db_start__ = .
                0x10100000                . = (. + _PAL_NVM_SIZE)
                0x10100000                __pal_nvm_db_end__ = .

.otp            0x20000000        0x0
                0x20000000                _otp = ALIGN (., 0x4)
 *(.otp*)
                0x20000000                _eotp = ALIGN (., 0x4)

.arm_shared     0x20000000        0x0
                0x20000000                _arm_shared = ALIGN (., 0x4)
 *(.arm_shared*)
                0x20000000                _earm_shared = ALIGN (., 0x4)

.sdma_shared    0x20000000        0x0
                0x20000000                _sdma_shared = ALIGN (., 0x4)
 *(.sdma_shared*)
                0x20000000                _esdma_shared = ALIGN (., 0x4)

.sdma_code      0x20000000        0x0 load address 0x1000ac10
                0x20000000                _sdma_code = ALIGN (., 0x4)
 *(.sdma_code*)
                0x20000000                _esdma_code = ALIGN (., 0x4)
                0x1000ac10                __load_sdma_code = LOADADDR (.sdma_code)

.sdma_data      0x20000000        0x0 load address 0x1000ac10
                0x20000000                _sdma_data = ALIGN (., 0x4)
 *(.sdma_data*)
                0x20000000                _esdma_data = ALIGN (., 0x4)
                0x1000ac10                __load_sdma_data = LOADADDR (.sdma_data)

.bss            0x200009c4      0x2cc
                0x200009c4                . = ALIGN (0x4)
                0x200009c4                _bss = .
 *(.bss*)
 .bss           0x200009c4       0x1c c:/maximsdk/tools/gnutools/10.3/bin/../lib/gcc/arm-none-eabi/10.3.1/thumb/v7e-m+fp/softfp/crtbegin.o
 .bss.g_cfg     0x200009e0       0x10 c:/Users/ptcha/OneDrive/Documents/GitHub/CodePlayGround/SPIXF/build/Ext_Flash.o
 .bss.g_is_configured
                0x200009f0        0x1 c:/Users/ptcha/OneDrive/Documents/GitHub/CodePlayGround/SPIXF/build/Ext_Flash.o
 *fill*         0x200009f1        0x3 
 .bss.heap_end  0x200009f4        0x4 c:/Users/ptcha/OneDrive/Documents/GitHub/CodePlayGround/SPIXF/build/heap.o
 .bss.cbFunc    0x200009f8        0x4 C:/MaximSDK/Libraries/PeriphDrivers/bin/MAX32665/softfp/libPeriphDriver_softfp.a(mxc_delay.o)
 .bss.ctrl_save
                0x200009fc        0x4 C:/MaximSDK/Libraries/PeriphDrivers/bin/MAX32665/softfp/libPeriphDriver_softfp.a(mxc_delay.o)
 .bss.endtick   0x20000a00        0x4 C:/MaximSDK/Libraries/PeriphDrivers/bin/MAX32665/softfp/libPeriphDriver_softfp.a(mxc_delay.o)
 .bss.states    0x20000a04        0x8 C:/MaximSDK/Libraries/PeriphDrivers/bin/MAX32665/softfp/libPeriphDriver_softfp.a(spixf_reva.o)
 .bss.states    0x20000a0c       0x3c C:/MaximSDK/Libraries/PeriphDrivers/bin/MAX32665/softfp/libPeriphDriver_softfp.a(uart_reva.o)
                0x20000a0c                states
 .bss.callback  0x20000a48      0x100 C:/MaximSDK/Libraries/PeriphDrivers/bin/MAX32665/softfp/libPeriphDriver_softfp.a(gpio_common.o)
 .bss.cbparam   0x20000b48      0x100 C:/MaximSDK/Libraries/PeriphDrivers/bin/MAX32665/softfp/libPeriphDriver_softfp.a(gpio_common.o)
 .bss.__lock___atexit_recursive_mutex
                0x20000c48        0x1 c:/maximsdk/tools/gnutools/10.3/bin/../lib/gcc/arm-none-eabi/10.3.1/../../../../arm-none-eabi/lib/thumb/v7e-m+fp/softfp\libc.a(lib_a-lock.o)
                0x20000c48                __lock___atexit_recursive_mutex
 *fill*         0x20000c49        0x3 
 .bss.__lock___malloc_recursive_mutex
                0x20000c4c        0x1 c:/maximsdk/tools/gnutools/10.3/bin/../lib/gcc/arm-none-eabi/10.3.1/../../../../arm-none-eabi/lib/thumb/v7e-m+fp/softfp\libc.a(lib_a-lock.o)
                0x20000c4c                __lock___malloc_recursive_mutex
 *fill*         0x20000c4d        0x3 
 .bss.__lock___sfp_recursive_mutex
                0x20000c50        0x1 c:/maximsdk/tools/gnutools/10.3/bin/../lib/gcc/arm-none-eabi/10.3.1/../../../../arm-none-eabi/lib/thumb/v7e-m+fp/softfp\libc.a(lib_a-lock.o)
                0x20000c50                __lock___sfp_recursive_mutex
 *fill*         0x20000c51        0x3 
 .bss.__lock___sinit_recursive_mutex
                0x20000c54        0x1 c:/maximsdk/tools/gnutools/10.3/bin/../lib/gcc/arm-none-eabi/10.3.1/../../../../arm-none-eabi/lib/thumb/v7e-m+fp/softfp\libc.a(lib_a-lock.o)
                0x20000c54                __lock___sinit_recursive_mutex
 *fill*         0x20000c55        0x3 
 .bss.__malloc_current_mallinfo
                0x20000c58       0x28 c:/maximsdk/tools/gnutools/10.3/bin/../lib/gcc/arm-none-eabi/10.3.1/../../../../arm-none-eabi/lib/thumb/v7e-m+fp/softfp\libc.a(lib_a-mallocr.o)
                0x20000c58                __malloc_current_mallinfo
 .bss.__malloc_max_sbrked_mem
                0x20000c80        0x4 c:/maximsdk/tools/gnutools/10.3/bin/../lib/gcc/arm-none-eabi/10.3.1/../../../../arm-none-eabi/lib/thumb/v7e-m+fp/softfp\libc.a(lib_a-mallocr.o)
                0x20000c80                __malloc_max_sbrked_mem
 .bss.__malloc_max_total_mem
                0x20000c84        0x4 c:/maximsdk/tools/gnutools/10.3/bin/../lib/gcc/arm-none-eabi/10.3.1/../../../../arm-none-eabi/lib/thumb/v7e-m+fp/softfp\libc.a(lib_a-mallocr.o)
                0x20000c84                __malloc_max_total_mem
 .bss.__malloc_top_pad
                0x20000c88        0x4 c:/maximsdk/tools/gnutools/10.3/bin/../lib/gcc/arm-none-eabi/10.3.1/../../../../arm-none-eabi/lib/thumb/v7e-m+fp/softfp\libc.a(lib_a-mallocr.o)
                0x20000c88                __malloc_top_pad
 .bss.errno     0x20000c8c        0x4 c:/maximsdk/tools/gnutools/10.3/bin/../lib/gcc/arm-none-eabi/10.3.1/../../../../arm-none-eabi/lib/thumb/v7e-m+fp/softfp\libc.a(lib_a-reent.o)
                0x20000c8c                errno
 *(COMMON)
                0x20000c90                _ebss = ALIGN (., 0x4)
                0x2008c000                __StackTop_Core1 = (ORIGIN (SRAM) + LENGTH (SRAM))
                0x2008c000                __StackLimit_Core1 = DEFINED (Stack_Size_Core1)?(__StackTop_Core1 - Stack_Size_Core1):__StackTop_Core1
                0x2008c000                __StackTop = DEFINED (Stack_Size_Core1)?__StackLimit_Core1:(ORIGIN (SRAM) + LENGTH (SRAM))
                0x2008b000                __StackLimit = (__StackTop - Stack_Size)

.heap           0x20000c90      0xc00
                0x20000c90                . = ALIGN (0x4)
 *(.heap*)
 .heap          0x20000c90      0xc00 c:/Users/ptcha/OneDrive/Documents/GitHub/CodePlayGround/SPIXF/build/startup_max32665.o
                0x20000c90                __HeapBase
                0x2008b000                __HeapLimit = ABSOLUTE (__StackLimit)
                0x2008c000                PROVIDE (__stack = __StackTop)
                0x00000001                ASSERT ((__StackLimit >= _ebss), region RAM overflowed with stack)
OUTPUT(c:/Users/ptcha/OneDrive/Documents/GitHub/CodePlayGround/SPIXF/build/SPIXF.elf elf32-littlearm)
LOAD linker stubs

.ARM.attributes
                0x00000000       0x2e
 .ARM.attributes
                0x00000000       0x1e c:/maximsdk/tools/gnutools/10.3/bin/../lib/gcc/arm-none-eabi/10.3.1/thumb/v7e-m+fp/softfp/crti.o
 .ARM.attributes
                0x0000001e       0x32 c:/maximsdk/tools/gnutools/10.3/bin/../lib/gcc/arm-none-eabi/10.3.1/thumb/v7e-m+fp/softfp/crtbegin.o
 .ARM.attributes
                0x00000050       0x32 c:/Users/ptcha/OneDrive/Documents/GitHub/CodePlayGround/SPIXF/build/Ext_Flash.o
 .ARM.attributes
                0x00000082       0x32 c:/Users/ptcha/OneDrive/Documents/GitHub/CodePlayGround/SPIXF/build/main.o
 .ARM.attributes
                0x000000b4       0x32 c:/Users/ptcha/OneDrive/Documents/GitHub/CodePlayGround/SPIXF/build/ramfunc.o
 .ARM.attributes
                0x000000e6       0x32 c:/Users/ptcha/OneDrive/Documents/GitHub/CodePlayGround/SPIXF/build/board.o
 .ARM.attributes
                0x00000118       0x32 c:/Users/ptcha/OneDrive/Documents/GitHub/CodePlayGround/SPIXF/build/stdio.o
 .ARM.attributes
                0x0000014a       0x32 c:/Users/ptcha/OneDrive/Documents/GitHub/CodePlayGround/SPIXF/build/led.o
 .ARM.attributes
                0x0000017c       0x32 c:/Users/ptcha/OneDrive/Documents/GitHub/CodePlayGround/SPIXF/build/pb.o
 .ARM.attributes
                0x000001ae       0x1b c:/Users/ptcha/OneDrive/Documents/GitHub/CodePlayGround/SPIXF/build/startup_max32665.o
 .ARM.attributes
                0x000001c9       0x32 c:/Users/ptcha/OneDrive/Documents/GitHub/CodePlayGround/SPIXF/build/heap.o
 .ARM.attributes
                0x000001fb       0x32 c:/Users/ptcha/OneDrive/Documents/GitHub/CodePlayGround/SPIXF/build/system_max32665.o
 .ARM.attributes
                0x0000022d       0x32 C:/MaximSDK/Libraries/PeriphDrivers/bin/MAX32665/softfp/libPeriphDriver_softfp.a(mxc_delay.o)
 .ARM.attributes
                0x0000025f       0x32 C:/MaximSDK/Libraries/PeriphDrivers/bin/MAX32665/softfp/libPeriphDriver_softfp.a(sys_me14.o)
 .ARM.attributes
                0x00000291       0x32 C:/MaximSDK/Libraries/PeriphDrivers/bin/MAX32665/softfp/libPeriphDriver_softfp.a(gpio_me14.o)
 .ARM.attributes
                0x000002c3       0x32 C:/MaximSDK/Libraries/PeriphDrivers/bin/MAX32665/softfp/libPeriphDriver_softfp.a(gpio_reva.o)
 .ARM.attributes
                0x000002f5       0x32 C:/MaximSDK/Libraries/PeriphDrivers/bin/MAX32665/softfp/libPeriphDriver_softfp.a(spixf_me14.o)
 .ARM.attributes
                0x00000327       0x32 C:/MaximSDK/Libraries/PeriphDrivers/bin/MAX32665/softfp/libPeriphDriver_softfp.a(spixf_reva.o)
 .ARM.attributes
                0x00000359       0x32 C:/MaximSDK/Libraries/PeriphDrivers/bin/MAX32665/softfp/libPeriphDriver_softfp.a(uart_me14.o)
 .ARM.attributes
                0x0000038b       0x32 C:/MaximSDK/Libraries/PeriphDrivers/bin/MAX32665/softfp/libPeriphDriver_softfp.a(uart_reva.o)
 .ARM.attributes
                0x000003bd       0x32 C:/MaximSDK/Libraries/PeriphDrivers/bin/MAX32665/softfp/libPeriphDriver_softfp.a(mxc_lock.o)
 .ARM.attributes
                0x000003ef       0x32 C:/MaximSDK/Libraries/PeriphDrivers/bin/MAX32665/softfp/libPeriphDriver_softfp.a(pins_me14.o)
 .ARM.attributes
                0x00000421       0x32 C:/MaximSDK/Libraries/PeriphDrivers/bin/MAX32665/softfp/libPeriphDriver_softfp.a(gpio_common.o)
 .ARM.attributes
                0x00000453       0x32 C:/MaximSDK/Libraries/PeriphDrivers/bin/MAX32665/softfp/libPeriphDriver_softfp.a(uart_common.o)
 .ARM.attributes
                0x00000485       0x32 c:/maximsdk/tools/gnutools/10.3/bin/../lib/gcc/arm-none-eabi/10.3.1/../../../../arm-none-eabi/lib/thumb/v7e-m+fp/softfp\libc.a(lib_a-errno.o)
 .ARM.attributes
                0x000004b7       0x32 c:/maximsdk/tools/gnutools/10.3/bin/../lib/gcc/arm-none-eabi/10.3.1/../../../../arm-none-eabi/lib/thumb/v7e-m+fp/softfp\libc.a(lib_a-impure.o)
 .ARM.attributes
                0x000004e9       0x32 c:/maximsdk/tools/gnutools/10.3/bin/../lib/gcc/arm-none-eabi/10.3.1/../../../../arm-none-eabi/lib/thumb/v7e-m+fp/softfp\libc.a(lib_a-init.o)
 .ARM.attributes
                0x0000051b       0x32 c:/maximsdk/tools/gnutools/10.3/bin/../lib/gcc/arm-none-eabi/10.3.1/../../../../arm-none-eabi/lib/thumb/v7e-m+fp/softfp\libc.a(lib_a-memcmp.o)
 .ARM.attributes
                0x0000054d       0x1c c:/maximsdk/tools/gnutools/10.3/bin/../lib/gcc/arm-none-eabi/10.3.1/../../../../arm-none-eabi/lib/thumb/v7e-m+fp/softfp\libc.a(lib_a-memcpy.o)
 .ARM.attributes
                0x00000569       0x32 c:/maximsdk/tools/gnutools/10.3/bin/../lib/gcc/arm-none-eabi/10.3.1/../../../../arm-none-eabi/lib/thumb/v7e-m+fp/softfp\libc.a(lib_a-memset.o)
 .ARM.attributes
                0x0000059b       0x32 c:/maximsdk/tools/gnutools/10.3/bin/../lib/gcc/arm-none-eabi/10.3.1/../../../../arm-none-eabi/lib/thumb/v7e-m+fp/softfp\libc.a(lib_a-printf.o)
 .ARM.attributes
                0x000005cd       0x32 c:/maximsdk/tools/gnutools/10.3/bin/../lib/gcc/arm-none-eabi/10.3.1/../../../../arm-none-eabi/lib/thumb/v7e-m+fp/softfp\libc.a(lib_a-putchar.o)
 .ARM.attributes
                0x000005ff       0x32 c:/maximsdk/tools/gnutools/10.3/bin/../lib/gcc/arm-none-eabi/10.3.1/../../../../arm-none-eabi/lib/thumb/v7e-m+fp/softfp\libc.a(lib_a-puts.o)
 .ARM.attributes
                0x00000631       0x1c c:/maximsdk/tools/gnutools/10.3/bin/../lib/gcc/arm-none-eabi/10.3.1/../../../../arm-none-eabi/lib/thumb/v7e-m+fp/softfp\libc.a(lib_a-strlen.o)
 .ARM.attributes
                0x0000064d       0x32 c:/maximsdk/tools/gnutools/10.3/bin/../lib/gcc/arm-none-eabi/10.3.1/../../../../arm-none-eabi/lib/thumb/v7e-m+fp/softfp\libc.a(lib_a-vfprintf.o)
 .ARM.attributes
                0x0000067f       0x32 c:/maximsdk/tools/gnutools/10.3/bin/../lib/gcc/arm-none-eabi/10.3.1/../../../../arm-none-eabi/lib/thumb/v7e-m+fp/softfp\libc.a(lib_a-wsetup.o)
 .ARM.attributes
                0x000006b1       0x32 c:/maximsdk/tools/gnutools/10.3/bin/../lib/gcc/arm-none-eabi/10.3.1/../../../../arm-none-eabi/lib/thumb/v7e-m+fp/softfp\libc.a(lib_a-__call_atexit.o)
 .ARM.attributes
                0x000006e3       0x32 c:/maximsdk/tools/gnutools/10.3/bin/../lib/gcc/arm-none-eabi/10.3.1/../../../../arm-none-eabi/lib/thumb/v7e-m+fp/softfp\libc.a(lib_a-atexit.o)
 .ARM.attributes
                0x00000715       0x32 c:/maximsdk/tools/gnutools/10.3/bin/../lib/gcc/arm-none-eabi/10.3.1/../../../../arm-none-eabi/lib/thumb/v7e-m+fp/softfp\libc.a(lib_a-dtoa.o)
 .ARM.attributes
                0x00000747       0x32 c:/maximsdk/tools/gnutools/10.3/bin/../lib/gcc/arm-none-eabi/10.3.1/../../../../arm-none-eabi/lib/thumb/v7e-m+fp/softfp\libc.a(lib_a-fflush.o)
 .ARM.attributes
                0x00000779       0x32 c:/maximsdk/tools/gnutools/10.3/bin/../lib/gcc/arm-none-eabi/10.3.1/../../../../arm-none-eabi/lib/thumb/v7e-m+fp/softfp\libc.a(lib_a-findfp.o)
 .ARM.attributes